Archive member included to satisfy reference by file (symbol)

../app/libapp.a(main.c.obj)   (--whole-archive)
libzephyr.a(crc32_sw.c.obj)   (--whole-archive)
libzephyr.a(crc16_sw.c.obj)   (--whole-archive)
libzephyr.a(crc8_sw.c.obj)    (--whole-archive)
libzephyr.a(crc7_sw.c.obj)    (--whole-archive)
libzephyr.a(dec.c.obj)        (--whole-archive)
libzephyr.a(fdtable.c.obj)    (--whole-archive)
libzephyr.a(hex.c.obj)        (--whole-archive)
libzephyr.a(mempool.c.obj)    (--whole-archive)
libzephyr.a(notify.c.obj)     (--whole-archive)
libzephyr.a(printk.c.obj)     (--whole-archive)
libzephyr.a(onoff.c.obj)      (--whole-archive)
libzephyr.a(rb.c.obj)         (--whole-archive)
libzephyr.a(sem.c.obj)        (--whole-archive)
libzephyr.a(thread_entry.c.obj)
                              (--whole-archive)
libzephyr.a(timeutil.c.obj)   (--whole-archive)
libzephyr.a(work_q.c.obj)     (--whole-archive)
libzephyr.a(heap.c.obj)       (--whole-archive)
libzephyr.a(heap-validate.c.obj)
                              (--whole-archive)
libzephyr.a(mutex.c.obj)      (--whole-archive)
libzephyr.a(configs.c.obj)    (--whole-archive)
libzephyr.a(validate_base_addresses.c.obj)
                              (--whole-archive)
libzephyr.a(validate_enabled_instances.c.obj)
                              (--whole-archive)
libzephyr.a(power.c.obj)      (--whole-archive)
libzephyr.a(policy_residency.c.obj)
                              (--whole-archive)
libzephyr.a(uart_console.c.obj)
                              (--whole-archive)
libzephyr.a(nrf_power_clock.c.obj)
                              (--whole-archive)
libzephyr.a(sys_clock_init.c.obj)
                              (--whole-archive)
libzephyr.a(nrf_rtc_timer.c.obj)
                              (--whole-archive)
libzephyr.a(SEGGER_RTT.c.obj)
                              (--whole-archive)
libzephyr.a(SEGGER_RTT_zephyr.c.obj)
                              (--whole-archive)
arch/common/libarch__common.a(isr_tables.c.obj)
                              (--whole-archive)
arch/common/libarch__common.a(sw_isr_common.c.obj)
                              (--whole-archive)
arch/arch/arm/core/aarch32/libarch__arm__core__aarch32.a(swap.c.obj)
                              (--whole-archive)
arch/arch/arm/core/aarch32/libarch__arm__core__aarch32.a(swap_helper.S.obj)
                              (--whole-archive)
arch/arch/arm/core/aarch32/libarch__arm__core__aarch32.a(irq_manage.c.obj)
                              (--whole-archive)
arch/arch/arm/core/aarch32/libarch__arm__core__aarch32.a(thread.c.obj)
                              (--whole-archive)
arch/arch/arm/core/aarch32/libarch__arm__core__aarch32.a(cpu_idle.S.obj)
                              (--whole-archive)
arch/arch/arm/core/aarch32/libarch__arm__core__aarch32.a(fatal.c.obj)
                              (--whole-archive)
arch/arch/arm/core/aarch32/libarch__arm__core__aarch32.a(nmi.c.obj)
                              (--whole-archive)
arch/arch/arm/core/aarch32/libarch__arm__core__aarch32.a(nmi_on_reset.S.obj)
                              (--whole-archive)
arch/arch/arm/core/aarch32/libarch__arm__core__aarch32.a(prep_c.c.obj)
                              (--whole-archive)
arch/arch/arm/core/aarch32/libarch__arm__core__aarch32.a(isr_wrapper.S.obj)
                              (--whole-archive)
arch/arch/arm/core/aarch32/libarch__arm__core__aarch32.a(userspace.S.obj)
                              (--whole-archive)
arch/arch/arm/core/aarch32/cortex_m/libarch__arm__core__aarch32__cortex_m.a(vector_table.S.obj)
                              (--whole-archive)
arch/arch/arm/core/aarch32/cortex_m/libarch__arm__core__aarch32__cortex_m.a(reset.S.obj)
                              (--whole-archive)
arch/arch/arm/core/aarch32/cortex_m/libarch__arm__core__aarch32__cortex_m.a(fault_s.S.obj)
                              (--whole-archive)
arch/arch/arm/core/aarch32/cortex_m/libarch__arm__core__aarch32__cortex_m.a(fault.c.obj)
                              (--whole-archive)
arch/arch/arm/core/aarch32/cortex_m/libarch__arm__core__aarch32__cortex_m.a(exc_exit.S.obj)
                              (--whole-archive)
arch/arch/arm/core/aarch32/cortex_m/libarch__arm__core__aarch32__cortex_m.a(scb.c.obj)
                              (--whole-archive)
arch/arch/arm/core/aarch32/cortex_m/libarch__arm__core__aarch32__cortex_m.a(irq_init.c.obj)
                              (--whole-archive)
arch/arch/arm/core/aarch32/cortex_m/libarch__arm__core__aarch32__cortex_m.a(thread_abort.c.obj)
                              (--whole-archive)
arch/arch/arm/core/aarch32/cortex_m/mpu/libarch__arm__core__aarch32__cortex_m__mpu.a(arm_core_mpu.c.obj)
                              (--whole-archive)
arch/arch/arm/core/aarch32/cortex_m/mpu/libarch__arm__core__aarch32__cortex_m__mpu.a(arm_mpu.c.obj)
                              (--whole-archive)
lib/libc/minimal/liblib__libc__minimal.a(atoi.c.obj)
                              (--whole-archive)
[...]
Memory Configuration

Name             Origin             Length             Attributes
FLASH            0x0000000000000000 0x0000000000080000 xr
SRAM             0x0000000020000000 0x0000000000010000 xw
IDT_LIST         0x0000000020010000 0x0000000000000800 xw
*default*        0x0000000000000000 0xffffffffffffffff

Linker script and memory map

LOAD CMakeFiles/app_smem_unaligned_prebuilt.dir/misc/empty_file.c.obj
                0x0000000000000020                _region_min_align = 0x20

.rel.plt        0x0000000000000000        0x0
 *(SORT_BY_ALIGNMENT(.rel.plt))
                [!provide]                        PROVIDE (__rel_iplt_start = .)
 *(SORT_BY_ALIGNMENT(.rel.iplt))
 .rel.iplt      0x0000000000000000        0x0 ../app/libapp.a(main.c.obj)
                [!provide]                        PROVIDE (__rel_iplt_end = .)

.rela.plt       0x0000000000000000        0x0
 *(SORT_BY_ALIGNMENT(.rela.plt))
                [!provide]                        PROVIDE (__rela_iplt_start = .)
 *(SORT_BY_ALIGNMENT(.rela.iplt))
                [!provide]                        PROVIDE (__rela_iplt_end = .)

.rel.dyn
 *(SORT_BY_ALIGNMENT(.rel.*))

.rela.dyn
 *(SORT_BY_ALIGNMENT(.rela.*))

/DISCARD/
 *(SORT_BY_ALIGNMENT(.plt))
 *(SORT_BY_ALIGNMENT(.iplt))
 *(SORT_BY_ALIGNMENT(.got.plt))
 *(SORT_BY_ALIGNMENT(.igot.plt))
 *(SORT_BY_ALIGNMENT(.got))
 *(SORT_BY_ALIGNMENT(.igot))
 *(SORT_BY_ALIGNMENT(.note.GNU-stack))
                0x0000000000000000                _image_rom_start = 0x0

rom_start       0x0000000000000000       0xdc
                0x0000000000000000                . = 0x0
                0x0000000000000000                . = ALIGN (0x4)
                0x0000000000000000                . = ALIGN (0x80)
                0x0000000000000000                . = ALIGN (0x100)
                0x0000000000000000                _vector_start = .
 *(SORT_BY_ALIGNMENT(.exc_vector_table))
 *(SORT_BY_ALIGNMENT(.exc_vector_table.*))
 .exc_vector_table._vector_table_section
                0x0000000000000000       0x40 arch/arch/arm/core/aarch32/cortex_m/libarch__arm__core__aarch32__cortex_m.a(vector_table.S.obj)
                0x0000000000000000                _vector_table
 *(SORT_BY_ALIGNMENT(.gnu.linkonce.irq_vector_table))
 .gnu.linkonce.irq_vector_table
                0x0000000000000040       0x9c arch/common/libarch__common.a(isr_tables.c.obj)
                0x0000000000000040                _irq_vector_table
 *(SORT_BY_ALIGNMENT(.vectors))
                0x00000000000000dc                _vector_end = .
 *(SORT_BY_ALIGNMENT(.openocd_dbg))
 *(SORT_BY_ALIGNMENT(.openocd_dbg.*))

text            0x00000000000000dc     0x6fa6
                0x00000000000000dc                _image_text_start = .
                0x00000000000000dc                _kobject_text_area_start = .
 *(SORT_BY_ALIGNMENT(.kobject_data.text*))
                0x00000000000000dc                _kobject_text_area_end = .
                0x00000000000000dc                _kobject_text_area_used = (_kobject_text_area_end - _kobject_text_area_start)
                0x00000000000000dc                PROVIDE (z_object_find = .)
                0x00000000000000dc                PROVIDE (z_object_wordlist_foreach = .)
                0x00000000000001dc                . = MAX (., (_kobject_text_area_start + 0x100))
 *fill*         0x00000000000000dc      0x100 
                0x0000000000000001                ASSERT ((0x100 >= _kobject_text_area_used), The configuration system has incorrectly set
'CONFIG_KOBJECT_TEXT_AREA' to
256, which is not big enough. You must
through Kconfig either disable 'CONFIG_USERSPACE', or set
'CONFIG_KOBJECT_TEXT_AREA' to a value larger than
256 .)
 *(SORT_BY_ALIGNMENT(.text))
 .text          0x00000000000001dc       0x30 /home/huynhtai/Downloads/ebook_RTOS/Zephyr_SDK/arm-zephyr-eabi/bin/../lib/gcc/arm-zephyr-eabi/9.2.0/thumb/v7e-m/nofp/libgcc.a(_aeabi_uldivmod.o)
                0x00000000000001dc                __aeabi_uldivmod
 .text          0x000000000000020c      0x2c4 /home/huynhtai/Downloads/ebook_RTOS/Zephyr_SDK/arm-zephyr-eabi/bin/../lib/gcc/arm-zephyr-eabi/9.2.0/thumb/v7e-m/nofp/libgcc.a(_udivmoddi4.o)
                0x000000000000020c                __udivmoddi4
 .text          0x00000000000004d0        0x4 /home/huynhtai/Downloads/ebook_RTOS/Zephyr_SDK/arm-zephyr-eabi/bin/../lib/gcc/arm-zephyr-eabi/9.2.0/thumb/v7e-m/nofp/libgcc.a(_dvmd_tls.o)
                0x00000000000004d0                __aeabi_ldiv0
                0x00000000000004d0                __aeabi_idiv0
 *(SORT_BY_ALIGNMENT(.text.*))
 .text.k_stack_pop.constprop.0
                0x00000000000004d4       0x2c ../app/libapp.a(main.c.obj)
 .text.my_expiry_function
                0x0000000000000500       0x30 ../app/libapp.a(main.c.obj)
                0x0000000000000500                my_expiry_function
 .text.thread_b
                0x0000000000000530       0x28 ../app/libapp.a(main.c.obj)
                0x0000000000000530                thread_b
 .text.thread_a
                0x0000000000000558       0x2c ../app/libapp.a(main.c.obj)
                0x0000000000000558                thread_a
 .text.device_get_binding.constprop.0
                0x0000000000000584       0x24 ../app/libapp.a(main.c.obj)
 .text.k_stack_push.constprop.0
                0x00000000000005a8       0x24 ../app/libapp.a(main.c.obj)
 .text.print_workqueue
                0x00000000000005cc       0x58 ../app/libapp.a(main.c.obj)
                0x00000000000005cc                print_workqueue
 .text.k_busy_wait.constprop.0
                0x0000000000000624       0x24 ../app/libapp.a(main.c.obj)
 .text.Thread_receive
                0x0000000000000648       0x54 ../app/libapp.a(main.c.obj)
                0x0000000000000648                Thread_receive
 .text.Thread_send
                0x000000000000069c       0x5c ../app/libapp.a(main.c.obj)
                0x000000000000069c                Thread_send
 .text.main     0x00000000000006f8      0x290 ../app/libapp.a(main.c.obj)
                0x00000000000006f8                main
 .text.print_digits
                0x0000000000000988       0x98 libzephyr.a(printk.c.obj)
 .text.char_out
                0x0000000000000a20       0x10 libzephyr.a(printk.c.obj)
 .text.__printk_hook_install
                0x0000000000000a30        0xc libzephyr.a(printk.c.obj)
                0x0000000000000a30                __printk_hook_install
 .text.z_vprintk
                0x0000000000000a3c      0x23c libzephyr.a(printk.c.obj)
                0x0000000000000a3c                z_vprintk
 .text.z_impl_k_str_out
                0x0000000000000c78       0x1c libzephyr.a(printk.c.obj)
                0x0000000000000c78                z_impl_k_str_out
 .text.vprintk  0x0000000000000c94       0x4c libzephyr.a(printk.c.obj)
                0x0000000000000c94                vprintk
 .text.z_mrsh_k_str_out
                0x0000000000000ce0       0x40 libzephyr.a(printk.c.obj)
                0x0000000000000ce0                z_mrsh_k_str_out
 .text.process_event
                0x0000000000000d20      0x1dc libzephyr.a(onoff.c.obj)
 .text.z_mrsh_z_sys_mutex_kernel_lock
                0x0000000000000efc       0x40 libzephyr.a(mutex.c.obj)
                0x0000000000000efc                z_mrsh_z_sys_mutex_kernel_lock
 .text.z_impl_z_sys_mutex_kernel_unlock
                0x0000000000000f3c       0x4c libzephyr.a(mutex.c.obj)
                0x0000000000000f3c                z_impl_z_sys_mutex_kernel_unlock
 .text.z_mrsh_z_sys_mutex_kernel_unlock
                0x0000000000000f88       0x38 libzephyr.a(mutex.c.obj)
                0x0000000000000f88                z_mrsh_z_sys_mutex_kernel_unlock
 .text.console_out
                0x0000000000000fc0       0x24 libzephyr.a(uart_console.c.obj)
 .text.uart_console_init
                0x0000000000000fe4       0x44 libzephyr.a(uart_console.c.obj)
 .text.onoff_stop
                0x0000000000001028       0x48 libzephyr.a(nrf_power_clock.c.obj)
 .text.onoff_start
                0x0000000000001070       0x5c libzephyr.a(nrf_power_clock.c.obj)
 .text.clk_init
                0x00000000000010cc       0x50 libzephyr.a(nrf_power_clock.c.obj)
 .text.clkstarted_handle.constprop.0
                0x000000000000111c       0x38 libzephyr.a(nrf_power_clock.c.obj)
 .text.generic_hfclk_start
                0x0000000000001154       0x68 libzephyr.a(nrf_power_clock.c.obj)
 .text.lfclk_stop
                0x00000000000011bc       0x20 libzephyr.a(nrf_power_clock.c.obj)
 .text.generic_hfclk_stop
                0x00000000000011dc       0x44 libzephyr.a(nrf_power_clock.c.obj)
 .text.lfclk_start
                0x0000000000001220       0x38 libzephyr.a(nrf_power_clock.c.obj)
 .text.api_blocking_start
                0x0000000000001258       0x50 libzephyr.a(nrf_power_clock.c.obj)
 .text.nrf_power_clock_isr
                0x00000000000012a8       0x74 libzephyr.a(nrf_power_clock.c.obj)
                0x00000000000012a8                nrf_power_clock_isr
 .text.z_nrf_clock_control_lf_on
                0x000000000000131c       0x54 libzephyr.a(nrf_power_clock.c.obj)
                0x000000000000131c                z_nrf_clock_control_lf_on
 .text.handle_next_cycle_case
                0x0000000000001370       0x28 libzephyr.a(nrf_rtc_timer.c.obj)
 .text.event_clear
                0x0000000000001398       0x18 libzephyr.a(nrf_rtc_timer.c.obj)
 .text.rtc_nrf_isr
                0x00000000000013b0       0x2c libzephyr.a(nrf_rtc_timer.c.obj)
                0x00000000000013b0                rtc_nrf_isr
 .text.z_clock_driver_init
                0x00000000000013dc       0x50 libzephyr.a(nrf_rtc_timer.c.obj)
                0x00000000000013dc                z_clock_driver_init
 .text.z_clock_set_timeout
                0x000000000000142c       0xd8 libzephyr.a(nrf_rtc_timer.c.obj)
                0x000000000000142c                z_clock_set_timeout
 .text.z_clock_elapsed
                0x0000000000001504       0x34 libzephyr.a(nrf_rtc_timer.c.obj)
                0x0000000000001504                z_clock_elapsed
 .text._DoInit  0x0000000000001538       0x60 libzephyr.a(SEGGER_RTT.c.obj)
 .text.arch_swap
                0x0000000000001598       0x38 arch/arch/arm/core/aarch32/libarch__arm__core__aarch32.a(swap.c.obj)
                0x0000000000001598                arch_swap
 .text.z_arm_pendsv
                0x00000000000015d0       0x70 arch/arch/arm/core/aarch32/libarch__arm__core__aarch32.a(swap_helper.S.obj)
                0x00000000000015d0                z_arm_pendsv
 .text.z_arm_svc
                0x0000000000001640       0x70 arch/arch/arm/core/aarch32/libarch__arm__core__aarch32.a(swap_helper.S.obj)
                0x0000000000001640                z_arm_svc
 .text.arch_irq_enable
                0x00000000000016b0       0x20 arch/arch/arm/core/aarch32/libarch__arm__core__aarch32.a(irq_manage.c.obj)
                0x00000000000016b0                arch_irq_enable
 .text.z_arm_irq_priority_set
                0x00000000000016d0       0x30 arch/arch/arm/core/aarch32/libarch__arm__core__aarch32.a(irq_manage.c.obj)
                0x00000000000016d0                z_arm_irq_priority_set
 .text.arch_user_mode_enter
                0x0000000000001700       0x38 arch/arch/arm/core/aarch32/libarch__arm__core__aarch32.a(thread.c.obj)
                0x0000000000001700                arch_user_mode_enter
 .text.arch_new_thread
                0x0000000000001738       0x50 arch/arch/arm/core/aarch32/libarch__arm__core__aarch32.a(thread.c.obj)
                0x0000000000001738                arch_new_thread
 .text.z_check_thread_stack_fail
                0x0000000000001788       0x48 arch/arch/arm/core/aarch32/libarch__arm__core__aarch32.a(thread.c.obj)
                0x0000000000001788                z_check_thread_stack_fail
 .text.arch_switch_to_main_thread
                0x00000000000017d0       0x34 arch/arch/arm/core/aarch32/libarch__arm__core__aarch32.a(thread.c.obj)
                0x00000000000017d0                arch_switch_to_main_thread
 .text.z_arm_cpu_idle_init
                0x0000000000001804        0xc arch/arch/arm/core/aarch32/libarch__arm__core__aarch32.a(cpu_idle.S.obj)
                0x0000000000001804                z_arm_cpu_idle_init
 .text.arch_cpu_idle
                0x0000000000001810       0x1c arch/arch/arm/core/aarch32/libarch__arm__core__aarch32.a(cpu_idle.S.obj)
                0x0000000000001810                arch_cpu_idle
 .text.z_SysNmiOnReset
                0x000000000000182c        0x8 arch/arch/arm/core/aarch32/libarch__arm__core__aarch32.a(nmi_on_reset.S.obj)
                0x000000000000182c                z_SysNmiOnReset
 .text.z_arm_prep_c
                0x0000000000001834       0x44 arch/arch/arm/core/aarch32/libarch__arm__core__aarch32.a(prep_c.c.obj)
                0x0000000000001834                z_arm_prep_c
 .text._isr_wrapper
                0x0000000000001878       0x40 arch/arch/arm/core/aarch32/libarch__arm__core__aarch32.a(isr_wrapper.S.obj)
                0x0000000000001878                _isr_wrapper
 .text.z_arm_userspace_enter
                0x00000000000018b8       0x84 arch/arch/arm/core/aarch32/libarch__arm__core__aarch32.a(userspace.S.obj)
                0x00000000000018b8                z_arm_userspace_enter
 .text.z_arm_do_syscall
                0x000000000000193c       0x94 arch/arch/arm/core/aarch32/libarch__arm__core__aarch32.a(userspace.S.obj)
                0x000000000000193c                z_arm_do_syscall
 .text.arch_user_string_nlen
                0x00000000000019d0       0x24 arch/arch/arm/core/aarch32/libarch__arm__core__aarch32.a(userspace.S.obj)
                0x00000000000019d0                arch_user_string_nlen
                0x00000000000019da                z_arm_user_string_nlen_fault_start
                0x00000000000019dc                z_arm_user_string_nlen_fault_end
                0x00000000000019ec                z_arm_user_string_nlen_fixup
 .text._reset_section
                0x00000000000019f4       0x30 arch/arch/arm/core/aarch32/cortex_m/libarch__arm__core__aarch32__cortex_m.a(reset.S.obj)
                0x00000000000019f4                z_arm_reset
                0x00000000000019f4                __start
 .text.__fault  0x0000000000001a24       0x14 arch/arch/arm/core/aarch32/cortex_m/libarch__arm__core__aarch32__cortex_m.a(fault_s.S.obj)
                0x0000000000001a24                z_arm_bus_fault
                0x0000000000001a24                z_arm_usage_fault
                0x0000000000001a24                z_arm_mpu_fault
                0x0000000000001a24                z_arm_exc_spurious
                0x0000000000001a24                z_arm_debug_monitor
                0x0000000000001a24                z_arm_hard_fault
 .text.mem_manage_fault
                0x0000000000001a38       0xbc arch/arch/arm/core/aarch32/cortex_m/libarch__arm__core__aarch32__cortex_m.a(fault.c.obj)
 .text.usage_fault.isra.0
                0x0000000000001af4       0x5c arch/arch/arm/core/aarch32/cortex_m/libarch__arm__core__aarch32__cortex_m.a(fault.c.obj)
 .text.bus_fault
                0x0000000000001b50       0x9c arch/arch/arm/core/aarch32/cortex_m/libarch__arm__core__aarch32__cortex_m.a(fault.c.obj)
 .text.z_arm_fault
                0x0000000000001bec      0x104 arch/arch/arm/core/aarch32/cortex_m/libarch__arm__core__aarch32__cortex_m.a(fault.c.obj)
                0x0000000000001bec                z_arm_fault
 .text.z_arm_fault_init
                0x0000000000001cf0       0x10 arch/arch/arm/core/aarch32/cortex_m/libarch__arm__core__aarch32__cortex_m.a(fault.c.obj)
                0x0000000000001cf0                z_arm_fault_init
 .text._HandlerModeExit
                0x0000000000001d00       0x1c arch/arch/arm/core/aarch32/cortex_m/libarch__arm__core__aarch32__cortex_m.a(exc_exit.S.obj)
                0x0000000000001d00                z_arm_exc_exit
                0x0000000000001d00                z_arm_int_exit
 .text.z_arm_interrupt_init
                0x0000000000001d1c       0x18 arch/arch/arm/core/aarch32/cortex_m/libarch__arm__core__aarch32__cortex_m.a(irq_init.c.obj)
                0x0000000000001d1c                z_arm_interrupt_init
 .text.z_impl_k_thread_abort
                0x0000000000001d34       0x4c arch/arch/arm/core/aarch32/cortex_m/libarch__arm__core__aarch32__cortex_m.a(thread_abort.c.obj)
                0x0000000000001d34                z_impl_k_thread_abort
 .text.z_arm_configure_static_mpu_regions
                0x0000000000001d80       0x38 arch/arch/arm/core/aarch32/cortex_m/mpu/libarch__arm__core__aarch32__cortex_m__mpu.a(arm_core_mpu.c.obj)
                0x0000000000001d80                z_arm_configure_static_mpu_regions
 .text.z_arm_configure_dynamic_mpu_regions
                0x0000000000001db8       0x80 arch/arch/arm/core/aarch32/cortex_m/mpu/libarch__arm__core__aarch32__cortex_m__mpu.a(arm_core_mpu.c.obj)
                0x0000000000001db8                z_arm_configure_dynamic_mpu_regions
 .text.arch_mem_domain_thread_add
                0x0000000000001e38       0x14 arch/arch/arm/core/aarch32/cortex_m/mpu/libarch__arm__core__aarch32__cortex_m__mpu.a(arm_core_mpu.c.obj)
                0x0000000000001e38                arch_mem_domain_thread_add
 .text.is_enabled_region
                0x0000000000001e4c       0x28 arch/arch/arm/core/aarch32/cortex_m/mpu/libarch__arm__core__aarch32__cortex_m__mpu.a(arm_mpu.c.obj)
 .text.mpu_configure_region
                0x0000000000001e74       0x64 arch/arch/arm/core/aarch32/cortex_m/mpu/libarch__arm__core__aarch32__cortex_m__mpu.a(arm_mpu.c.obj)
 .text.arm_core_mpu_enable
                0x0000000000001ed8       0x14 arch/arch/arm/core/aarch32/cortex_m/mpu/libarch__arm__core__aarch32__cortex_m__mpu.a(arm_mpu.c.obj)
                0x0000000000001ed8                arm_core_mpu_enable
 .text.arm_core_mpu_disable
                0x0000000000001eec       0x10 arch/arch/arm/core/aarch32/cortex_m/mpu/libarch__arm__core__aarch32__cortex_m__mpu.a(arm_mpu.c.obj)
                0x0000000000001eec                arm_core_mpu_disable
 .text.arm_mpu_init
                0x0000000000001efc       0x64 arch/arch/arm/core/aarch32/cortex_m/mpu/libarch__arm__core__aarch32__cortex_m__mpu.a(arm_mpu.c.obj)
 .text.arm_core_mpu_get_max_available_dyn_regions
                0x0000000000001f60       0x10 arch/arch/arm/core/aarch32/cortex_m/mpu/libarch__arm__core__aarch32__cortex_m__mpu.a(arm_mpu.c.obj)
                0x0000000000001f60                arm_core_mpu_get_max_available_dyn_regions
 .text.arm_core_mpu_buffer_validate
                0x0000000000001f70       0xa8 arch/arch/arm/core/aarch32/cortex_m/mpu/libarch__arm__core__aarch32__cortex_m__mpu.a(arm_mpu.c.obj)
                0x0000000000001f70                arm_core_mpu_buffer_validate
 .text.arm_core_mpu_configure_static_mpu_regions
                0x0000000000002018       0x4c arch/arch/arm/core/aarch32/cortex_m/mpu/libarch__arm__core__aarch32__cortex_m__mpu.a(arm_mpu.c.obj)
                0x0000000000002018                arm_core_mpu_configure_static_mpu_regions
 .text.arm_core_mpu_configure_dynamic_mpu_regions
                0x0000000000002064       0x4c arch/arch/arm/core/aarch32/cortex_m/mpu/libarch__arm__core__aarch32__cortex_m__mpu.a(arm_mpu.c.obj)
                0x0000000000002064                arm_core_mpu_configure_dynamic_mpu_regions
 .text.__stdout_hook_install
                0x00000000000020b0        0xc lib/libc/minimal/liblib__libc__minimal.a(stdout_console.c.obj)
                0x00000000000020b0                __stdout_hook_install
 .text.z_impl_zephyr_fputc
                0x00000000000020bc       0x14 lib/libc/minimal/liblib__libc__minimal.a(stdout_console.c.obj)
                0x00000000000020bc                z_impl_zephyr_fputc
 .text.z_mrsh_zephyr_fputc
                0x00000000000020d0       0x20 lib/libc/minimal/liblib__libc__minimal.a(stdout_console.c.obj)
                0x00000000000020d0                z_mrsh_zephyr_fputc
 .text.z_impl_zephyr_fwrite
                0x00000000000020f0       0x48 lib/libc/minimal/liblib__libc__minimal.a(stdout_console.c.obj)
                0x00000000000020f0                z_impl_zephyr_fwrite
 .text.z_mrsh_zephyr_fwrite
                0x0000000000002138       0x54 lib/libc/minimal/liblib__libc__minimal.a(stdout_console.c.obj)
                0x0000000000002138                z_mrsh_zephyr_fwrite
 .text.nordicsemi_nrf52_init
                0x000000000000218c       0x30 soc/arm/nordic_nrf/nrf52/libsoc__arm__nordic_nrf__nrf52.a(soc.c.obj)
 .text.arch_busy_wait
                0x00000000000021bc       0x14 soc/arm/nordic_nrf/nrf52/libsoc__arm__nordic_nrf__nrf52.a(soc.c.obj)
                0x00000000000021bc                arch_busy_wait
 .text.gpio_nrfx_init
                0x00000000000021d0       0x30 drivers/gpio/libdrivers__gpio.a(gpio_nrfx.c.obj)
 .text.gpio_nrfx_config
                0x0000000000002200       0xbc drivers/gpio/libdrivers__gpio.a(gpio_nrfx.c.obj)
 .text.gpio_nrfx_pin_interrupt_configure
                0x00000000000022bc      0x1e4 drivers/gpio/libdrivers__gpio.a(gpio_nrfx.c.obj)
 .text.gpiote_event_handler
                0x00000000000024a0      0x148 drivers/gpio/libdrivers__gpio.a(gpio_nrfx.c.obj)
 .text.z_mrsh_gpio_config
                0x00000000000025e8       0x58 drivers/gpio/libdrivers__gpio.a(gpio_handlers.c.obj)
                0x00000000000025e8                z_mrsh_gpio_config
 .text.z_mrsh_gpio_port_get_raw
                0x0000000000002640       0x64 drivers/gpio/libdrivers__gpio.a(gpio_handlers.c.obj)
                0x0000000000002640                z_mrsh_gpio_port_get_raw
 .text.z_mrsh_gpio_port_set_masked_raw
                0x00000000000026a4       0x58 drivers/gpio/libdrivers__gpio.a(gpio_handlers.c.obj)
                0x00000000000026a4                z_mrsh_gpio_port_set_masked_raw
 .text.z_mrsh_gpio_port_set_bits_raw
                0x00000000000026fc       0x4c drivers/gpio/libdrivers__gpio.a(gpio_handlers.c.obj)
                0x00000000000026fc                z_mrsh_gpio_port_set_bits_raw
 .text.z_mrsh_gpio_port_clear_bits_raw
                0x0000000000002748       0x4c drivers/gpio/libdrivers__gpio.a(gpio_handlers.c.obj)
                0x0000000000002748                z_mrsh_gpio_port_clear_bits_raw
 .text.z_mrsh_gpio_port_toggle_bits
                0x0000000000002794       0x4c drivers/gpio/libdrivers__gpio.a(gpio_handlers.c.obj)
                0x0000000000002794                z_mrsh_gpio_port_toggle_bits
 .text.z_mrsh_gpio_pin_interrupt_configure
                0x00000000000027e0       0x70 drivers/gpio/libdrivers__gpio.a(gpio_handlers.c.obj)
                0x00000000000027e0                z_mrsh_gpio_pin_interrupt_configure
 .text.z_mrsh_gpio_get_pending_int
                0x0000000000002850       0x48 drivers/gpio/libdrivers__gpio.a(gpio_handlers.c.obj)
                0x0000000000002850                z_mrsh_gpio_get_pending_int
 .text.uart_nrfx_err_check
                0x0000000000002898       0x10 drivers/serial/libdrivers__serial.a(uart_nrfx_uart.c.obj)
 .text.uart_nrfx_configure
                0x00000000000028a8      0x164 drivers/serial/libdrivers__serial.a(uart_nrfx_uart.c.obj)
 .text.uart_nrfx_poll_in
                0x0000000000002a0c       0x2c drivers/serial/libdrivers__serial.a(uart_nrfx_uart.c.obj)
 .text.uart_nrfx_poll_out
                0x0000000000002a38       0x88 drivers/serial/libdrivers__serial.a(uart_nrfx_uart.c.obj)
 .text.uart_nrfx_init
                0x0000000000002ac0       0x6c drivers/serial/libdrivers__serial.a(uart_nrfx_uart.c.obj)
 .text.z_mrsh_uart_err_check
                0x0000000000002b2c       0x48 drivers/serial/libdrivers__serial.a(uart_handlers.c.obj)
                0x0000000000002b2c                z_mrsh_uart_err_check
 .text.z_mrsh_uart_poll_in
                0x0000000000002b74       0x64 drivers/serial/libdrivers__serial.a(uart_handlers.c.obj)
                0x0000000000002b74                z_mrsh_uart_poll_in
 .text.z_mrsh_uart_poll_out
                0x0000000000002bd8       0x4c drivers/serial/libdrivers__serial.a(uart_handlers.c.obj)
                0x0000000000002bd8                z_mrsh_uart_poll_out
 .text.z_mrsh_uart_config_get
                0x0000000000002c24       0x70 drivers/serial/libdrivers__serial.a(uart_handlers.c.obj)
                0x0000000000002c24                z_mrsh_uart_config_get
 .text.z_mrsh_uart_configure
                0x0000000000002c94       0x70 drivers/serial/libdrivers__serial.a(uart_handlers.c.obj)
                0x0000000000002c94                z_mrsh_uart_configure
 .text.nrf52_errata_12
                0x0000000000002d04       0x40 ../modules/nordic/lib..__modules__hal__nordic.a(system_nrf52.c.obj)
 .text.nrf52_errata_16
                0x0000000000002d44       0x2c ../modules/nordic/lib..__modules__hal__nordic.a(system_nrf52.c.obj)
 .text.SystemInit
                0x0000000000002d70      0x260 ../modules/nordic/lib..__modules__hal__nordic.a(system_nrf52.c.obj)
                0x0000000000002d70                SystemInit
 .text.z_sys_init_run_level
                0x0000000000002fd0       0x34 kernel/libkernel.a(device.c.obj)
                0x0000000000002fd0                z_sys_init_run_level
 .text.z_impl_device_get_binding
                0x0000000000003004       0x48 kernel/libkernel.a(device.c.obj)
                0x0000000000003004                z_impl_device_get_binding
 .text.z_mrsh_device_get_binding
                0x000000000000304c       0x34 kernel/libkernel.a(device.c.obj)
                0x000000000000304c                z_mrsh_device_get_binding
 .text.z_mrsh_z_errno
                0x0000000000003080       0x14 kernel/libkernel.a(errno.c.obj)
                0x0000000000003080                z_mrsh_z_errno
 .text.idle     0x0000000000003094       0x34 kernel/libkernel.a(idle.c.obj)
                0x0000000000003094                idle
 .text.z_bss_zero
                0x00000000000030c8       0x14 kernel/libkernel.a(init.c.obj)
                0x00000000000030c8                z_bss_zero
 .text.z_data_copy
                0x00000000000030dc       0x4c kernel/libkernel.a(init.c.obj)
                0x00000000000030dc                z_data_copy
 .text.bg_thread_main
                0x0000000000003128       0x48 kernel/libkernel.a(init.c.obj)
 .text.z_cstart
                0x0000000000003170      0x104 kernel/libkernel.a(init.c.obj)
                0x0000000000003170                z_cstart
 .text.z_vrfy_k_msgq_alloc_init
                0x0000000000003274       0x3c kernel/libkernel.a(msg_q.c.obj)
                0x0000000000003274                z_vrfy_k_msgq_alloc_init
 .text.z_mrsh_k_msgq_alloc_init
                0x00000000000032b0       0x20 kernel/libkernel.a(msg_q.c.obj)
                0x00000000000032b0                z_mrsh_k_msgq_alloc_init
 .text.z_impl_k_msgq_put
                0x00000000000032d0       0xa8 kernel/libkernel.a(msg_q.c.obj)
                0x00000000000032d0                z_impl_k_msgq_put
 .text.z_mrsh_k_msgq_put
                0x0000000000003378       0x5c kernel/libkernel.a(msg_q.c.obj)
                0x0000000000003378                z_mrsh_k_msgq_put
 .text.z_mrsh_k_msgq_get_attrs
                0x00000000000033d4       0x54 kernel/libkernel.a(msg_q.c.obj)
                0x00000000000033d4                z_mrsh_k_msgq_get_attrs
 .text.z_impl_k_msgq_get
                0x0000000000003428       0xc0 kernel/libkernel.a(msg_q.c.obj)
                0x0000000000003428                z_impl_k_msgq_get
 .text.z_mrsh_k_msgq_get
                0x00000000000034e8       0x5c kernel/libkernel.a(msg_q.c.obj)
                0x00000000000034e8                z_mrsh_k_msgq_get
 .text.z_mrsh_k_msgq_peek
                0x0000000000003544       0x50 kernel/libkernel.a(msg_q.c.obj)
                0x0000000000003544                z_mrsh_k_msgq_peek
 .text.z_mrsh_k_msgq_purge
                0x0000000000003594       0x40 kernel/libkernel.a(msg_q.c.obj)
                0x0000000000003594                z_mrsh_k_msgq_purge
 .text.z_mrsh_k_msgq_num_free_get
                0x00000000000035d4       0x3c kernel/libkernel.a(msg_q.c.obj)
                0x00000000000035d4                z_mrsh_k_msgq_num_free_get
 .text.z_mrsh_k_msgq_num_used_get
                0x0000000000003610       0x3c kernel/libkernel.a(msg_q.c.obj)
                0x0000000000003610                z_mrsh_k_msgq_num_used_get
 .text.z_mrsh_k_mutex_init
                0x000000000000364c       0x40 kernel/libkernel.a(mutex.c.obj)
                0x000000000000364c                z_mrsh_k_mutex_init
 .text.z_impl_k_mutex_lock
                0x000000000000368c      0x10c kernel/libkernel.a(mutex.c.obj)
                0x000000000000368c                z_impl_k_mutex_lock
 .text.z_mrsh_k_mutex_lock
                0x0000000000003798       0x4c kernel/libkernel.a(mutex.c.obj)
                0x0000000000003798                z_mrsh_k_mutex_lock
 .text.z_impl_k_mutex_unlock
                0x00000000000037e4       0x94 kernel/libkernel.a(mutex.c.obj)
                0x00000000000037e4                z_impl_k_mutex_unlock
 .text.z_mrsh_k_mutex_unlock
                0x0000000000003878       0x40 kernel/libkernel.a(mutex.c.obj)
                0x0000000000003878                z_mrsh_k_mutex_unlock
 .text.z_mrsh_k_queue_init
                0x00000000000038b8       0x44 kernel/libkernel.a(queue.c.obj)
                0x00000000000038b8                z_mrsh_k_queue_init
 .text.z_mrsh_k_queue_cancel_wait
                0x00000000000038fc       0x40 kernel/libkernel.a(queue.c.obj)
                0x00000000000038fc                z_mrsh_k_queue_cancel_wait
 .text.z_mrsh_k_queue_alloc_append
                0x000000000000393c       0x44 kernel/libkernel.a(queue.c.obj)
                0x000000000000393c                z_mrsh_k_queue_alloc_append
 .text.z_mrsh_k_queue_alloc_prepend
                0x0000000000003980       0x44 kernel/libkernel.a(queue.c.obj)
                0x0000000000003980                z_mrsh_k_queue_alloc_prepend
 .text.z_impl_k_queue_get
                0x00000000000039c4       0x68 kernel/libkernel.a(queue.c.obj)
                0x00000000000039c4                z_impl_k_queue_get
 .text.z_mrsh_k_queue_get
                0x0000000000003a2c       0x4c kernel/libkernel.a(queue.c.obj)
                0x0000000000003a2c                z_mrsh_k_queue_get
 .text.z_mrsh_k_queue_is_empty
                0x0000000000003a78       0x40 kernel/libkernel.a(queue.c.obj)
                0x0000000000003a78                z_mrsh_k_queue_is_empty
 .text.z_mrsh_k_queue_peek_head
                0x0000000000003ab8       0x40 kernel/libkernel.a(queue.c.obj)
                0x0000000000003ab8                z_mrsh_k_queue_peek_head
 .text.z_mrsh_k_queue_peek_tail
                0x0000000000003af8       0x40 kernel/libkernel.a(queue.c.obj)
                0x0000000000003af8                z_mrsh_k_queue_peek_tail
 .text.z_reset_time_slice
                0x0000000000003b38       0x2c kernel/libkernel.a(sched.c.obj)
                0x0000000000003b38                z_reset_time_slice
 .text.k_sched_time_slice_set
                0x0000000000003b64       0x58 kernel/libkernel.a(sched.c.obj)
                0x0000000000003b64                k_sched_time_slice_set
 .text.k_sched_lock
                0x0000000000003bbc       0x28 kernel/libkernel.a(sched.c.obj)
                0x0000000000003bbc                k_sched_lock
 .text.z_priq_dumb_remove
                0x0000000000003be4       0x2c kernel/libkernel.a(sched.c.obj)
                0x0000000000003be4                z_priq_dumb_remove
 .text.update_cache
                0x0000000000003c10       0x48 kernel/libkernel.a(sched.c.obj)
 .text.k_sched_unlock
                0x0000000000003c58       0x3c kernel/libkernel.a(sched.c.obj)
                0x0000000000003c58                k_sched_unlock
 .text.ready_thread
                0x0000000000003c94       0x68 kernel/libkernel.a(sched.c.obj)
 .text.z_sched_start
                0x0000000000003cfc       0x3c kernel/libkernel.a(sched.c.obj)
                0x0000000000003cfc                z_sched_start
 .text.z_impl_k_thread_resume
                0x0000000000003d38       0x30 kernel/libkernel.a(sched.c.obj)
                0x0000000000003d38                z_impl_k_thread_resume
 .text.z_mrsh_k_thread_resume
                0x0000000000003d68       0x40 kernel/libkernel.a(sched.c.obj)
                0x0000000000003d68                z_mrsh_k_thread_resume
 .text.z_move_thread_to_end_of_prio_q
                0x0000000000003da8       0x8c kernel/libkernel.a(sched.c.obj)
                0x0000000000003da8                z_move_thread_to_end_of_prio_q
 .text.z_time_slice
                0x0000000000003e34       0x6c kernel/libkernel.a(sched.c.obj)
                0x0000000000003e34                z_time_slice
 .text.z_impl_k_thread_suspend
                0x0000000000003ea0       0x68 kernel/libkernel.a(sched.c.obj)
                0x0000000000003ea0                z_impl_k_thread_suspend
 .text.z_mrsh_k_thread_suspend
                0x0000000000003f08       0x40 kernel/libkernel.a(sched.c.obj)
                0x0000000000003f08                z_mrsh_k_thread_suspend
 .text.z_thread_single_abort
                0x0000000000003f48       0xd0 kernel/libkernel.a(sched.c.obj)
                0x0000000000003f48                z_thread_single_abort
 .text.unready_thread
                0x0000000000004018       0x34 kernel/libkernel.a(sched.c.obj)
 .text.z_tick_sleep.part.0
                0x000000000000404c       0x5c kernel/libkernel.a(sched.c.obj)
 .text.pend     0x00000000000040a8       0x4c kernel/libkernel.a(sched.c.obj)
 .text.z_pend_curr
                0x00000000000040f4       0x28 kernel/libkernel.a(sched.c.obj)
                0x00000000000040f4                z_pend_curr
 .text.z_set_prio
                0x000000000000411c       0x88 kernel/libkernel.a(sched.c.obj)
                0x000000000000411c                z_set_prio
 .text.z_thread_priority_set
                0x00000000000041a4       0x20 kernel/libkernel.a(sched.c.obj)
                0x00000000000041a4                z_thread_priority_set
 .text.z_sched_init
                0x00000000000041c4       0x18 kernel/libkernel.a(sched.c.obj)
                0x00000000000041c4                z_sched_init
 .text.z_mrsh_k_thread_priority_get
                0x00000000000041dc       0x3c kernel/libkernel.a(sched.c.obj)
                0x00000000000041dc                z_mrsh_k_thread_priority_get
 .text.z_mrsh_k_thread_priority_set
                0x0000000000004218       0x64 kernel/libkernel.a(sched.c.obj)
                0x0000000000004218                z_mrsh_k_thread_priority_set
 .text.z_impl_k_yield
                0x000000000000427c       0x9c kernel/libkernel.a(sched.c.obj)
                0x000000000000427c                z_impl_k_yield
 .text.z_mrsh_k_yield
                0x0000000000004318       0x20 kernel/libkernel.a(sched.c.obj)
                0x0000000000004318                z_mrsh_k_yield
 .text.z_impl_k_sleep
                0x0000000000004338       0x48 kernel/libkernel.a(sched.c.obj)
                0x0000000000004338                z_impl_k_sleep
 .text.z_mrsh_k_sleep
                0x0000000000004380       0x20 kernel/libkernel.a(sched.c.obj)
                0x0000000000004380                z_mrsh_k_sleep
 .text.z_impl_k_usleep
                0x00000000000043a0       0x48 kernel/libkernel.a(sched.c.obj)
                0x00000000000043a0                z_impl_k_usleep
 .text.z_mrsh_k_usleep
                0x00000000000043e8       0x20 kernel/libkernel.a(sched.c.obj)
                0x00000000000043e8                z_mrsh_k_usleep
 .text.z_mrsh_k_wakeup
                0x0000000000004408       0x40 kernel/libkernel.a(sched.c.obj)
                0x0000000000004408                z_mrsh_k_wakeup
 .text.z_impl_k_current_get
                0x0000000000004448        0xc kernel/libkernel.a(sched.c.obj)
                0x0000000000004448                z_impl_k_current_get
 .text.z_mrsh_k_current_get
                0x0000000000004454       0x10 kernel/libkernel.a(sched.c.obj)
                0x0000000000004454                z_mrsh_k_current_get
 .text.z_impl_k_is_preempt_thread
                0x0000000000004464       0x20 kernel/libkernel.a(sched.c.obj)
                0x0000000000004464                z_impl_k_is_preempt_thread
 .text.z_mrsh_k_is_preempt_thread
                0x0000000000004484       0x20 kernel/libkernel.a(sched.c.obj)
                0x0000000000004484                z_mrsh_k_is_preempt_thread
 .text.z_impl_k_thread_join
                0x00000000000044a4       0x88 kernel/libkernel.a(sched.c.obj)
                0x00000000000044a4                z_impl_k_thread_join
 .text.z_mrsh_k_thread_join
                0x000000000000452c       0x34 kernel/libkernel.a(sched.c.obj)
                0x000000000000452c                z_mrsh_k_thread_join
 .text.z_mrsh_k_thread_abort
                0x0000000000004560       0x40 kernel/libkernel.a(sched.c.obj)
                0x0000000000004560                z_mrsh_k_thread_abort
 .text.z_vrfy_k_sem_init
                0x00000000000045a0       0x38 kernel/libkernel.a(sem.c.obj)
                0x00000000000045a0                z_vrfy_k_sem_init
 .text.z_mrsh_k_sem_init
                0x00000000000045d8       0x20 kernel/libkernel.a(sem.c.obj)
                0x00000000000045d8                z_mrsh_k_sem_init
 .text.z_impl_k_sem_give
                0x00000000000045f8       0x44 kernel/libkernel.a(sem.c.obj)
                0x00000000000045f8                z_impl_k_sem_give
 .text.z_mrsh_k_sem_give
                0x000000000000463c       0x40 kernel/libkernel.a(sem.c.obj)
                0x000000000000463c                z_mrsh_k_sem_give
 .text.z_impl_k_sem_take
                0x000000000000467c       0x54 kernel/libkernel.a(sem.c.obj)
                0x000000000000467c                z_impl_k_sem_take
 .text.z_mrsh_k_sem_take
                0x00000000000046d0       0x4c kernel/libkernel.a(sem.c.obj)
                0x00000000000046d0                z_mrsh_k_sem_take
 .text.z_mrsh_k_sem_reset
                0x000000000000471c       0x38 kernel/libkernel.a(sem.c.obj)
                0x000000000000471c                z_mrsh_k_sem_reset
 .text.z_mrsh_k_sem_count_get
                0x0000000000004754       0x3c kernel/libkernel.a(sem.c.obj)
                0x0000000000004754                z_mrsh_k_sem_count_get
 .text.z_mrsh_k_stack_alloc_init
                0x0000000000004790       0x48 kernel/libkernel.a(stack.c.obj)
                0x0000000000004790                z_mrsh_k_stack_alloc_init
 .text.z_mrsh_k_stack_push
                0x00000000000047d8       0x44 kernel/libkernel.a(stack.c.obj)
                0x00000000000047d8                z_mrsh_k_stack_push
 .text.z_impl_k_stack_pop
                0x000000000000481c       0x6c kernel/libkernel.a(stack.c.obj)
                0x000000000000481c                z_impl_k_stack_pop
 .text.z_mrsh_k_stack_pop
                0x0000000000004888       0x5c kernel/libkernel.a(stack.c.obj)
                0x0000000000004888                z_mrsh_k_stack_pop
 .text.schedule_new_thread
                0x00000000000048e4       0x20 kernel/libkernel.a(thread.c.obj)
 .text.z_mrsh_k_busy_wait
                0x0000000000004904       0x20 kernel/libkernel.a(thread.c.obj)
                0x0000000000004904                z_mrsh_k_busy_wait
 .text.z_mrsh_k_thread_name_set
                0x0000000000004924       0x14 kernel/libkernel.a(thread.c.obj)
                0x0000000000004924                z_mrsh_k_thread_name_set
 .text.z_mrsh_k_thread_name_copy
                0x0000000000004938       0x14 kernel/libkernel.a(thread.c.obj)
                0x0000000000004938                z_mrsh_k_thread_name_copy
 .text.z_mrsh_k_thread_start
                0x000000000000494c       0x40 kernel/libkernel.a(thread.c.obj)
                0x000000000000494c                z_mrsh_k_thread_start
 .text.z_setup_new_thread
                0x000000000000498c       0xd8 kernel/libkernel.a(thread.c.obj)
                0x000000000000498c                z_setup_new_thread
 .text.z_vrfy_k_thread_create
                0x0000000000004a64       0xb4 kernel/libkernel.a(thread.c.obj)
                0x0000000000004a64                z_vrfy_k_thread_create
 .text.z_mrsh_k_thread_create
                0x0000000000004b18       0x70 kernel/libkernel.a(thread.c.obj)
                0x0000000000004b18                z_mrsh_k_thread_create
 .text.z_init_static_threads
                0x0000000000004b88       0xd0 kernel/libkernel.a(thread.c.obj)
                0x0000000000004b88                z_init_static_threads
 .text.z_mrsh_k_float_disable
                0x0000000000004c58       0x38 kernel/libkernel.a(thread.c.obj)
                0x0000000000004c58                z_mrsh_k_float_disable
 .text.z_mrsh_k_thread_timeout_remaining_ticks
                0x0000000000004c90       0x40 kernel/libkernel.a(thread.c.obj)
                0x0000000000004c90                z_mrsh_k_thread_timeout_remaining_ticks
 .text.z_mrsh_k_thread_timeout_expires_ticks
                0x0000000000004cd0       0x40 kernel/libkernel.a(thread.c.obj)
                0x0000000000004cd0                z_mrsh_k_thread_timeout_expires_ticks
 .text.k_work_q_start
                0x0000000000004d10       0x4c kernel/libkernel.a(work_q.c.obj)
                0x0000000000004d10                k_work_q_start
 .text.elapsed  0x0000000000004d5c       0x14 kernel/libkernel.a(timeout.c.obj)
 .text.remove_timeout
                0x0000000000004d70       0x34 kernel/libkernel.a(timeout.c.obj)
 .text.next_timeout
                0x0000000000004da4       0x34 kernel/libkernel.a(timeout.c.obj)
 .text.timeout_rem
                0x0000000000004dd8       0x4c kernel/libkernel.a(timeout.c.obj)
 .text.z_add_timeout
                0x0000000000004e24      0x110 kernel/libkernel.a(timeout.c.obj)
                0x0000000000004e24                z_add_timeout
 .text.z_timeout_expires
                0x0000000000004f34       0x30 kernel/libkernel.a(timeout.c.obj)
                0x0000000000004f34                z_timeout_expires
 .text.z_clock_announce
                0x0000000000004f64       0xdc kernel/libkernel.a(timeout.c.obj)
                0x0000000000004f64                z_clock_announce
 .text.z_tick_get
                0x0000000000005040       0x34 kernel/libkernel.a(timeout.c.obj)
                0x0000000000005040                z_tick_get
 .text.z_mrsh_k_uptime_ticks
                0x0000000000005074       0x48 kernel/libkernel.a(timeout.c.obj)
                0x0000000000005074                z_mrsh_k_uptime_ticks
 .text.z_timer_expiration_handler
                0x00000000000050bc       0x4c kernel/libkernel.a(timer.c.obj)
                0x00000000000050bc                z_timer_expiration_handler
 .text.z_impl_k_timer_start
                0x0000000000005108       0xb8 kernel/libkernel.a(timer.c.obj)
                0x0000000000005108                z_impl_k_timer_start
 .text.z_mrsh_k_timer_start
                0x00000000000051c0       0x58 kernel/libkernel.a(timer.c.obj)
                0x00000000000051c0                z_mrsh_k_timer_start
 .text.z_mrsh_k_timer_stop
                0x0000000000005218       0x40 kernel/libkernel.a(timer.c.obj)
                0x0000000000005218                z_mrsh_k_timer_stop
 .text.z_mrsh_k_timer_status_get
                0x0000000000005258       0x40 kernel/libkernel.a(timer.c.obj)
                0x0000000000005258                z_mrsh_k_timer_status_get
 .text.z_impl_k_timer_status_sync
                0x0000000000005298       0x58 kernel/libkernel.a(timer.c.obj)
                0x0000000000005298                z_impl_k_timer_status_sync
 .text.z_mrsh_k_timer_status_sync
                0x00000000000052f0       0x40 kernel/libkernel.a(timer.c.obj)
                0x00000000000052f0                z_mrsh_k_timer_status_sync
 .text.z_mrsh_k_timer_remaining_ticks
                0x0000000000005330       0x40 kernel/libkernel.a(timer.c.obj)
                0x0000000000005330                z_mrsh_k_timer_remaining_ticks
 .text.z_mrsh_k_timer_expires_ticks
                0x0000000000005370       0x40 kernel/libkernel.a(timer.c.obj)
                0x0000000000005370                z_mrsh_k_timer_expires_ticks
 .text.z_mrsh_k_timer_user_data_get
                0x00000000000053b0       0x3c kernel/libkernel.a(timer.c.obj)
                0x00000000000053b0                z_mrsh_k_timer_user_data_get
 .text.z_mrsh_k_timer_user_data_set
                0x00000000000053ec       0x3c kernel/libkernel.a(timer.c.obj)
                0x00000000000053ec                z_mrsh_k_timer_user_data_set
 .text.z_mrsh_k_futex_wake
                0x0000000000005428       0x40 kernel/libkernel.a(futex.c.obj)
                0x0000000000005428                z_mrsh_k_futex_wake
 .text.z_mrsh_k_futex_wait
                0x0000000000005468       0x48 kernel/libkernel.a(futex.c.obj)
                0x0000000000005468                z_mrsh_k_futex_wait
 .text.init_mem_domain_module
                0x00000000000054b0       0x14 kernel/libkernel.a(mem_domain.c.obj)
 .text.app_shmem_bss_zero
                0x00000000000054c4       0x24 kernel/libkernel.a(userspace.c.obj)
 .text.z_thread_perms_inherit
                0x00000000000054e8       0x34 kernel/libkernel.a(userspace.c.obj)
                0x00000000000054e8                z_thread_perms_inherit
 .text.z_thread_perms_all_clear
                0x000000000000551c       0x1c kernel/libkernel.a(userspace.c.obj)
                0x000000000000551c                z_thread_perms_all_clear
 .text.z_object_validate
                0x0000000000005538       0x74 kernel/libkernel.a(userspace.c.obj)
                0x0000000000005538                z_object_validate
 .text.z_thread_malloc
                0x00000000000055ac       0x30 kernel/libkernel.a(mempool.c.obj)
                0x00000000000055ac                z_thread_malloc
 .text.z_mrsh_k_object_access_grant
                0x00000000000055dc       0x50 kernel/libkernel.a(userspace_handler.c.obj)
                0x00000000000055dc                z_mrsh_k_object_access_grant
 .text.z_mrsh_k_object_release
                0x000000000000562c       0x34 kernel/libkernel.a(userspace_handler.c.obj)
                0x000000000000562c                z_mrsh_k_object_release
 .text.z_mrsh_k_object_alloc
                0x0000000000005660       0x10 kernel/libkernel.a(userspace_handler.c.obj)
                0x0000000000005660                z_mrsh_k_object_alloc
 .text.statics_init
                0x0000000000005670       0x24 kernel/libkernel.a(kheap.c.obj)
 .text.arch_is_user_context
                0x0000000000005694       0x14 ../app/libapp.a(main.c.obj)
 .text.k_sleep  0x00000000000056a8       0x20 ../app/libapp.a(main.c.obj)
 .text.gpio_pin_configure.constprop.0
                0x00000000000056c8       0x48 ../app/libapp.a(main.c.obj)
 .text.k_thread_create.constprop.0
                0x0000000000005710       0x5a ../app/libapp.a(main.c.obj)
 .text.k_thread_name_set
                0x000000000000576a       0x20 ../app/libapp.a(main.c.obj)
 .text.gpio_port_set_bits_raw
                0x000000000000578a       0x22 ../app/libapp.a(main.c.obj)
 .text.gpio_port_clear_bits_raw
                0x00000000000057ac       0x22 ../app/libapp.a(main.c.obj)
 .text.k_thread_suspend
                0x00000000000057ce       0x20 ../app/libapp.a(main.c.obj)
 .text.sys_notify_validate
                0x00000000000057ee       0x22 libzephyr.a(notify.c.obj)
                0x00000000000057ee                sys_notify_validate
 .text.sys_notify_finalize
                0x0000000000005810       0x1a libzephyr.a(notify.c.obj)
                0x0000000000005810                sys_notify_finalize
 .text.arch_is_user_context
                0x000000000000582a       0x14 libzephyr.a(printk.c.obj)
 .text.arch_printk_char_out
                0x000000000000583e        0x4 libzephyr.a(printk.c.obj)
                0x000000000000583e                arch_printk_char_out
 .text.buf_flush
                0x0000000000005842       0x28 libzephyr.a(printk.c.obj)
 .text.buf_char_out
                0x000000000000586a       0x22 libzephyr.a(printk.c.obj)
 .text.printk   0x000000000000588c       0x1a libzephyr.a(printk.c.obj)
                0x000000000000588c                printk
 .text.process_recheck
                0x00000000000058a6       0x38 libzephyr.a(onoff.c.obj)
 .text.validate_args
                0x00000000000058de       0x1e libzephyr.a(onoff.c.obj)
 .text.transition_complete
                0x00000000000058fc       0x1c libzephyr.a(onoff.c.obj)
 .text.onoff_manager_init
                0x0000000000005918       0x26 libzephyr.a(onoff.c.obj)
                0x0000000000005918                onoff_manager_init
 .text.onoff_request
                0x000000000000593e       0xa0 libzephyr.a(onoff.c.obj)
                0x000000000000593e                onoff_request
 .text.z_thread_entry
                0x00000000000059de       0x3c libzephyr.a(thread_entry.c.obj)
                0x00000000000059de                z_thread_entry
 .text.arch_is_user_context
                0x0000000000005a1a       0x14 libzephyr.a(work_q.c.obj)
 .text.z_work_q_main
                0x0000000000005a2e       0x64 libzephyr.a(work_q.c.obj)
                0x0000000000005a2e                z_work_q_main
 .text.chunk_field
                0x0000000000005a92       0x16 libzephyr.a(heap.c.obj)
 .text.chunk_set
                0x0000000000005aa8       0x16 libzephyr.a(heap.c.obj)
 .text.chunk_size
                0x0000000000005abe        0xc libzephyr.a(heap.c.obj)
 .text.set_chunk_used
                0x0000000000005aca       0x30 libzephyr.a(heap.c.obj)
 .text.set_chunk_size
                0x0000000000005afa        0x8 libzephyr.a(heap.c.obj)
 .text.bucket_idx
                0x0000000000005b02       0x1a libzephyr.a(heap.c.obj)
 .text.merge_chunks
                0x0000000000005b1c       0x3c libzephyr.a(heap.c.obj)
 .text.split_chunks
                0x0000000000005b58       0x4e libzephyr.a(heap.c.obj)
 .text.free_list_remove_bidx
                0x0000000000005ba6       0x5e libzephyr.a(heap.c.obj)
 .text.free_list_remove
                0x0000000000005c04       0x2e libzephyr.a(heap.c.obj)
 .text.alloc_chunk
                0x0000000000005c32       0x82 libzephyr.a(heap.c.obj)
 .text.free_list_add
                0x0000000000005cb4       0x8a libzephyr.a(heap.c.obj)
 .text.sys_heap_free
                0x0000000000005d3e       0xaa libzephyr.a(heap.c.obj)
                0x0000000000005d3e                sys_heap_free
 .text.sys_heap_alloc
                0x0000000000005de8       0x68 libzephyr.a(heap.c.obj)
                0x0000000000005de8                sys_heap_alloc
 .text.sys_heap_init
                0x0000000000005e50       0xa4 libzephyr.a(heap.c.obj)
                0x0000000000005e50                sys_heap_init
 .text.arch_is_user_context
                0x0000000000005ef4       0x14 libzephyr.a(mutex.c.obj)
 .text.z_impl_z_sys_mutex_kernel_lock
                0x0000000000005f08       0x40 libzephyr.a(mutex.c.obj)
                0x0000000000005f08                z_impl_z_sys_mutex_kernel_lock
 .text._ConfigAbsSyms
                0x0000000000005f48        0x2 libzephyr.a(configs.c.obj)
                0x0000000000005f48                _ConfigAbsSyms
 .text.uart_poll_out
                0x0000000000005f4a       0x34 libzephyr.a(uart_console.c.obj)
 .text.arch_is_user_context
                0x0000000000005f7e       0x14 libzephyr.a(nrf_power_clock.c.obj)
 .text.get_status
                0x0000000000005f92       0x12 libzephyr.a(nrf_power_clock.c.obj)
 .text.set_off_state
                0x0000000000005fa4       0x32 libzephyr.a(nrf_power_clock.c.obj)
 .text.set_starting_state
                0x0000000000005fd6       0x3c libzephyr.a(nrf_power_clock.c.obj)
 .text.set_on_state
                0x0000000000006012       0x26 libzephyr.a(nrf_power_clock.c.obj)
 .text.onoff_started_callback
                0x0000000000006038       0x12 libzephyr.a(nrf_power_clock.c.obj)
 .text.blocking_start_callback
                0x000000000000604a       0x1e libzephyr.a(nrf_power_clock.c.obj)
 .text.lfclk_spinwait
                0x0000000000006068       0x1a libzephyr.a(nrf_power_clock.c.obj)
 .text.api_stop
                0x0000000000006082       0x28 libzephyr.a(nrf_power_clock.c.obj)
 .text.api_start
                0x00000000000060aa       0x3c libzephyr.a(nrf_power_clock.c.obj)
 .text.z_clock_isr
                0x00000000000060e6        0x2 libzephyr.a(sys_clock_init.c.obj)
                0x00000000000060e6                z_clock_isr
 .text.z_clock_idle_exit
                0x00000000000060e8        0x2 libzephyr.a(sys_clock_init.c.obj)
                0x00000000000060e8                z_clock_idle_exit
 .text.SEGGER_RTT_Init
                0x00000000000060ea        0x4 libzephyr.a(SEGGER_RTT.c.obj)
                0x00000000000060ea                SEGGER_RTT_Init
 .text.rtt_init
                0x00000000000060ee        0xa libzephyr.a(SEGGER_RTT_zephyr.c.obj)
 .text.z_irq_spurious
                0x00000000000060f8        0x8 arch/arch/arm/core/aarch32/libarch__arm__core__aarch32.a(irq_manage.c.obj)
                0x00000000000060f8                z_irq_spurious
 .text.arch_is_user_context
                0x0000000000006100       0x14 arch/arch/arm/core/aarch32/libarch__arm__core__aarch32.a(fatal.c.obj)
 .text.z_arm_fatal_error
                0x0000000000006114       0x20 arch/arch/arm/core/aarch32/libarch__arm__core__aarch32.a(fatal.c.obj)
                0x0000000000006114                z_arm_fatal_error
 .text.z_do_kernel_oops
                0x0000000000006134       0x18 arch/arch/arm/core/aarch32/libarch__arm__core__aarch32.a(fatal.c.obj)
                0x0000000000006134                z_do_kernel_oops
 .text.arch_syscall_oops
                0x000000000000614c       0x1c arch/arch/arm/core/aarch32/libarch__arm__core__aarch32.a(fatal.c.obj)
                0x000000000000614c                arch_syscall_oops
 .text.z_arm_nmi
                0x0000000000006168        0xe arch/arch/arm/core/aarch32/libarch__arm__core__aarch32.a(nmi.c.obj)
                0x0000000000006168                z_arm_nmi
 .text.arch_is_user_context
                0x0000000000006176       0x14 arch/arch/arm/core/aarch32/cortex_m/libarch__arm__core__aarch32__cortex_m.a(fault.c.obj)
 .text.arch_is_user_context
                0x000000000000618a       0x14 arch/arch/arm/core/aarch32/cortex_m/mpu/libarch__arm__core__aarch32__cortex_m__mpu.a(arm_core_mpu.c.obj)
 .text.arch_mem_domain_max_partitions_get
                0x000000000000619e        0xa arch/arch/arm/core/aarch32/cortex_m/mpu/libarch__arm__core__aarch32__cortex_m__mpu.a(arm_core_mpu.c.obj)
                0x000000000000619e                arch_mem_domain_max_partitions_get
 .text.arch_buffer_validate
                0x00000000000061a8        0x4 arch/arch/arm/core/aarch32/cortex_m/mpu/libarch__arm__core__aarch32__cortex_m__mpu.a(arm_core_mpu.c.obj)
                0x00000000000061a8                arch_buffer_validate
 .text.arch_is_user_context
                0x00000000000061ac       0x14 arch/arch/arm/core/aarch32/cortex_m/mpu/libarch__arm__core__aarch32__cortex_m__mpu.a(arm_mpu.c.obj)
 .text.strcpy   0x00000000000061c0       0x14 lib/libc/minimal/liblib__libc__minimal.a(string.c.obj)
                0x00000000000061c0                strcpy
 .text.strcmp   0x00000000000061d4       0x18 lib/libc/minimal/liblib__libc__minimal.a(string.c.obj)
                0x00000000000061d4                strcmp
 .text.memcpy   0x00000000000061ec       0x56 lib/libc/minimal/liblib__libc__minimal.a(string.c.obj)
                0x00000000000061ec                memcpy
 .text.memset   0x0000000000006242       0x46 lib/libc/minimal/liblib__libc__minimal.a(string.c.obj)
                0x0000000000006242                memset
 .text.arch_is_user_context
                0x0000000000006288       0x14 lib/libc/minimal/liblib__libc__minimal.a(stdout_console.c.obj)
 .text._stdout_hook_default
                0x000000000000629c        0x6 lib/libc/minimal/liblib__libc__minimal.a(stdout_console.c.obj)
 .text.z_platform_init
                0x00000000000062a2        0x4 soc/arm/nordic_nrf/nrf52/libsoc__arm__nordic_nrf__nrf52.a(soc.c.obj)
                0x00000000000062a2                z_platform_init
 .text.gpio_nrfx_port_get_raw
                0x00000000000062a6        0xe drivers/gpio/libdrivers__gpio.a(gpio_nrfx.c.obj)
 .text.gpio_nrfx_port_set_masked_raw
                0x00000000000062b4       0x16 drivers/gpio/libdrivers__gpio.a(gpio_nrfx.c.obj)
 .text.gpio_nrfx_port_set_bits_raw
                0x00000000000062ca        0xc drivers/gpio/libdrivers__gpio.a(gpio_nrfx.c.obj)
 .text.gpio_nrfx_port_clear_bits_raw
                0x00000000000062d6        0xc drivers/gpio/libdrivers__gpio.a(gpio_nrfx.c.obj)
 .text.gpio_nrfx_port_toggle_bits
                0x00000000000062e2       0x12 drivers/gpio/libdrivers__gpio.a(gpio_nrfx.c.obj)
 .text.gpio_nrfx_manage_callback
                0x00000000000062f4       0x56 drivers/gpio/libdrivers__gpio.a(gpio_nrfx.c.obj)
 .text.arch_is_user_context
                0x000000000000634a       0x14 drivers/gpio/libdrivers__gpio.a(gpio_handlers.c.obj)
 .text.uart_nrfx_config_get
                0x000000000000635e       0x10 drivers/serial/libdrivers__serial.a(uart_nrfx_uart.c.obj)
 .text.arch_is_user_context
                0x000000000000636e       0x14 drivers/serial/libdrivers__serial.a(uart_handlers.c.obj)
 .text.nrfx_busy_wait
                0x0000000000006382       0x28 ../modules/nordic/lib..__modules__hal__nordic.a(nrfx_glue.c.obj)
                0x0000000000006382                nrfx_busy_wait
 .text.arch_is_user_context
                0x00000000000063aa       0x14 kernel/libkernel.a(fatal.c.obj)
 .text.arch_system_halt
                0x00000000000063be       0x12 kernel/libkernel.a(fatal.c.obj)
                0x00000000000063be                arch_system_halt
 .text.k_sys_fatal_error_handler
                0x00000000000063d0        0xe kernel/libkernel.a(fatal.c.obj)
                0x00000000000063d0                k_sys_fatal_error_handler
 .text.z_fatal_error
                0x00000000000063de       0x4c kernel/libkernel.a(fatal.c.obj)
                0x00000000000063de                z_fatal_error
 .text.z_sys_power_save_idle_exit
                0x000000000000642a        0x4 kernel/libkernel.a(idle.c.obj)
                0x000000000000642a                z_sys_power_save_idle_exit
 .text.arch_is_user_context
                0x000000000000642e       0x14 kernel/libkernel.a(msg_q.c.obj)
 .text.k_msgq_init
                0x0000000000006442       0x24 kernel/libkernel.a(msg_q.c.obj)
                0x0000000000006442                k_msgq_init
 .text.z_impl_k_msgq_alloc_init
                0x0000000000006466       0x3c kernel/libkernel.a(msg_q.c.obj)
                0x0000000000006466                z_impl_k_msgq_alloc_init
 .text.z_impl_k_msgq_peek
                0x00000000000064a2       0x34 kernel/libkernel.a(msg_q.c.obj)
                0x00000000000064a2                z_impl_k_msgq_peek
 .text.z_impl_k_msgq_purge
                0x00000000000064d6       0x42 kernel/libkernel.a(msg_q.c.obj)
                0x00000000000064d6                z_impl_k_msgq_purge
 .text.arch_is_user_context
                0x0000000000006518       0x14 kernel/libkernel.a(mutex.c.obj)
 .text.adjust_owner_prio.isra.0
                0x000000000000652c       0x20 kernel/libkernel.a(mutex.c.obj)
 .text.z_impl_k_mutex_init
                0x000000000000654c       0x14 kernel/libkernel.a(mutex.c.obj)
                0x000000000000654c                z_impl_k_mutex_init
 .text.arch_is_user_context
                0x0000000000006560       0x14 kernel/libkernel.a(queue.c.obj)
 .text.queue_insert
                0x0000000000006574       0xba kernel/libkernel.a(queue.c.obj)
 .text.z_queue_node_peek
                0x000000000000662e       0x18 kernel/libkernel.a(queue.c.obj)
                0x000000000000662e                z_queue_node_peek
 .text.z_impl_k_queue_init
                0x0000000000006646       0x12 kernel/libkernel.a(queue.c.obj)
                0x0000000000006646                z_impl_k_queue_init
 .text.z_impl_k_queue_cancel_wait
                0x0000000000006658       0x36 kernel/libkernel.a(queue.c.obj)
                0x0000000000006658                z_impl_k_queue_cancel_wait
 .text.k_queue_append
                0x000000000000668e        0xa kernel/libkernel.a(queue.c.obj)
                0x000000000000668e                k_queue_append
 .text.z_impl_k_queue_alloc_append
                0x0000000000006698        0xa kernel/libkernel.a(queue.c.obj)
                0x0000000000006698                z_impl_k_queue_alloc_append
 .text.z_impl_k_queue_alloc_prepend
                0x00000000000066a2        0xa kernel/libkernel.a(queue.c.obj)
                0x00000000000066a2                z_impl_k_queue_alloc_prepend
 .text.arch_is_user_context
                0x00000000000066ac       0x14 kernel/libkernel.a(sched.c.obj)
 .text.thread_obj_validate
                0x00000000000066c0       0x1a kernel/libkernel.a(sched.c.obj)
 .text.z_find_first_thread_to_unpend
                0x00000000000066da       0x20 kernel/libkernel.a(sched.c.obj)
                0x00000000000066da                z_find_first_thread_to_unpend
 .text.z_unpend_thread_no_timeout
                0x00000000000066fa       0x32 kernel/libkernel.a(sched.c.obj)
                0x00000000000066fa                z_unpend_thread_no_timeout
 .text.z_reschedule
                0x000000000000672c       0x16 kernel/libkernel.a(sched.c.obj)
                0x000000000000672c                z_reschedule
 .text.z_reschedule_irqlock
                0x0000000000006742       0x18 kernel/libkernel.a(sched.c.obj)
                0x0000000000006742                z_reschedule_irqlock
 .text.z_reschedule_unlocked
                0x000000000000675a       0x14 kernel/libkernel.a(sched.c.obj)
 .text.z_unpend_thread
                0x000000000000676e       0x3a kernel/libkernel.a(sched.c.obj)
                0x000000000000676e                z_unpend_thread
 .text.z_priq_dumb_best
                0x00000000000067a8       0x14 kernel/libkernel.a(sched.c.obj)
                0x00000000000067a8                z_priq_dumb_best
 .text.z_ready_thread
                0x00000000000067bc       0x20 kernel/libkernel.a(sched.c.obj)
                0x00000000000067bc                z_ready_thread
 .text.z_thread_timeout
                0x00000000000067dc       0x56 kernel/libkernel.a(sched.c.obj)
                0x00000000000067dc                z_thread_timeout
 .text.z_remove_thread_from_ready_q
                0x0000000000006832       0x20 kernel/libkernel.a(sched.c.obj)
                0x0000000000006832                z_remove_thread_from_ready_q
 .text.add_to_waitq_locked
                0x0000000000006852       0x56 kernel/libkernel.a(sched.c.obj)
 .text.z_unpend_first_thread
                0x00000000000068a8       0x5a kernel/libkernel.a(sched.c.obj)
                0x00000000000068a8                z_unpend_first_thread
 .text.z_unpend_all
                0x0000000000006902       0x20 kernel/libkernel.a(sched.c.obj)
                0x0000000000006902                z_unpend_all
 .text.z_impl_k_wakeup
                0x0000000000006922       0x38 kernel/libkernel.a(sched.c.obj)
                0x0000000000006922                z_impl_k_wakeup
 .text.arch_is_user_context
                0x000000000000695a       0x14 kernel/libkernel.a(sem.c.obj)
 .text.z_impl_k_sem_init
                0x000000000000696e       0x1e kernel/libkernel.a(sem.c.obj)
                0x000000000000696e                z_impl_k_sem_init
 .text.arch_is_user_context
                0x000000000000698c       0x14 kernel/libkernel.a(stack.c.obj)
 .text.k_stack_init
                0x00000000000069a0       0x12 kernel/libkernel.a(stack.c.obj)
                0x00000000000069a0                k_stack_init
 .text.z_impl_k_stack_alloc_init
                0x00000000000069b2       0x26 kernel/libkernel.a(stack.c.obj)
                0x00000000000069b2                z_impl_k_stack_alloc_init
 .text.z_impl_k_stack_push
                0x00000000000069d8       0x5e kernel/libkernel.a(stack.c.obj)
                0x00000000000069d8                z_impl_k_stack_push
 .text.arch_is_user_context
                0x0000000000006a36       0x14 kernel/libkernel.a(thread.c.obj)
 .text.k_is_in_isr
                0x0000000000006a4a        0xc kernel/libkernel.a(thread.c.obj)
                0x0000000000006a4a                k_is_in_isr
 .text.z_impl_k_busy_wait
                0x0000000000006a56        0x4 kernel/libkernel.a(thread.c.obj)
                0x0000000000006a56                z_impl_k_busy_wait
 .text.z_impl_k_thread_name_set
                0x0000000000006a5a        0x6 kernel/libkernel.a(thread.c.obj)
                0x0000000000006a5a                z_impl_k_thread_name_set
 .text.z_stack_is_user_capable
                0x0000000000006a60        0xe kernel/libkernel.a(thread.c.obj)
                0x0000000000006a60                z_stack_is_user_capable
 .text.z_impl_k_thread_create
                0x0000000000006a6e       0x40 kernel/libkernel.a(thread.c.obj)
                0x0000000000006a6e                z_impl_k_thread_create
 .text.z_abort_timeout
                0x0000000000006aae       0x2c kernel/libkernel.a(timeout.c.obj)
                0x0000000000006aae                z_abort_timeout
 .text.z_timeout_remaining
                0x0000000000006ada       0x20 kernel/libkernel.a(timeout.c.obj)
                0x0000000000006ada                z_timeout_remaining
 .text.z_get_next_timeout_expiry
                0x0000000000006afa       0x20 kernel/libkernel.a(timeout.c.obj)
                0x0000000000006afa                z_get_next_timeout_expiry
 .text.z_set_timeout_expiry
                0x0000000000006b1a       0x34 kernel/libkernel.a(timeout.c.obj)
                0x0000000000006b1a                z_set_timeout_expiry
 .text.z_tick_get_32
                0x0000000000006b4e        0x8 kernel/libkernel.a(timeout.c.obj)
                0x0000000000006b4e                z_tick_get_32
 .text.z_timeout_end_calc
                0x0000000000006b56       0x52 kernel/libkernel.a(timeout.c.obj)
                0x0000000000006b56                z_timeout_end_calc
 .text.arch_is_user_context
                0x0000000000006ba8       0x14 kernel/libkernel.a(timer.c.obj)
 .text.k_timer_init
                0x0000000000006bbc       0x1a kernel/libkernel.a(timer.c.obj)
                0x0000000000006bbc                k_timer_init
 .text.z_impl_k_timer_stop
                0x0000000000006bd6       0x44 kernel/libkernel.a(timer.c.obj)
                0x0000000000006bd6                z_impl_k_timer_stop
 .text.z_impl_k_timer_status_get
                0x0000000000006c1a       0x22 kernel/libkernel.a(timer.c.obj)
                0x0000000000006c1a                z_impl_k_timer_status_get
 .text.arch_is_user_context
                0x0000000000006c3c       0x14 kernel/libkernel.a(futex.c.obj)
 .text.z_impl_k_futex_wake
                0x0000000000006c50       0x5a kernel/libkernel.a(futex.c.obj)
                0x0000000000006c50                z_impl_k_futex_wake
 .text.z_impl_k_futex_wait
                0x0000000000006caa       0x66 kernel/libkernel.a(futex.c.obj)
                0x0000000000006caa                z_impl_k_futex_wait
 .text.k_mem_domain_add_thread
                0x0000000000006d10       0x40 kernel/libkernel.a(mem_domain.c.obj)
                0x0000000000006d10                k_mem_domain_add_thread
 .text.arch_is_user_context
                0x0000000000006d50       0x14 kernel/libkernel.a(userspace.c.obj)
 .text.unref_check
                0x0000000000006d64       0x36 kernel/libkernel.a(userspace.c.obj)
 .text.wordlist_cb
                0x0000000000006d9a       0x38 kernel/libkernel.a(userspace.c.obj)
 .text.clear_perms_cb
                0x0000000000006dd2        0x4 kernel/libkernel.a(userspace.c.obj)
 .text.thread_index_get
                0x0000000000006dd6       0x12 kernel/libkernel.a(userspace.c.obj)
 .text.handler_bad_syscall
                0x0000000000006de8        0xc kernel/libkernel.a(userspace.c.obj)
 .text.handler_no_syscall
                0x0000000000006df4        0xc kernel/libkernel.a(userspace.c.obj)
                0x0000000000006df4                z_mrsh_peci_enable
                0x0000000000006df4                z_mrsh_flash_get_write_block_size
                0x0000000000006df4                z_mrsh_z_log_hexdump_from_user
                0x0000000000006df4                z_mrsh_sensor_attr_set
                0x0000000000006df4                z_mrsh_k_thread_custom_data_get
                0x0000000000006df4                z_mrsh_led_on
                0x0000000000006df4                z_mrsh_k_poll_signal_raise
                0x0000000000006df4                z_mrsh_net_eth_get_ptp_clock_by_index
                0x0000000000006df4                z_mrsh_counter_get_guard_period
                0x0000000000006df4                z_mrsh_log_process
                0x0000000000006df4                z_mrsh_adc_read_async
                0x0000000000006df4                z_mrsh_clock_gettime
                0x0000000000006df4                z_mrsh_counter_set_channel_alarm
                0x0000000000006df4                z_mrsh_espi_receive_oob
                0x0000000000006df4                z_mrsh_led_off
                0x0000000000006df4                z_mrsh_log_panic
                0x0000000000006df4                z_mrsh_espi_read_flash
                0x0000000000006df4                z_mrsh_k_pipe_get
                0x0000000000006df4                z_mrsh_net_if_ipv4_set_netmask_by_index
                0x0000000000006df4                z_mrsh_uart_irq_is_pending
                0x0000000000006df4                z_mrsh_uart_tx
                0x0000000000006df4                z_mrsh_uart_mux_find
                0x0000000000006df4                z_mrsh_counter_start
                0x0000000000006df4                z_mrsh_net_if_ipv4_addr_rm_by_index
                0x0000000000006df4                z_mrsh_sensor_sample_fetch_chan
                0x0000000000006df4                z_mrsh_log_buffered_cnt
                0x0000000000006df4                z_mrsh_k_pipe_read_avail
                0x0000000000006df4                z_mrsh_zsock_sendmsg
                0x0000000000006df4                z_mrsh_i2s_trigger
                0x0000000000006df4                z_mrsh_espi_write_flash
                0x0000000000006df4                z_mrsh_counter_get_num_of_channels
                0x0000000000006df4                z_mrsh_eeprom_get_size
                0x0000000000006df4                z_mrsh_atomic_set
                0x0000000000006df4                z_mrsh_ipm_set_enabled
                0x0000000000006df4                z_mrsh_uart_rx_enable
                0x0000000000006df4                z_mrsh_net_addr_ntop
                0x0000000000006df4                z_mrsh_uart_irq_err_enable
                0x0000000000006df4                z_mrsh_zsock_getsockname
                0x0000000000006df4                z_mrsh_zsock_listen
                0x0000000000006df4                z_mrsh_pwm_get_cycles_per_sec
                0x0000000000006df4                z_mrsh_sys_rand_get
                0x0000000000006df4                z_mrsh_can_recover
                0x0000000000006df4                z_mrsh_dma_start
                0x0000000000006df4                z_mrsh_net_if_ipv6_addr_lookup_by_index
                0x0000000000006df4                z_mrsh_ps2_config
                0x0000000000006df4                z_mrsh_wdt_disable
                0x0000000000006df4                z_mrsh_can_send
                0x0000000000006df4                z_mrsh_zsock_sendto
                0x0000000000006df4                z_mrsh_counter_get_frequency
                0x0000000000006df4                z_mrsh_zsock_gethostname
                0x0000000000006df4                z_mrsh_k_poll_signal_check
                0x0000000000006df4                z_mrsh_i2c_configure
                0x0000000000006df4                z_mrsh_ps2_enable_callback
                0x0000000000006df4                z_mrsh_espi_write_lpc_request
                0x0000000000006df4                z_mrsh_uart_irq_tx_enable
                0x0000000000006df4                z_mrsh_uart_irq_rx_enable
                0x0000000000006df4                z_mrsh_zsock_inet_pton
                0x0000000000006df4                z_mrsh_ps2_read
                0x0000000000006df4                z_mrsh_ipm_max_data_size_get
                0x0000000000006df4                z_mrsh_ps2_write
                0x0000000000006df4                z_mrsh_dac_write_value
                0x0000000000006df4                z_mrsh_flash_get_parameters
                0x0000000000006df4                z_mrsh_espi_send_oob
                0x0000000000006df4                z_mrsh_counter_get_max_top_value
                0x0000000000006df4                z_mrsh_espi_send_vwire
                0x0000000000006df4                z_mrsh_net_if_ipv4_addr_lookup_by_index
                0x0000000000006df4                z_mrsh_uart_line_ctrl_get
                0x0000000000006df4                z_mrsh_k_thread_stack_space_get
                0x0000000000006df4                z_mrsh_counter_stop
                0x0000000000006df4                z_mrsh_uart_tx_abort
                0x0000000000006df4                z_mrsh_wdt_setup
                0x0000000000006df4                z_mrsh_i2c_recover_bus
                0x0000000000006df4                z_mrsh_ps2_disable_callback
                0x0000000000006df4                z_mrsh_net_if_ipv6_addr_add_by_index
                0x0000000000006df4                z_mrsh_k_pipe_alloc_init
                0x0000000000006df4                z_mrsh_i2c_transfer
                0x0000000000006df4                z_mrsh_sys_csrand_get
                0x0000000000006df4                z_mrsh_flash_write_protection_set
                0x0000000000006df4                z_mrsh_z_zephyr_read_stdin
                0x0000000000006df4                z_mrsh_net_if_ipv6_addr_rm_by_index
                0x0000000000006df4                z_mrsh_atomic_or
                0x0000000000006df4                z_mrsh_dac_channel_setup
                0x0000000000006df4                z_mrsh_espi_read_request
                0x0000000000006df4                z_mrsh_spi_release
                0x0000000000006df4                z_mrsh_zsock_recvfrom
                0x0000000000006df4                z_mrsh_zsock_bind
                0x0000000000006df4                z_mrsh_flash_get_page_info_by_offs
                0x0000000000006df4                z_mrsh_led_blink
                0x0000000000006df4                z_mrsh_can_detach
                0x0000000000006df4                z_mrsh_maxim_ds3231_get_syncpoint
                0x0000000000006df4                z_mrsh_counter_get_value
                0x0000000000006df4                z_mrsh_i2c_slave_driver_unregister
                0x0000000000006df4                z_mrsh_espi_config
                0x0000000000006df4                z_mrsh_entropy_get_entropy
                0x0000000000006df4                z_mrsh_uart_line_ctrl_set
                0x0000000000006df4                z_mrsh_espi_flash_erase
                0x0000000000006df4                z_mrsh_ipm_send
                0x0000000000006df4                z_mrsh_can_configure
                0x0000000000006df4                z_mrsh_k_poll_signal_reset
                0x0000000000006df4                z_mrsh_zsock_accept
                0x0000000000006df4                z_mrsh_espi_read_lpc_request
                0x0000000000006df4                z_mrsh_zsock_fcntl
                0x0000000000006df4                z_mrsh_net_if_ipv4_addr_add_by_index
                0x0000000000006df4                z_mrsh_atomic_xor
                0x0000000000006df4                z_mrsh_ipm_max_id_val_get
                0x0000000000006df4                z_mrsh_atomic_add
                0x0000000000006df4                z_mrsh_ptp_clock_get
                0x0000000000006df4                z_mrsh_zsock_connect
                0x0000000000006df4                z_mrsh_wdt_feed
                0x0000000000006df4                z_mrsh_zsock_shutdown
                0x0000000000006df4                z_mrsh_zsock_getsockopt
                0x0000000000006df4                z_mrsh_counter_us_to_ticks
                0x0000000000006df4                z_mrsh_sys_rand32_get
                0x0000000000006df4                z_mrsh_atomic_ptr_cas
                0x0000000000006df4                z_mrsh_counter_get_pending_int
                0x0000000000006df4                z_mrsh_adc_channel_setup
                0x0000000000006df4                z_mrsh_zsock_poll
                0x0000000000006df4                z_mrsh_zsock_close
                0x0000000000006df4                z_mrsh_led_set_brightness
                0x0000000000006df4                z_mrsh_atomic_ptr_set
                0x0000000000006df4                z_mrsh_atomic_sub
                0x0000000000006df4                z_mrsh_counter_set_guard_period
                0x0000000000006df4                z_mrsh_net_if_get_by_index
                0x0000000000006df4                z_mrsh_kscan_config
                0x0000000000006df4                z_mrsh_can_attach_msgq
                0x0000000000006df4                z_mrsh_uart_irq_update
                0x0000000000006df4                z_mrsh_zsock_socketpair
                0x0000000000006df4                z_mrsh_can_get_state
                0x0000000000006df4                z_mrsh_k_thread_deadline_set
                0x0000000000006df4                z_mrsh_z_clock_hw_cycles_per_sec_runtime_get
                0x0000000000006df4                z_mrsh_z_log_string_from_user
                0x0000000000006df4                z_mrsh_espi_write_request
                0x0000000000006df4                z_mrsh_peci_config
                0x0000000000006df4                z_mrsh_kscan_enable_callback
                0x0000000000006df4                z_mrsh_spi_transceive
                0x0000000000006df4                z_mrsh_maxim_ds3231_req_syncpoint
                0x0000000000006df4                z_mrsh_flash_get_page_info_by_idx
                0x0000000000006df4                z_mrsh_counter_get_top_value
                0x0000000000006df4                z_mrsh_i2s_buf_read
                0x0000000000006df4                z_mrsh_sensor_attr_get
                0x0000000000006df4                z_mrsh_counter_get_max_relative_alarm
                0x0000000000006df4                z_mrsh_i2s_configure
                0x0000000000006df4                z_mrsh_uart_irq_err_disable
                0x0000000000006df4                z_mrsh_dma_stop
                0x0000000000006df4                z_mrsh_atomic_and
                0x0000000000006df4                z_mrsh_net_if_ipv4_set_gw_by_index
                0x0000000000006df4                z_mrsh_uart_irq_rx_disable
                0x0000000000006df4                z_mrsh_k_pipe_write_avail
                0x0000000000006df4                z_mrsh_flash_erase
                0x0000000000006df4                z_mrsh_pwm_pin_set_cycles
                0x0000000000006df4                z_mrsh_i2c_slave_driver_register
                0x0000000000006df4                z_mrsh_k_thread_custom_data_set
                0x0000000000006df4                z_mrsh_flash_get_page_count
                0x0000000000006df4                z_mrsh_k_poll
                0x0000000000006df4                z_mrsh_zsock_setsockopt
                0x0000000000006df4                z_mrsh_counter_is_counting_up
                0x0000000000006df4                z_mrsh_uart_drv_cmd
                0x0000000000006df4                z_mrsh_log_filter_set
                0x0000000000006df4                z_mrsh_kscan_disable_callback
                0x0000000000006df4                z_mrsh_uart_rx_disable
                0x0000000000006df4                z_mrsh_adc_read
                0x0000000000006df4                z_mrsh_zsock_socket
                0x0000000000006df4                z_mrsh_espi_receive_vwire
                0x0000000000006df4                z_mrsh_peci_disable
                0x0000000000006df4                z_mrsh_counter_cancel_channel_alarm
                0x0000000000006df4                z_mrsh_uart_irq_tx_disable
                0x0000000000006df4                z_mrsh_atomic_nand
                0x0000000000006df4                z_mrsh_counter_set_top_value
                0x0000000000006df4                z_mrsh_sensor_channel_get
                0x0000000000006df4                z_mrsh_i2s_buf_write
                0x0000000000006df4                z_mrsh_atomic_cas
                0x0000000000006df4                z_mrsh_peci_transfer
                0x0000000000006df4                z_mrsh_net_addr_pton
                0x0000000000006df4                z_mrsh_k_pipe_put
                0x0000000000006df4                z_mrsh_sensor_sample_fetch
                0x0000000000006df4                z_mrsh_espi_get_channel_status
                0x0000000000006df4                z_mrsh_z_zsock_getaddrinfo_internal
                0x0000000000006df4                z_mrsh_z_zephyr_write_stdout
                0x0000000000006df4                z_mrsh_zsock_get_context_object
                0x0000000000006df4                z_mrsh_counter_ticks_to_us
                0x0000000000006df4                z_mrsh_flash_write
                0x0000000000006df4                z_mrsh_hwinfo_get_device_id
                0x0000000000006df4                z_mrsh_k_poll_signal_init
                0x0000000000006df4                z_mrsh_flash_read
                0x0000000000006df4                z_mrsh_eeprom_read
                0x0000000000006df4                z_mrsh_eeprom_write
 .text.z_priv_stack_find
                0x0000000000006e00        0xc kernel/libkernel.a(userspace.c.obj)
                0x0000000000006e00                z_priv_stack_find
 .text.z_thread_perms_set
                0x0000000000006e0c       0x28 kernel/libkernel.a(userspace.c.obj)
                0x0000000000006e0c                z_thread_perms_set
 .text.z_thread_perms_clear
                0x0000000000006e34       0x34 kernel/libkernel.a(userspace.c.obj)
                0x0000000000006e34                z_thread_perms_clear
 .text.z_impl_k_object_access_grant
                0x0000000000006e68       0x16 kernel/libkernel.a(userspace.c.obj)
                0x0000000000006e68                z_impl_k_object_access_grant
 .text.z_object_init
                0x0000000000006e7e       0x12 kernel/libkernel.a(userspace.c.obj)
                0x0000000000006e7e                z_object_init
 .text.z_object_uninit
                0x0000000000006e90       0x12 kernel/libkernel.a(userspace.c.obj)
                0x0000000000006e90                z_object_uninit
 .text.z_user_from_copy
                0x0000000000006ea2       0x2c kernel/libkernel.a(userspace.c.obj)
                0x0000000000006ea2                z_user_from_copy
 .text.z_user_string_copy
                0x0000000000006ece       0x40 kernel/libkernel.a(userspace.c.obj)
                0x0000000000006ece                z_user_string_copy
 .text.k_mem_pool_malloc
                0x0000000000006f0e       0x30 kernel/libkernel.a(mempool.c.obj)
                0x0000000000006f0e                k_mem_pool_malloc
 .text.k_free   0x0000000000006f3e        0xa kernel/libkernel.a(mempool.c.obj)
                0x0000000000006f3e                k_free
 .text.arch_is_user_context
                0x0000000000006f48       0x14 kernel/libkernel.a(userspace_handler.c.obj)
 .text.validate_any_object
                0x0000000000006f5c       0x1a kernel/libkernel.a(userspace_handler.c.obj)
 .text.k_heap_init
                0x0000000000006f76       0x10 kernel/libkernel.a(kheap.c.obj)
                0x0000000000006f76                k_heap_init
 .text.k_heap_alloc
                0x0000000000006f86       0x86 kernel/libkernel.a(kheap.c.obj)
                0x0000000000006f86                k_heap_alloc
 .text.k_heap_free
                0x000000000000700c       0x3a kernel/libkernel.a(kheap.c.obj)
                0x000000000000700c                k_heap_free
 .text.k_mem_pool_alloc
                0x0000000000007046       0x32 kernel/libkernel.a(kheap.c.obj)
                0x0000000000007046                k_mem_pool_alloc
 .text.k_mem_pool_free_id
                0x0000000000007078        0x8 kernel/libkernel.a(kheap.c.obj)
                0x0000000000007078                k_mem_pool_free_id
 .text._OffsetAbsSyms
                0x0000000000007080        0x2 CMakeFiles/offsets.dir/arch/arm/core/offsets/offsets.c.obj
                0x0000000000007080                _OffsetAbsSyms
 *(SORT_BY_ALIGNMENT(.gnu.linkonce.t.*))
 *(SORT_BY_ALIGNMENT(.glue_7t))
 .glue_7t       0x0000000000007082        0x0 linker stubs
 *(SORT_BY_ALIGNMENT(.glue_7))
 .glue_7        0x0000000000007082        0x0 linker stubs
 *(SORT_BY_ALIGNMENT(.vfp11_veneer))
 .vfp11_veneer  0x0000000000007082        0x0 linker stubs
 *(SORT_BY_ALIGNMENT(.v4_bx))
 .v4_bx         0x0000000000007082        0x0 linker stubs
                0x0000000000007082                _image_text_end = .

.ARM.exidx      0x0000000000007084        0x8
                0x0000000000007084                __exidx_start = .
 *(SORT_BY_ALIGNMENT(.ARM.exidx*) SORT_BY_ALIGNMENT(gnu.linkonce.armexidx.*))
 .ARM.exidx     0x0000000000007084        0x8 /home/huynhtai/Downloads/ebook_RTOS/Zephyr_SDK/arm-zephyr-eabi/bin/../lib/gcc/arm-zephyr-eabi/9.2.0/thumb/v7e-m/nofp/libgcc.a(_udivmoddi4.o)
                0x000000000000708c                __exidx_end = .
                0x000000000000708c                _image_rodata_start = .

initlevel       0x000000000000708c       0x58
                0x000000000000708c                __init_start = .
                0x000000000000708c                __init_PRE_KERNEL_1_start = .
 *(SORT_BY_NAME(SORT_BY_ALIGNMENT(.init_PRE_KERNEL_1[0-9])))
 .init_PRE_KERNEL_10
                0x000000000000708c        0x8 soc/arm/nordic_nrf/nrf52/libsoc__arm__nordic_nrf__nrf52.a(soc.c.obj)
 *(SORT_BY_NAME(SORT_BY_ALIGNMENT(.init_PRE_KERNEL_1[1-9][0-9])))
 .init_PRE_KERNEL_130
                0x0000000000007094        0x8 libzephyr.a(SEGGER_RTT_zephyr.c.obj)
 .init_PRE_KERNEL_130
                0x000000000000709c        0x8 kernel/libkernel.a(kheap.c.obj)
 .init_PRE_KERNEL_140
                0x00000000000070a4        0x8 arch/arch/arm/core/aarch32/cortex_m/mpu/libarch__arm__core__aarch32__cortex_m__mpu.a(arm_mpu.c.obj)
 .init_PRE_KERNEL_140
                0x00000000000070ac        0x8 kernel/libkernel.a(mem_domain.c.obj)
 .init_PRE_KERNEL_140
                0x00000000000070b4        0x8 kernel/libkernel.a(userspace.c.obj)
 .init_PRE_KERNEL_150
                0x00000000000070bc        0x8 libzephyr.a(nrf_power_clock.c.obj)
 .init_PRE_KERNEL_150
                0x00000000000070c4        0x8 drivers/serial/libdrivers__serial.a(uart_nrfx_uart.c.obj)
 .init_PRE_KERNEL_160
                0x00000000000070cc        0x8 libzephyr.a(uart_console.c.obj)
                0x00000000000070d4                __init_PRE_KERNEL_2_start = .
 *(SORT_BY_NAME(SORT_BY_ALIGNMENT(.init_PRE_KERNEL_2[0-9])))
 .init_PRE_KERNEL_20
                0x00000000000070d4        0x8 libzephyr.a(sys_clock_init.c.obj)
 *(SORT_BY_NAME(SORT_BY_ALIGNMENT(.init_PRE_KERNEL_2[1-9][0-9])))
                0x00000000000070dc                __init_POST_KERNEL_start = .
 *(SORT_BY_NAME(SORT_BY_ALIGNMENT(.init_POST_KERNEL[0-9])))
 *(SORT_BY_NAME(SORT_BY_ALIGNMENT(.init_POST_KERNEL[1-9][0-9])))
 .init_POST_KERNEL40
                0x00000000000070dc        0x8 drivers/gpio/libdrivers__gpio.a(gpio_nrfx.c.obj)
                0x00000000000070e4                __init_APPLICATION_start = .
 *(SORT_BY_NAME(SORT_BY_ALIGNMENT(.init_APPLICATION[0-9])))
 *(SORT_BY_NAME(SORT_BY_ALIGNMENT(.init_APPLICATION[1-9][0-9])))
                0x00000000000070e4                __init_SMP_start = .
 *(SORT_BY_NAME(SORT_BY_ALIGNMENT(.init_SMP[0-9])))
 *(SORT_BY_NAME(SORT_BY_ALIGNMENT(.init_SMP[1-9][0-9])))
                0x00000000000070e4                __init_end = .

sw_isr_table    0x00000000000070e4      0x138
                0x00000000000070e4                . = ALIGN (0x0)
 *(SORT_BY_ALIGNMENT(.gnu.linkonce.sw_isr_table))
 .gnu.linkonce.sw_isr_table
                0x00000000000070e4      0x138 arch/common/libarch__common.a(isr_tables.c.obj)
                0x00000000000070e4                _sw_isr_table

initlevel_error
                0x000000000000708c        0x0
 *(SORT_BY_NAME(SORT_BY_ALIGNMENT(.init_[_A-Z0-9]*)))
                0x0000000000000001                ASSERT ((SIZEOF (initlevel_error) == 0x0), Undefined initialization levels used.)

z_object_assignment_area
                0x000000000000721c        0x0
                0x000000000000721c                _z_object_assignment_list_start = .
 *(SORT_BY_NAME(SORT_BY_ALIGNMENT(._z_object_assignment.static.*)))
                0x000000000000721c                _z_object_assignment_list_end = .

app_shmem_regions
                0x000000000000721c        0x0
                0x000000000000721c                __app_shmem_regions_start = .
 *(SORT_BY_NAME(SORT_BY_ALIGNMENT(.app_regions.*)))
                0x000000000000721c                __app_shmem_regions_end = .

bt_l2cap_fixed_chan_area
                0x000000000000721c        0x0
                0x000000000000721c                _bt_l2cap_fixed_chan_list_start = .
 *(SORT_BY_NAME(SORT_BY_ALIGNMENT(._bt_l2cap_fixed_chan.static.*)))
                0x000000000000721c                _bt_l2cap_fixed_chan_list_end = .

bt_gatt_service_static_area
                0x000000000000721c        0x0
                0x000000000000721c                _bt_gatt_service_static_list_start = .
 *(SORT_BY_NAME(SORT_BY_ALIGNMENT(._bt_gatt_service_static.static.*)))
                0x000000000000721c                _bt_gatt_service_static_list_end = .

log_const_sections
                0x000000000000721c        0x0
                0x000000000000721c                __log_const_start = .
 *(SORT_BY_NAME(SORT_BY_ALIGNMENT(.log_const_*)))
                0x000000000000721c                __log_const_end = .

log_backends_sections
                0x000000000000721c        0x0
                0x000000000000721c                __log_backends_start = .
 *(SORT_BY_ALIGNMENT(._log_backend.*))
                0x000000000000721c                __log_backends_end = .

shell_area      0x000000000000721c        0x0
                0x000000000000721c                _shell_list_start = .
 *(SORT_BY_NAME(SORT_BY_ALIGNMENT(._shell.static.*)))
                0x000000000000721c                _shell_list_end = .

shell_root_cmds_sections
                0x000000000000721c        0x0
                0x000000000000721c                __shell_root_cmds_start = .
 *(SORT_BY_NAME(SORT_BY_ALIGNMENT(.shell_root_cmd_*)))
                0x000000000000721c                __shell_root_cmds_end = .

font_entry_sections
                0x000000000000721c        0x0
                0x000000000000721c                __font_entry_start = .
 *(SORT_BY_NAME(SORT_BY_ALIGNMENT(._cfb_font.*)))
                0x000000000000721c                __font_entry_end = .

tracing_backend_area
                0x000000000000721c        0x0
                0x000000000000721c                _tracing_backend_list_start = .
 *(SORT_BY_NAME(SORT_BY_ALIGNMENT(._tracing_backend.static.*)))
                0x000000000000721c                _tracing_backend_list_end = .

rodata          0x0000000000007220      0x654
 *(SORT_BY_ALIGNMENT(.rodata))
 *(SORT_BY_ALIGNMENT(.rodata.*))
 .rodata.delay_machine_code.9059
                0x0000000000007220        0x6 soc/arm/nordic_nrf/nrf52/libsoc__arm__nordic_nrf__nrf52.a(soc.c.obj)
 *fill*         0x0000000000007226        0x2 
 .rodata.clock_control_api
                0x0000000000007228       0x14 libzephyr.a(nrf_power_clock.c.obj)
 .rodata.config
                0x000000000000723c       0x10 libzephyr.a(nrf_power_clock.c.obj)
 .rodata.transitions.10500
                0x000000000000724c        0xc libzephyr.a(nrf_power_clock.c.obj)
 .rodata.mpu_config
                0x0000000000007258        0x8 soc/arm/common/cortex_m/libsoc__arm__common__cortex_m.a(arm_mpu_regions.c.obj)
                0x0000000000007258                mpu_config
 .rodata.mpu_regions
                0x0000000000007260       0x18 soc/arm/common/cortex_m/libsoc__arm__common__cortex_m.a(arm_mpu_regions.c.obj)
 .rodata.gpio_nrfx_drv_api_funcs
                0x0000000000007278       0x24 drivers/gpio/libdrivers__gpio.a(gpio_nrfx.c.obj)
 .rodata.gpio_nrfx_p0_cfg
                0x000000000000729c        0xc drivers/gpio/libdrivers__gpio.a(gpio_nrfx.c.obj)
 .rodata.uart_nrfx_uart_driver_api
                0x00000000000072a8       0x14 drivers/serial/libdrivers__serial.a(uart_nrfx_uart.c.obj)
 .rodata.levels.9301
                0x00000000000072bc       0x14 kernel/libkernel.a(device.c.obj)
 .rodata._k_neg_eagain
                0x00000000000072d0        0x4 kernel/libkernel.a(errno.c.obj)
                0x00000000000072d0                _k_neg_eagain
 .rodata._k_syscall_table
                0x00000000000072d4      0x430 kernel/libkernel.a(userspace.c.obj)
                0x00000000000072d4                _k_syscall_table
 .rodata.thread_b.str1.1
                0x0000000000007704       0x1b ../app/libapp.a(main.c.obj)
 .rodata.thread_a.str1.1
                0x000000000000771f       0x1e ../app/libapp.a(main.c.obj)
 .rodata.device_get_binding.constprop.0.str1.1
                0x000000000000773d        0x7 ../app/libapp.a(main.c.obj)
 .rodata.print_workqueue.str1.1
                0x0000000000007744       0x23 ../app/libapp.a(main.c.obj)
 .rodata.Thread_receive.str1.1
                0x0000000000007767       0x17 ../app/libapp.a(main.c.obj)