Archive member included to satisfy reference by file (symbol)

../app/libapp.a(main.c.obj)   (--whole-archive)
libzephyr.a(crc32_sw.c.obj)   (--whole-archive)
libzephyr.a(crc16_sw.c.obj)   (--whole-archive)
libzephyr.a(crc8_sw.c.obj)    (--whole-archive)
libzephyr.a(crc7_sw.c.obj)    (--whole-archive)
libzephyr.a(dec.c.obj)        (--whole-archive)
libzephyr.a(fdtable.c.obj)    (--whole-archive)
libzephyr.a(hex.c.obj)        (--whole-archive)
libzephyr.a(mempool.c.obj)    (--whole-archive)
libzephyr.a(notify.c.obj)     (--whole-archive)
libzephyr.a(printk.c.obj)     (--whole-archive)
libzephyr.a(onoff.c.obj)      (--whole-archive)
libzephyr.a(rb.c.obj)         (--whole-archive)
libzephyr.a(sem.c.obj)        (--whole-archive)
libzephyr.a(thread_entry.c.obj)
                              (--whole-archive)
libzephyr.a(timeutil.c.obj)   (--whole-archive)
libzephyr.a(work_q.c.obj)     (--whole-archive)
libzephyr.a(heap.c.obj)       (--whole-archive)
libzephyr.a(heap-validate.c.obj)
                              (--whole-archive)
libzephyr.a(mutex.c.obj)      (--whole-archive)
libzephyr.a(configs.c.obj)    (--whole-archive)
libzephyr.a(validate_base_addresses.c.obj)
                              (--whole-archive)
libzephyr.a(validate_enabled_instances.c.obj)
                              (--whole-archive)
libzephyr.a(power.c.obj)      (--whole-archive)
libzephyr.a(policy_residency.c.obj)
                              (--whole-archive)
libzephyr.a(uart_console.c.obj)
                              (--whole-archive)
libzephyr.a(nrf_power_clock.c.obj)
                              (--whole-archive)
libzephyr.a(sys_clock_init.c.obj)
                              (--whole-archive)
libzephyr.a(nrf_rtc_timer.c.obj)
                              (--whole-archive)
libzephyr.a(SEGGER_RTT.c.obj)
                              (--whole-archive)
libzephyr.a(SEGGER_RTT_zephyr.c.obj)
                              (--whole-archive)
arch/common/libarch__common.a(isr_tables.c.obj)
                              (--whole-archive)
arch/common/libarch__common.a(sw_isr_common.c.obj)
                              (--whole-archive)
arch/arch/arm/core/aarch32/libarch__arm__core__aarch32.a(swap.c.obj)
                              (--whole-archive)
arch/arch/arm/core/aarch32/libarch__arm__core__aarch32.a(swap_helper.S.obj)
                              (--whole-archive)
arch/arch/arm/core/aarch32/libarch__arm__core__aarch32.a(irq_manage.c.obj)
                              (--whole-archive)
arch/arch/arm/core/aarch32/libarch__arm__core__aarch32.a(thread.c.obj)
                              (--whole-archive)
arch/arch/arm/core/aarch32/libarch__arm__core__aarch32.a(cpu_idle.S.obj)
                              (--whole-archive)
arch/arch/arm/core/aarch32/libarch__arm__core__aarch32.a(fatal.c.obj)
                              (--whole-archive)
arch/arch/arm/core/aarch32/libarch__arm__core__aarch32.a(nmi.c.obj)
                              (--whole-archive)
arch/arch/arm/core/aarch32/libarch__arm__core__aarch32.a(nmi_on_reset.S.obj)
                              (--whole-archive)
arch/arch/arm/core/aarch32/libarch__arm__core__aarch32.a(prep_c.c.obj)
                              (--whole-archive)
arch/arch/arm/core/aarch32/libarch__arm__core__aarch32.a(isr_wrapper.S.obj)
                              (--whole-archive)
arch/arch/arm/core/aarch32/libarch__arm__core__aarch32.a(userspace.S.obj)
                              (--whole-archive)
arch/arch/arm/core/aarch32/cortex_m/libarch__arm__core__aarch32__cortex_m.a(vector_table.S.obj)
                              (--whole-archive)
arch/arch/arm/core/aarch32/cortex_m/libarch__arm__core__aarch32__cortex_m.a(reset.S.obj)
                              (--whole-archive)
arch/arch/arm/core/aarch32/cortex_m/libarch__arm__core__aarch32__cortex_m.a(fault_s.S.obj)
                              (--whole-archive)
arch/arch/arm/core/aarch32/cortex_m/libarch__arm__core__aarch32__cortex_m.a(fault.c.obj)
                              (--whole-archive)
arch/arch/arm/core/aarch32/cortex_m/libarch__arm__core__aarch32__cortex_m.a(exc_exit.S.obj)
                              (--whole-archive)
arch/arch/arm/core/aarch32/cortex_m/libarch__arm__core__aarch32__cortex_m.a(scb.c.obj)
                              (--whole-archive)
arch/arch/arm/core/aarch32/cortex_m/libarch__arm__core__aarch32__cortex_m.a(irq_init.c.obj)
                              (--whole-archive)
arch/arch/arm/core/aarch32/cortex_m/libarch__arm__core__aarch32__cortex_m.a(thread_abort.c.obj)
                              (--whole-archive)
arch/arch/arm/core/aarch32/cortex_m/mpu/libarch__arm__core__aarch32__cortex_m__mpu.a(arm_core_mpu.c.obj)
                              (--whole-archive)
arch/arch/arm/core/aarch32/cortex_m/mpu/libarch__arm__core__aarch32__cortex_m__mpu.a(arm_mpu.c.obj)
                              (--whole-archive)
lib/libc/minimal/liblib__libc__minimal.a(atoi.c.obj)
                              (--whole-archive)
[...]
Memory Configuration

Name             Origin             Length             Attributes
FLASH            0x0000000000000000 0x0000000000080000 xr
SRAM             0x0000000020000000 0x0000000000010000 xw
IDT_LIST         0x0000000020010000 0x0000000000000800 xw
*default*        0x0000000000000000 0xffffffffffffffff

Linker script and memory map

LOAD CMakeFiles/zephyr_final.dir/misc/empty_file.c.obj
LOAD CMakeFiles/zephyr_final.dir/isr_tables.c.obj
LOAD kobject_hash_renamed.o
                0x0000000000000020                _region_min_align = 0x20

.rel.plt        0x0000000000000000        0x0
 *(SORT_BY_ALIGNMENT(.rel.plt))
                [!provide]                        PROVIDE (__rel_iplt_start = .)
 *(SORT_BY_ALIGNMENT(.rel.iplt))
 .rel.iplt      0x0000000000000000        0x0 CMakeFiles/zephyr_final.dir/isr_tables.c.obj
                [!provide]                        PROVIDE (__rel_iplt_end = .)

.rela.plt       0x0000000000000000        0x0
 *(SORT_BY_ALIGNMENT(.rela.plt))
                [!provide]                        PROVIDE (__rela_iplt_start = .)
 *(SORT_BY_ALIGNMENT(.rela.iplt))
                [!provide]                        PROVIDE (__rela_iplt_end = .)

.rel.dyn
 *(SORT_BY_ALIGNMENT(.rel.*))

.rela.dyn
 *(SORT_BY_ALIGNMENT(.rela.*))

/DISCARD/
 *(SORT_BY_ALIGNMENT(.plt))
 *(SORT_BY_ALIGNMENT(.iplt))
 *(SORT_BY_ALIGNMENT(.got.plt))
 *(SORT_BY_ALIGNMENT(.igot.plt))
 *(SORT_BY_ALIGNMENT(.got))
 *(SORT_BY_ALIGNMENT(.igot))
 *(SORT_BY_ALIGNMENT(.irq_info))
 *(SORT_BY_ALIGNMENT(.intList))
 *(SORT_BY_ALIGNMENT(.note.GNU-stack))
                0x0000000000000000                _image_rom_start = 0x0

rom_start       0x0000000000000000       0xdc
                0x0000000000000000                . = 0x0
                0x0000000000000000                . = ALIGN (0x4)
                0x0000000000000000                . = ALIGN (0x80)
                0x0000000000000000                . = ALIGN (0x100)
                0x0000000000000000                _vector_start = .
 *(SORT_BY_ALIGNMENT(.exc_vector_table))
 *(SORT_BY_ALIGNMENT(.exc_vector_table.*))
 .exc_vector_table._vector_table_section
                0x0000000000000000       0x40 arch/arch/arm/core/aarch32/cortex_m/libarch__arm__core__aarch32__cortex_m.a(vector_table.S.obj)
                0x0000000000000000                _vector_table
 *(SORT_BY_ALIGNMENT(.gnu.linkonce.irq_vector_table))
 .gnu.linkonce.irq_vector_table
                0x0000000000000040       0x9c CMakeFiles/zephyr_final.dir/isr_tables.c.obj
                0x0000000000000040                _irq_vector_table
 *(SORT_BY_ALIGNMENT(.vectors))
                0x00000000000000dc                _vector_end = .
 *(SORT_BY_ALIGNMENT(.openocd_dbg))
 *(SORT_BY_ALIGNMENT(.openocd_dbg.*))

text            0x00000000000000dc     0x68a4
                0x00000000000000dc                _image_text_start = .
                0x00000000000000dc                _kobject_text_area_start = .
 *(SORT_BY_ALIGNMENT(.kobject_data.text*))
 .kobject_data.text
                0x00000000000000dc       0x58 kobject_hash_renamed.o
                0x00000000000000dc                z_object_find
                0x00000000000000dc                z_object_gperf_find
                0x0000000000000110                z_object_gperf_wordlist_foreach
                0x0000000000000110                z_object_wordlist_foreach
                0x0000000000000134                _kobject_text_area_end = .
                0x0000000000000134                _kobject_text_area_used = (_kobject_text_area_end - _kobject_text_area_start)
                0x00000000000001dc                . = MAX (., (_kobject_text_area_start + 0x100))
 *fill*         0x0000000000000134       0xa8 
                0x0000000000000001                ASSERT ((0x100 >= _kobject_text_area_used), The configuration system has incorrectly set
'CONFIG_KOBJECT_TEXT_AREA' to
256, which is not big enough. You must
through Kconfig either disable 'CONFIG_USERSPACE', or set
'CONFIG_KOBJECT_TEXT_AREA' to a value larger than
256 .)
 *(SORT_BY_ALIGNMENT(.text))
 .text          0x00000000000001dc       0x30 /home/huynhtai/Downloads/ebook_RTOS/Zephyr_SDK/arm-zephyr-eabi/bin/../lib/gcc/arm-zephyr-eabi/9.2.0/thumb/v7e-m/nofp/libgcc.a(_aeabi_uldivmod.o)
                0x00000000000001dc                __aeabi_uldivmod
 .text          0x000000000000020c      0x2c4 /home/huynhtai/Downloads/ebook_RTOS/Zephyr_SDK/arm-zephyr-eabi/bin/../lib/gcc/arm-zephyr-eabi/9.2.0/thumb/v7e-m/nofp/libgcc.a(_udivmoddi4.o)
                0x000000000000020c                __udivmoddi4
 .text          0x00000000000004d0        0x4 /home/huynhtai/Downloads/ebook_RTOS/Zephyr_SDK/arm-zephyr-eabi/bin/../lib/gcc/arm-zephyr-eabi/9.2.0/thumb/v7e-m/nofp/libgcc.a(_dvmd_tls.o)
                0x00000000000004d0                __aeabi_ldiv0
                0x00000000000004d0                __aeabi_idiv0
 *(SORT_BY_ALIGNMENT(.text.*))
 .text.Thread_receive_a
                0x00000000000004d4       0x54 ../app/libapp.a(main.c.obj)
                0x00000000000004d4                Thread_receive_a
 .text.Thread_send_a
                0x0000000000000528       0xac ../app/libapp.a(main.c.obj)
                0x0000000000000528                Thread_send_a
 .text.device_get_binding.constprop.0
                0x00000000000005d4       0x24 ../app/libapp.a(main.c.obj)
 .text.main     0x00000000000005f8      0x204 ../app/libapp.a(main.c.obj)
                0x00000000000005f8                main
 .text.print_digits
                0x00000000000007fc       0x98 libzephyr.a(printk.c.obj)
 .text.char_out
                0x0000000000000894       0x10 libzephyr.a(printk.c.obj)
 .text.__printk_hook_install
                0x00000000000008a4        0xc libzephyr.a(printk.c.obj)
                0x00000000000008a4                __printk_hook_install
 .text.z_vprintk
                0x00000000000008b0      0x23c libzephyr.a(printk.c.obj)
                0x00000000000008b0                z_vprintk
 .text.z_impl_k_str_out
                0x0000000000000aec       0x1c libzephyr.a(printk.c.obj)
                0x0000000000000aec                z_impl_k_str_out
 .text.vprintk  0x0000000000000b08       0x4c libzephyr.a(printk.c.obj)
                0x0000000000000b08                vprintk
 .text.z_mrsh_k_str_out
                0x0000000000000b54       0x40 libzephyr.a(printk.c.obj)
                0x0000000000000b54                z_mrsh_k_str_out
 .text.process_event
                0x0000000000000b94      0x1dc libzephyr.a(onoff.c.obj)
 .text.z_mrsh_z_sys_mutex_kernel_lock
                0x0000000000000d70       0x40 libzephyr.a(mutex.c.obj)
                0x0000000000000d70                z_mrsh_z_sys_mutex_kernel_lock
 .text.z_impl_z_sys_mutex_kernel_unlock
                0x0000000000000db0       0x4c libzephyr.a(mutex.c.obj)
                0x0000000000000db0                z_impl_z_sys_mutex_kernel_unlock
 .text.z_mrsh_z_sys_mutex_kernel_unlock
                0x0000000000000dfc       0x38 libzephyr.a(mutex.c.obj)
                0x0000000000000dfc                z_mrsh_z_sys_mutex_kernel_unlock
 .text.console_out
                0x0000000000000e34       0x24 libzephyr.a(uart_console.c.obj)
 .text.uart_console_init
                0x0000000000000e58       0x44 libzephyr.a(uart_console.c.obj)
 .text.onoff_stop
                0x0000000000000e9c       0x48 libzephyr.a(nrf_power_clock.c.obj)
 .text.onoff_start
                0x0000000000000ee4       0x5c libzephyr.a(nrf_power_clock.c.obj)
 .text.clk_init
                0x0000000000000f40       0x50 libzephyr.a(nrf_power_clock.c.obj)
 .text.clkstarted_handle.constprop.0
                0x0000000000000f90       0x38 libzephyr.a(nrf_power_clock.c.obj)
 .text.generic_hfclk_start
                0x0000000000000fc8       0x68 libzephyr.a(nrf_power_clock.c.obj)
 .text.lfclk_stop
                0x0000000000001030       0x20 libzephyr.a(nrf_power_clock.c.obj)
 .text.generic_hfclk_stop
                0x0000000000001050       0x44 libzephyr.a(nrf_power_clock.c.obj)
 .text.lfclk_start
                0x0000000000001094       0x38 libzephyr.a(nrf_power_clock.c.obj)
 .text.api_blocking_start
                0x00000000000010cc       0x58 libzephyr.a(nrf_power_clock.c.obj)
 .text.nrf_power_clock_isr
                0x0000000000001124       0x74 libzephyr.a(nrf_power_clock.c.obj)
                0x0000000000001124                nrf_power_clock_isr
 .text.z_nrf_clock_control_lf_on
                0x0000000000001198       0x54 libzephyr.a(nrf_power_clock.c.obj)
                0x0000000000001198                z_nrf_clock_control_lf_on
 .text.handle_next_cycle_case
                0x00000000000011ec       0x28 libzephyr.a(nrf_rtc_timer.c.obj)
 .text.event_clear
                0x0000000000001214       0x18 libzephyr.a(nrf_rtc_timer.c.obj)
 .text.rtc_nrf_isr
                0x000000000000122c       0x2c libzephyr.a(nrf_rtc_timer.c.obj)
                0x000000000000122c                rtc_nrf_isr
 .text.z_clock_driver_init
                0x0000000000001258       0x50 libzephyr.a(nrf_rtc_timer.c.obj)
                0x0000000000001258                z_clock_driver_init
 .text.z_clock_set_timeout
                0x00000000000012a8       0xd8 libzephyr.a(nrf_rtc_timer.c.obj)
                0x00000000000012a8                z_clock_set_timeout
 .text.z_clock_elapsed
                0x0000000000001380       0x34 libzephyr.a(nrf_rtc_timer.c.obj)
                0x0000000000001380                z_clock_elapsed
 .text._DoInit  0x00000000000013b4       0x60 libzephyr.a(SEGGER_RTT.c.obj)
 .text.arch_swap
                0x0000000000001414       0x38 arch/arch/arm/core/aarch32/libarch__arm__core__aarch32.a(swap.c.obj)
                0x0000000000001414                arch_swap
 .text.z_arm_pendsv
                0x000000000000144c       0x70 arch/arch/arm/core/aarch32/libarch__arm__core__aarch32.a(swap_helper.S.obj)
                0x000000000000144c                z_arm_pendsv
 .text.z_arm_svc
                0x00000000000014bc       0x70 arch/arch/arm/core/aarch32/libarch__arm__core__aarch32.a(swap_helper.S.obj)
                0x00000000000014bc                z_arm_svc
 .text.arch_irq_enable
                0x000000000000152c       0x20 arch/arch/arm/core/aarch32/libarch__arm__core__aarch32.a(irq_manage.c.obj)
                0x000000000000152c                arch_irq_enable
 .text.z_arm_irq_priority_set
                0x000000000000154c       0x30 arch/arch/arm/core/aarch32/libarch__arm__core__aarch32.a(irq_manage.c.obj)
                0x000000000000154c                z_arm_irq_priority_set
 .text.arch_user_mode_enter
                0x000000000000157c       0x38 arch/arch/arm/core/aarch32/libarch__arm__core__aarch32.a(thread.c.obj)
                0x000000000000157c                arch_user_mode_enter
 .text.arch_new_thread
                0x00000000000015b4       0x50 arch/arch/arm/core/aarch32/libarch__arm__core__aarch32.a(thread.c.obj)
                0x00000000000015b4                arch_new_thread
 .text.z_check_thread_stack_fail
                0x0000000000001604       0x48 arch/arch/arm/core/aarch32/libarch__arm__core__aarch32.a(thread.c.obj)
                0x0000000000001604                z_check_thread_stack_fail
 .text.arch_switch_to_main_thread
                0x000000000000164c       0x34 arch/arch/arm/core/aarch32/libarch__arm__core__aarch32.a(thread.c.obj)
                0x000000000000164c                arch_switch_to_main_thread
 .text.z_arm_cpu_idle_init
                0x0000000000001680        0xc arch/arch/arm/core/aarch32/libarch__arm__core__aarch32.a(cpu_idle.S.obj)
                0x0000000000001680                z_arm_cpu_idle_init
 .text.arch_cpu_idle
                0x000000000000168c       0x1c arch/arch/arm/core/aarch32/libarch__arm__core__aarch32.a(cpu_idle.S.obj)
                0x000000000000168c                arch_cpu_idle
 .text.z_SysNmiOnReset
                0x00000000000016a8        0x8 arch/arch/arm/core/aarch32/libarch__arm__core__aarch32.a(nmi_on_reset.S.obj)
                0x00000000000016a8                z_SysNmiOnReset
 .text.z_arm_prep_c
                0x00000000000016b0       0x44 arch/arch/arm/core/aarch32/libarch__arm__core__aarch32.a(prep_c.c.obj)
                0x00000000000016b0                z_arm_prep_c
 .text._isr_wrapper
                0x00000000000016f4       0x40 arch/arch/arm/core/aarch32/libarch__arm__core__aarch32.a(isr_wrapper.S.obj)
                0x00000000000016f4                _isr_wrapper
 .text.z_arm_userspace_enter
                0x0000000000001734       0x84 arch/arch/arm/core/aarch32/libarch__arm__core__aarch32.a(userspace.S.obj)
                0x0000000000001734                z_arm_userspace_enter
 .text.z_arm_do_syscall
                0x00000000000017b8       0x94 arch/arch/arm/core/aarch32/libarch__arm__core__aarch32.a(userspace.S.obj)
                0x00000000000017b8                z_arm_do_syscall
 .text.arch_user_string_nlen
                0x000000000000184c       0x24 arch/arch/arm/core/aarch32/libarch__arm__core__aarch32.a(userspace.S.obj)
                0x000000000000184c                arch_user_string_nlen
                0x0000000000001856                z_arm_user_string_nlen_fault_start
                0x0000000000001858                z_arm_user_string_nlen_fault_end
                0x0000000000001868                z_arm_user_string_nlen_fixup
 .text._reset_section
                0x0000000000001870       0x30 arch/arch/arm/core/aarch32/cortex_m/libarch__arm__core__aarch32__cortex_m.a(reset.S.obj)
                0x0000000000001870                z_arm_reset
                0x0000000000001870                __start
 .text.__fault  0x00000000000018a0       0x14 arch/arch/arm/core/aarch32/cortex_m/libarch__arm__core__aarch32__cortex_m.a(fault_s.S.obj)
                0x00000000000018a0                z_arm_bus_fault
                0x00000000000018a0                z_arm_usage_fault
                0x00000000000018a0                z_arm_mpu_fault
                0x00000000000018a0                z_arm_exc_spurious
                0x00000000000018a0                z_arm_debug_monitor
                0x00000000000018a0                z_arm_hard_fault
 .text.mem_manage_fault
                0x00000000000018b4       0xbc arch/arch/arm/core/aarch32/cortex_m/libarch__arm__core__aarch32__cortex_m.a(fault.c.obj)
 .text.usage_fault.isra.0
                0x0000000000001970       0x5c arch/arch/arm/core/aarch32/cortex_m/libarch__arm__core__aarch32__cortex_m.a(fault.c.obj)
 .text.bus_fault
                0x00000000000019cc       0x9c arch/arch/arm/core/aarch32/cortex_m/libarch__arm__core__aarch32__cortex_m.a(fault.c.obj)
 .text.z_arm_fault
                0x0000000000001a68      0x104 arch/arch/arm/core/aarch32/cortex_m/libarch__arm__core__aarch32__cortex_m.a(fault.c.obj)
                0x0000000000001a68                z_arm_fault
 .text.z_arm_fault_init
                0x0000000000001b6c       0x10 arch/arch/arm/core/aarch32/cortex_m/libarch__arm__core__aarch32__cortex_m.a(fault.c.obj)
                0x0000000000001b6c                z_arm_fault_init
 .text._HandlerModeExit
                0x0000000000001b7c       0x1c arch/arch/arm/core/aarch32/cortex_m/libarch__arm__core__aarch32__cortex_m.a(exc_exit.S.obj)
                0x0000000000001b7c                z_arm_exc_exit
                0x0000000000001b7c                z_arm_int_exit
 .text.z_arm_interrupt_init
                0x0000000000001b98       0x18 arch/arch/arm/core/aarch32/cortex_m/libarch__arm__core__aarch32__cortex_m.a(irq_init.c.obj)
                0x0000000000001b98                z_arm_interrupt_init
 .text.z_impl_k_thread_abort
                0x0000000000001bb0       0x4c arch/arch/arm/core/aarch32/cortex_m/libarch__arm__core__aarch32__cortex_m.a(thread_abort.c.obj)
                0x0000000000001bb0                z_impl_k_thread_abort
 .text.z_arm_configure_static_mpu_regions
                0x0000000000001bfc       0x38 arch/arch/arm/core/aarch32/cortex_m/mpu/libarch__arm__core__aarch32__cortex_m__mpu.a(arm_core_mpu.c.obj)
                0x0000000000001bfc                z_arm_configure_static_mpu_regions
 .text.z_arm_configure_dynamic_mpu_regions
                0x0000000000001c34       0x80 arch/arch/arm/core/aarch32/cortex_m/mpu/libarch__arm__core__aarch32__cortex_m__mpu.a(arm_core_mpu.c.obj)
                0x0000000000001c34                z_arm_configure_dynamic_mpu_regions
 .text.arch_mem_domain_thread_add
                0x0000000000001cb4       0x14 arch/arch/arm/core/aarch32/cortex_m/mpu/libarch__arm__core__aarch32__cortex_m__mpu.a(arm_core_mpu.c.obj)
                0x0000000000001cb4                arch_mem_domain_thread_add
 .text.is_enabled_region
                0x0000000000001cc8       0x28 arch/arch/arm/core/aarch32/cortex_m/mpu/libarch__arm__core__aarch32__cortex_m__mpu.a(arm_mpu.c.obj)
 .text.mpu_configure_region
                0x0000000000001cf0       0x64 arch/arch/arm/core/aarch32/cortex_m/mpu/libarch__arm__core__aarch32__cortex_m__mpu.a(arm_mpu.c.obj)
 .text.arm_core_mpu_enable
                0x0000000000001d54       0x14 arch/arch/arm/core/aarch32/cortex_m/mpu/libarch__arm__core__aarch32__cortex_m__mpu.a(arm_mpu.c.obj)
                0x0000000000001d54                arm_core_mpu_enable
 .text.arm_core_mpu_disable
                0x0000000000001d68       0x10 arch/arch/arm/core/aarch32/cortex_m/mpu/libarch__arm__core__aarch32__cortex_m__mpu.a(arm_mpu.c.obj)
                0x0000000000001d68                arm_core_mpu_disable
 .text.arm_mpu_init
                0x0000000000001d78       0x64 arch/arch/arm/core/aarch32/cortex_m/mpu/libarch__arm__core__aarch32__cortex_m__mpu.a(arm_mpu.c.obj)
 .text.arm_core_mpu_get_max_available_dyn_regions
                0x0000000000001ddc       0x10 arch/arch/arm/core/aarch32/cortex_m/mpu/libarch__arm__core__aarch32__cortex_m__mpu.a(arm_mpu.c.obj)
                0x0000000000001ddc                arm_core_mpu_get_max_available_dyn_regions
 .text.arm_core_mpu_buffer_validate
                0x0000000000001dec       0xa8 arch/arch/arm/core/aarch32/cortex_m/mpu/libarch__arm__core__aarch32__cortex_m__mpu.a(arm_mpu.c.obj)
                0x0000000000001dec                arm_core_mpu_buffer_validate
 .text.arm_core_mpu_configure_static_mpu_regions
                0x0000000000001e94       0x4c arch/arch/arm/core/aarch32/cortex_m/mpu/libarch__arm__core__aarch32__cortex_m__mpu.a(arm_mpu.c.obj)
                0x0000000000001e94                arm_core_mpu_configure_static_mpu_regions
 .text.arm_core_mpu_configure_dynamic_mpu_regions
                0x0000000000001ee0       0x4c arch/arch/arm/core/aarch32/cortex_m/mpu/libarch__arm__core__aarch32__cortex_m__mpu.a(arm_mpu.c.obj)
                0x0000000000001ee0                arm_core_mpu_configure_dynamic_mpu_regions
 .text.__stdout_hook_install
                0x0000000000001f2c        0xc lib/libc/minimal/liblib__libc__minimal.a(stdout_console.c.obj)
                0x0000000000001f2c                __stdout_hook_install
 .text.z_impl_zephyr_fputc
                0x0000000000001f38       0x14 lib/libc/minimal/liblib__libc__minimal.a(stdout_console.c.obj)
                0x0000000000001f38                z_impl_zephyr_fputc
 .text.z_mrsh_zephyr_fputc
                0x0000000000001f4c       0x20 lib/libc/minimal/liblib__libc__minimal.a(stdout_console.c.obj)
                0x0000000000001f4c                z_mrsh_zephyr_fputc
 .text.z_impl_zephyr_fwrite
                0x0000000000001f6c       0x48 lib/libc/minimal/liblib__libc__minimal.a(stdout_console.c.obj)
                0x0000000000001f6c                z_impl_zephyr_fwrite
 .text.z_mrsh_zephyr_fwrite
                0x0000000000001fb4       0x54 lib/libc/minimal/liblib__libc__minimal.a(stdout_console.c.obj)
                0x0000000000001fb4                z_mrsh_zephyr_fwrite
 .text.nordicsemi_nrf52_init
                0x0000000000002008       0x30 soc/arm/nordic_nrf/nrf52/libsoc__arm__nordic_nrf__nrf52.a(soc.c.obj)
 .text.arch_busy_wait
                0x0000000000002038       0x14 soc/arm/nordic_nrf/nrf52/libsoc__arm__nordic_nrf__nrf52.a(soc.c.obj)
                0x0000000000002038                arch_busy_wait
 .text.gpio_nrfx_init
                0x000000000000204c       0x30 drivers/gpio/libdrivers__gpio.a(gpio_nrfx.c.obj)
 .text.gpio_nrfx_config
                0x000000000000207c       0xbc drivers/gpio/libdrivers__gpio.a(gpio_nrfx.c.obj)
 .text.gpio_nrfx_pin_interrupt_configure
                0x0000000000002138      0x1e4 drivers/gpio/libdrivers__gpio.a(gpio_nrfx.c.obj)
 .text.gpiote_event_handler
                0x000000000000231c      0x148 drivers/gpio/libdrivers__gpio.a(gpio_nrfx.c.obj)
 .text.z_mrsh_gpio_config
                0x0000000000002464       0x58 drivers/gpio/libdrivers__gpio.a(gpio_handlers.c.obj)
                0x0000000000002464                z_mrsh_gpio_config
 .text.z_mrsh_gpio_port_get_raw
                0x00000000000024bc       0x64 drivers/gpio/libdrivers__gpio.a(gpio_handlers.c.obj)
                0x00000000000024bc                z_mrsh_gpio_port_get_raw
 .text.z_mrsh_gpio_port_set_masked_raw
                0x0000000000002520       0x58 drivers/gpio/libdrivers__gpio.a(gpio_handlers.c.obj)
                0x0000000000002520                z_mrsh_gpio_port_set_masked_raw
 .text.z_mrsh_gpio_port_set_bits_raw
                0x0000000000002578       0x4c drivers/gpio/libdrivers__gpio.a(gpio_handlers.c.obj)
                0x0000000000002578                z_mrsh_gpio_port_set_bits_raw
 .text.z_mrsh_gpio_port_clear_bits_raw
                0x00000000000025c4       0x4c drivers/gpio/libdrivers__gpio.a(gpio_handlers.c.obj)
                0x00000000000025c4                z_mrsh_gpio_port_clear_bits_raw
 .text.z_mrsh_gpio_port_toggle_bits
                0x0000000000002610       0x4c drivers/gpio/libdrivers__gpio.a(gpio_handlers.c.obj)
                0x0000000000002610                z_mrsh_gpio_port_toggle_bits
 .text.z_mrsh_gpio_pin_interrupt_configure
                0x000000000000265c       0x70 drivers/gpio/libdrivers__gpio.a(gpio_handlers.c.obj)
                0x000000000000265c                z_mrsh_gpio_pin_interrupt_configure
 .text.z_mrsh_gpio_get_pending_int
                0x00000000000026cc       0x48 drivers/gpio/libdrivers__gpio.a(gpio_handlers.c.obj)
                0x00000000000026cc                z_mrsh_gpio_get_pending_int
 .text.uart_nrfx_err_check
                0x0000000000002714       0x10 drivers/serial/libdrivers__serial.a(uart_nrfx_uart.c.obj)
 .text.uart_nrfx_configure
                0x0000000000002724      0x164 drivers/serial/libdrivers__serial.a(uart_nrfx_uart.c.obj)
 .text.uart_nrfx_poll_in
                0x0000000000002888       0x2c drivers/serial/libdrivers__serial.a(uart_nrfx_uart.c.obj)
 .text.uart_nrfx_poll_out
                0x00000000000028b4       0x88 drivers/serial/libdrivers__serial.a(uart_nrfx_uart.c.obj)
 .text.uart_nrfx_init
                0x000000000000293c       0x6c drivers/serial/libdrivers__serial.a(uart_nrfx_uart.c.obj)
 .text.z_mrsh_uart_err_check
                0x00000000000029a8       0x48 drivers/serial/libdrivers__serial.a(uart_handlers.c.obj)
                0x00000000000029a8                z_mrsh_uart_err_check
 .text.z_mrsh_uart_poll_in
                0x00000000000029f0       0x64 drivers/serial/libdrivers__serial.a(uart_handlers.c.obj)
                0x00000000000029f0                z_mrsh_uart_poll_in
 .text.z_mrsh_uart_poll_out
                0x0000000000002a54       0x4c drivers/serial/libdrivers__serial.a(uart_handlers.c.obj)
                0x0000000000002a54                z_mrsh_uart_poll_out
 .text.z_mrsh_uart_config_get
                0x0000000000002aa0       0x70 drivers/serial/libdrivers__serial.a(uart_handlers.c.obj)
                0x0000000000002aa0                z_mrsh_uart_config_get
 .text.z_mrsh_uart_configure
                0x0000000000002b10       0x70 drivers/serial/libdrivers__serial.a(uart_handlers.c.obj)
                0x0000000000002b10                z_mrsh_uart_configure
 .text.nrf52_errata_12
                0x0000000000002b80       0x40 ../modules/nordic/lib..__modules__hal__nordic.a(system_nrf52.c.obj)
 .text.nrf52_errata_16
                0x0000000000002bc0       0x2c ../modules/nordic/lib..__modules__hal__nordic.a(system_nrf52.c.obj)
 .text.SystemInit
                0x0000000000002bec      0x260 ../modules/nordic/lib..__modules__hal__nordic.a(system_nrf52.c.obj)
                0x0000000000002bec                SystemInit
 .text.z_sys_init_run_level
                0x0000000000002e4c       0x34 kernel/libkernel.a(device.c.obj)
                0x0000000000002e4c                z_sys_init_run_level
 .text.z_impl_device_get_binding
                0x0000000000002e80       0x48 kernel/libkernel.a(device.c.obj)
                0x0000000000002e80                z_impl_device_get_binding
 .text.z_mrsh_device_get_binding
                0x0000000000002ec8       0x34 kernel/libkernel.a(device.c.obj)
                0x0000000000002ec8                z_mrsh_device_get_binding
 .text.z_mrsh_z_errno
                0x0000000000002efc       0x14 kernel/libkernel.a(errno.c.obj)
                0x0000000000002efc                z_mrsh_z_errno
 .text.idle     0x0000000000002f10       0x34 kernel/libkernel.a(idle.c.obj)
                0x0000000000002f10                idle
 .text.z_bss_zero
                0x0000000000002f44       0x14 kernel/libkernel.a(init.c.obj)
                0x0000000000002f44                z_bss_zero
 .text.z_data_copy
                0x0000000000002f58       0x4c kernel/libkernel.a(init.c.obj)
                0x0000000000002f58                z_data_copy
 .text.bg_thread_main
                0x0000000000002fa4       0x48 kernel/libkernel.a(init.c.obj)
 .text.z_cstart
                0x0000000000002fec      0x104 kernel/libkernel.a(init.c.obj)
                0x0000000000002fec                z_cstart
 .text.z_mrsh_k_mutex_init
                0x00000000000030f0       0x40 kernel/libkernel.a(mutex.c.obj)
                0x00000000000030f0                z_mrsh_k_mutex_init
 .text.z_impl_k_mutex_lock
                0x0000000000003130      0x10c kernel/libkernel.a(mutex.c.obj)
                0x0000000000003130                z_impl_k_mutex_lock
 .text.z_mrsh_k_mutex_lock
                0x000000000000323c       0x4c kernel/libkernel.a(mutex.c.obj)
                0x000000000000323c                z_mrsh_k_mutex_lock
 .text.z_impl_k_mutex_unlock
                0x0000000000003288       0x94 kernel/libkernel.a(mutex.c.obj)
                0x0000000000003288                z_impl_k_mutex_unlock
 .text.z_mrsh_k_mutex_unlock
                0x000000000000331c       0x40 kernel/libkernel.a(mutex.c.obj)
                0x000000000000331c                z_mrsh_k_mutex_unlock
 .text.z_mrsh_k_queue_init
                0x000000000000335c       0x44 kernel/libkernel.a(queue.c.obj)
                0x000000000000335c                z_mrsh_k_queue_init
 .text.z_mrsh_k_queue_cancel_wait
                0x00000000000033a0       0x40 kernel/libkernel.a(queue.c.obj)
                0x00000000000033a0                z_mrsh_k_queue_cancel_wait
 .text.z_mrsh_k_queue_alloc_append
                0x00000000000033e0       0x44 kernel/libkernel.a(queue.c.obj)
                0x00000000000033e0                z_mrsh_k_queue_alloc_append
 .text.z_mrsh_k_queue_alloc_prepend
                0x0000000000003424       0x44 kernel/libkernel.a(queue.c.obj)
                0x0000000000003424                z_mrsh_k_queue_alloc_prepend
 .text.z_impl_k_queue_get
                0x0000000000003468       0x68 kernel/libkernel.a(queue.c.obj)
                0x0000000000003468                z_impl_k_queue_get
 .text.z_mrsh_k_queue_get
                0x00000000000034d0       0x4c kernel/libkernel.a(queue.c.obj)
                0x00000000000034d0                z_mrsh_k_queue_get
 .text.z_mrsh_k_queue_is_empty
                0x000000000000351c       0x40 kernel/libkernel.a(queue.c.obj)
                0x000000000000351c                z_mrsh_k_queue_is_empty
 .text.z_mrsh_k_queue_peek_head
                0x000000000000355c       0x40 kernel/libkernel.a(queue.c.obj)
                0x000000000000355c                z_mrsh_k_queue_peek_head
 .text.z_mrsh_k_queue_peek_tail
                0x000000000000359c       0x40 kernel/libkernel.a(queue.c.obj)
                0x000000000000359c                z_mrsh_k_queue_peek_tail
 .text.z_reset_time_slice
                0x00000000000035dc       0x2c kernel/libkernel.a(sched.c.obj)
                0x00000000000035dc                z_reset_time_slice
 .text.k_sched_time_slice_set
                0x0000000000003608       0x58 kernel/libkernel.a(sched.c.obj)
                0x0000000000003608                k_sched_time_slice_set
 .text.k_sched_lock
                0x0000000000003660       0x28 kernel/libkernel.a(sched.c.obj)
                0x0000000000003660                k_sched_lock
 .text.z_priq_dumb_remove
                0x0000000000003688       0x2c kernel/libkernel.a(sched.c.obj)
                0x0000000000003688                z_priq_dumb_remove
 .text.update_cache
                0x00000000000036b4       0x48 kernel/libkernel.a(sched.c.obj)
 .text.k_sched_unlock
                0x00000000000036fc       0x3c kernel/libkernel.a(sched.c.obj)
                0x00000000000036fc                k_sched_unlock
 .text.ready_thread
                0x0000000000003738       0x68 kernel/libkernel.a(sched.c.obj)
 .text.z_sched_start
                0x00000000000037a0       0x3c kernel/libkernel.a(sched.c.obj)
                0x00000000000037a0                z_sched_start
 .text.z_impl_k_thread_resume
                0x00000000000037dc       0x30 kernel/libkernel.a(sched.c.obj)
                0x00000000000037dc                z_impl_k_thread_resume
 .text.z_mrsh_k_thread_resume
                0x000000000000380c       0x40 kernel/libkernel.a(sched.c.obj)
                0x000000000000380c                z_mrsh_k_thread_resume
 .text.z_move_thread_to_end_of_prio_q
                0x000000000000384c       0x8c kernel/libkernel.a(sched.c.obj)
                0x000000000000384c                z_move_thread_to_end_of_prio_q
 .text.z_time_slice
                0x00000000000038d8       0x6c kernel/libkernel.a(sched.c.obj)
                0x00000000000038d8                z_time_slice
 .text.z_impl_k_thread_suspend
                0x0000000000003944       0x68 kernel/libkernel.a(sched.c.obj)
                0x0000000000003944                z_impl_k_thread_suspend
 .text.z_mrsh_k_thread_suspend
                0x00000000000039ac       0x40 kernel/libkernel.a(sched.c.obj)
                0x00000000000039ac                z_mrsh_k_thread_suspend
 .text.z_thread_single_abort
                0x00000000000039ec       0xd0 kernel/libkernel.a(sched.c.obj)
                0x00000000000039ec                z_thread_single_abort
 .text.unready_thread
                0x0000000000003abc       0x34 kernel/libkernel.a(sched.c.obj)
 .text.z_tick_sleep.part.0
                0x0000000000003af0       0x5c kernel/libkernel.a(sched.c.obj)
 .text.pend     0x0000000000003b4c       0x4c kernel/libkernel.a(sched.c.obj)
 .text.z_pend_curr
                0x0000000000003b98       0x28 kernel/libkernel.a(sched.c.obj)
                0x0000000000003b98                z_pend_curr
 .text.z_set_prio
                0x0000000000003bc0       0x88 kernel/libkernel.a(sched.c.obj)
                0x0000000000003bc0                z_set_prio
 .text.z_thread_priority_set
                0x0000000000003c48       0x20 kernel/libkernel.a(sched.c.obj)
                0x0000000000003c48                z_thread_priority_set
 .text.z_sched_init
                0x0000000000003c68       0x18 kernel/libkernel.a(sched.c.obj)
                0x0000000000003c68                z_sched_init
 .text.z_mrsh_k_thread_priority_get
                0x0000000000003c80       0x3c kernel/libkernel.a(sched.c.obj)
                0x0000000000003c80                z_mrsh_k_thread_priority_get
 .text.z_mrsh_k_thread_priority_set
                0x0000000000003cbc       0x64 kernel/libkernel.a(sched.c.obj)
                0x0000000000003cbc                z_mrsh_k_thread_priority_set
 .text.z_impl_k_yield
                0x0000000000003d20       0x9c kernel/libkernel.a(sched.c.obj)
                0x0000000000003d20                z_impl_k_yield
 .text.z_mrsh_k_yield
                0x0000000000003dbc       0x20 kernel/libkernel.a(sched.c.obj)
                0x0000000000003dbc                z_mrsh_k_yield
 .text.z_impl_k_sleep
                0x0000000000003ddc       0x48 kernel/libkernel.a(sched.c.obj)
                0x0000000000003ddc                z_impl_k_sleep
 .text.z_mrsh_k_sleep
                0x0000000000003e24       0x20 kernel/libkernel.a(sched.c.obj)
                0x0000000000003e24                z_mrsh_k_sleep
 .text.z_impl_k_usleep
                0x0000000000003e44       0x48 kernel/libkernel.a(sched.c.obj)
                0x0000000000003e44                z_impl_k_usleep
 .text.z_mrsh_k_usleep
                0x0000000000003e8c       0x20 kernel/libkernel.a(sched.c.obj)
                0x0000000000003e8c                z_mrsh_k_usleep
 .text.z_mrsh_k_wakeup
                0x0000000000003eac       0x40 kernel/libkernel.a(sched.c.obj)
                0x0000000000003eac                z_mrsh_k_wakeup
 .text.z_impl_k_current_get
                0x0000000000003eec        0xc kernel/libkernel.a(sched.c.obj)
                0x0000000000003eec                z_impl_k_current_get
 .text.z_mrsh_k_current_get
                0x0000000000003ef8       0x10 kernel/libkernel.a(sched.c.obj)
                0x0000000000003ef8                z_mrsh_k_current_get
 .text.z_impl_k_is_preempt_thread
                0x0000000000003f08       0x20 kernel/libkernel.a(sched.c.obj)
                0x0000000000003f08                z_impl_k_is_preempt_thread
 .text.z_mrsh_k_is_preempt_thread
                0x0000000000003f28       0x20 kernel/libkernel.a(sched.c.obj)
                0x0000000000003f28                z_mrsh_k_is_preempt_thread
 .text.z_impl_k_thread_join
                0x0000000000003f48       0x88 kernel/libkernel.a(sched.c.obj)
                0x0000000000003f48                z_impl_k_thread_join
 .text.z_mrsh_k_thread_join
                0x0000000000003fd0       0x34 kernel/libkernel.a(sched.c.obj)
                0x0000000000003fd0                z_mrsh_k_thread_join
 .text.z_mrsh_k_thread_abort
                0x0000000000004004       0x40 kernel/libkernel.a(sched.c.obj)
                0x0000000000004004                z_mrsh_k_thread_abort
 .text.z_vrfy_k_sem_init
                0x0000000000004044       0x38 kernel/libkernel.a(sem.c.obj)
                0x0000000000004044                z_vrfy_k_sem_init
 .text.z_mrsh_k_sem_init
                0x000000000000407c       0x20 kernel/libkernel.a(sem.c.obj)
                0x000000000000407c                z_mrsh_k_sem_init
 .text.z_impl_k_sem_give
                0x000000000000409c       0x4c kernel/libkernel.a(sem.c.obj)
                0x000000000000409c                z_impl_k_sem_give
 .text.z_mrsh_k_sem_give
                0x00000000000040e8       0x40 kernel/libkernel.a(sem.c.obj)
                0x00000000000040e8                z_mrsh_k_sem_give
 .text.z_impl_k_sem_take
                0x0000000000004128       0x54 kernel/libkernel.a(sem.c.obj)
                0x0000000000004128                z_impl_k_sem_take
 .text.z_mrsh_k_sem_take
                0x000000000000417c       0x4c kernel/libkernel.a(sem.c.obj)
                0x000000000000417c                z_mrsh_k_sem_take
 .text.z_mrsh_k_sem_reset
                0x00000000000041c8       0x38 kernel/libkernel.a(sem.c.obj)
                0x00000000000041c8                z_mrsh_k_sem_reset
 .text.z_mrsh_k_sem_count_get
                0x0000000000004200       0x3c kernel/libkernel.a(sem.c.obj)
                0x0000000000004200                z_mrsh_k_sem_count_get
 .text.schedule_new_thread
                0x000000000000423c       0x20 kernel/libkernel.a(thread.c.obj)
 .text.z_mrsh_k_busy_wait
                0x000000000000425c       0x20 kernel/libkernel.a(thread.c.obj)
                0x000000000000425c                z_mrsh_k_busy_wait
 .text.z_mrsh_k_thread_name_set
                0x000000000000427c       0x14 kernel/libkernel.a(thread.c.obj)
                0x000000000000427c                z_mrsh_k_thread_name_set
 .text.z_mrsh_k_thread_name_copy
                0x0000000000004290       0x14 kernel/libkernel.a(thread.c.obj)
                0x0000000000004290                z_mrsh_k_thread_name_copy
 .text.z_mrsh_k_thread_start
                0x00000000000042a4       0x40 kernel/libkernel.a(thread.c.obj)
                0x00000000000042a4                z_mrsh_k_thread_start
 .text.z_setup_new_thread
                0x00000000000042e4       0xd8 kernel/libkernel.a(thread.c.obj)
                0x00000000000042e4                z_setup_new_thread
 .text.z_vrfy_k_thread_create
                0x00000000000043bc       0xb4 kernel/libkernel.a(thread.c.obj)
                0x00000000000043bc                z_vrfy_k_thread_create
 .text.z_mrsh_k_thread_create
                0x0000000000004470       0x70 kernel/libkernel.a(thread.c.obj)
                0x0000000000004470                z_mrsh_k_thread_create
 .text.z_init_static_threads
                0x00000000000044e0       0xd0 kernel/libkernel.a(thread.c.obj)
                0x00000000000044e0                z_init_static_threads
 .text.z_mrsh_k_float_disable
                0x00000000000045b0       0x38 kernel/libkernel.a(thread.c.obj)
                0x00000000000045b0                z_mrsh_k_float_disable
 .text.z_mrsh_k_thread_timeout_remaining_ticks
                0x00000000000045e8       0x40 kernel/libkernel.a(thread.c.obj)
                0x00000000000045e8                z_mrsh_k_thread_timeout_remaining_ticks
 .text.z_mrsh_k_thread_timeout_expires_ticks
                0x0000000000004628       0x40 kernel/libkernel.a(thread.c.obj)
                0x0000000000004628                z_mrsh_k_thread_timeout_expires_ticks
 .text.elapsed  0x0000000000004668       0x14 kernel/libkernel.a(timeout.c.obj)
 .text.remove_timeout
                0x000000000000467c       0x34 kernel/libkernel.a(timeout.c.obj)
 .text.next_timeout
                0x00000000000046b0       0x34 kernel/libkernel.a(timeout.c.obj)
 .text.timeout_rem
                0x00000000000046e4       0x4c kernel/libkernel.a(timeout.c.obj)
 .text.z_add_timeout
                0x0000000000004730      0x110 kernel/libkernel.a(timeout.c.obj)
                0x0000000000004730                z_add_timeout
 .text.z_timeout_expires
                0x0000000000004840       0x30 kernel/libkernel.a(timeout.c.obj)
                0x0000000000004840                z_timeout_expires
 .text.z_clock_announce
                0x0000000000004870       0xdc kernel/libkernel.a(timeout.c.obj)
                0x0000000000004870                z_clock_announce
 .text.z_tick_get
                0x000000000000494c       0x34 kernel/libkernel.a(timeout.c.obj)
                0x000000000000494c                z_tick_get
 .text.z_mrsh_k_uptime_ticks
                0x0000000000004980       0x48 kernel/libkernel.a(timeout.c.obj)
                0x0000000000004980                z_mrsh_k_uptime_ticks
 .text.z_impl_k_poll
                0x00000000000049c8       0xc0 kernel/libkernel.a(poll.c.obj)
                0x00000000000049c8                z_impl_k_poll
 .text.z_mrsh_k_poll
                0x0000000000004a88      0x154 kernel/libkernel.a(poll.c.obj)
                0x0000000000004a88                z_mrsh_k_poll
 .text.z_mrsh_k_poll_signal_init
                0x0000000000004bdc       0x40 kernel/libkernel.a(poll.c.obj)
                0x0000000000004bdc                z_mrsh_k_poll_signal_init
 .text.z_vrfy_k_poll_signal_check
                0x0000000000004c1c       0x50 kernel/libkernel.a(poll.c.obj)
                0x0000000000004c1c                z_vrfy_k_poll_signal_check
 .text.z_mrsh_k_poll_signal_check
                0x0000000000004c6c       0x20 kernel/libkernel.a(poll.c.obj)
                0x0000000000004c6c                z_mrsh_k_poll_signal_check
 .text.z_impl_k_poll_signal_raise
                0x0000000000004c8c       0x50 kernel/libkernel.a(poll.c.obj)
                0x0000000000004c8c                z_impl_k_poll_signal_raise
 .text.z_mrsh_k_poll_signal_raise
                0x0000000000004cdc       0x44 kernel/libkernel.a(poll.c.obj)
                0x0000000000004cdc                z_mrsh_k_poll_signal_raise
 .text.z_mrsh_k_poll_signal_reset
                0x0000000000004d20       0x38 kernel/libkernel.a(poll.c.obj)
                0x0000000000004d20                z_mrsh_k_poll_signal_reset
 .text.z_mrsh_k_futex_wake
                0x0000000000004d58       0x40 kernel/libkernel.a(futex.c.obj)
                0x0000000000004d58                z_mrsh_k_futex_wake
 .text.z_mrsh_k_futex_wait
                0x0000000000004d98       0x48 kernel/libkernel.a(futex.c.obj)
                0x0000000000004d98                z_mrsh_k_futex_wait
 .text.init_mem_domain_module
                0x0000000000004de0       0x14 kernel/libkernel.a(mem_domain.c.obj)
 .text.app_shmem_bss_zero
                0x0000000000004df4       0x24 kernel/libkernel.a(userspace.c.obj)
 .text.z_thread_perms_inherit
                0x0000000000004e18       0x34 kernel/libkernel.a(userspace.c.obj)
                0x0000000000004e18                z_thread_perms_inherit
 .text.z_thread_perms_all_clear
                0x0000000000004e4c       0x1c kernel/libkernel.a(userspace.c.obj)
                0x0000000000004e4c                z_thread_perms_all_clear
 .text.z_object_validate
                0x0000000000004e68       0x74 kernel/libkernel.a(userspace.c.obj)
                0x0000000000004e68                z_object_validate
 .text.z_thread_malloc
                0x0000000000004edc       0x30 kernel/libkernel.a(mempool.c.obj)
                0x0000000000004edc                z_thread_malloc
 .text.z_mrsh_k_object_access_grant
                0x0000000000004f0c       0x50 kernel/libkernel.a(userspace_handler.c.obj)
                0x0000000000004f0c                z_mrsh_k_object_access_grant
 .text.z_mrsh_k_object_release
                0x0000000000004f5c       0x34 kernel/libkernel.a(userspace_handler.c.obj)
                0x0000000000004f5c                z_mrsh_k_object_release
 .text.z_mrsh_k_object_alloc
                0x0000000000004f90       0x10 kernel/libkernel.a(userspace_handler.c.obj)
                0x0000000000004f90                z_mrsh_k_object_alloc
 .text.statics_init
                0x0000000000004fa0       0x24 kernel/libkernel.a(kheap.c.obj)
 .text.arch_is_user_context
                0x0000000000004fc4       0x14 ../app/libapp.a(main.c.obj)
 .text.Thread_send_b
                0x0000000000004fd8        0x2 ../app/libapp.a(main.c.obj)
                0x0000000000004fd8                Thread_send_b
 .text.Thread_receive_b
                0x0000000000004fda        0x2 ../app/libapp.a(main.c.obj)
                0x0000000000004fda                Thread_receive_b
 .text.k_sleep  0x0000000000004fdc       0x20 ../app/libapp.a(main.c.obj)
 .text.gpio_pin_configure.constprop.0
                0x0000000000004ffc       0x48 ../app/libapp.a(main.c.obj)
 .text.k_thread_create.constprop.0
                0x0000000000005044       0x56 ../app/libapp.a(main.c.obj)
 .text.k_thread_name_set
                0x000000000000509a       0x20 ../app/libapp.a(main.c.obj)
 .text.gpio_port_clear_bits_raw
                0x00000000000050ba       0x22 ../app/libapp.a(main.c.obj)
 .text.gpio_port_set_bits_raw
                0x00000000000050dc       0x22 ../app/libapp.a(main.c.obj)
 .text.k_thread_suspend
                0x00000000000050fe       0x20 ../app/libapp.a(main.c.obj)
 .text.sys_notify_validate
                0x000000000000511e       0x28 libzephyr.a(notify.c.obj)
                0x000000000000511e                sys_notify_validate
 .text.sys_notify_finalize
                0x0000000000005146       0x4a libzephyr.a(notify.c.obj)
                0x0000000000005146                sys_notify_finalize
 .text.arch_is_user_context
                0x0000000000005190       0x14 libzephyr.a(printk.c.obj)
 .text.arch_printk_char_out
                0x00000000000051a4        0x4 libzephyr.a(printk.c.obj)
                0x00000000000051a4                arch_printk_char_out
 .text.buf_flush
                0x00000000000051a8       0x28 libzephyr.a(printk.c.obj)
 .text.buf_char_out
                0x00000000000051d0       0x22 libzephyr.a(printk.c.obj)
 .text.printk   0x00000000000051f2       0x1a libzephyr.a(printk.c.obj)
                0x00000000000051f2                printk
 .text.process_recheck
                0x000000000000520c       0x38 libzephyr.a(onoff.c.obj)
 .text.validate_args
                0x0000000000005244       0x1e libzephyr.a(onoff.c.obj)
 .text.transition_complete
                0x0000000000005262       0x1c libzephyr.a(onoff.c.obj)
 .text.onoff_manager_init
                0x000000000000527e       0x26 libzephyr.a(onoff.c.obj)
                0x000000000000527e                onoff_manager_init
 .text.onoff_request
                0x00000000000052a4       0xa0 libzephyr.a(onoff.c.obj)
                0x00000000000052a4                onoff_request
 .text.z_thread_entry
                0x0000000000005344       0x3c libzephyr.a(thread_entry.c.obj)
                0x0000000000005344                z_thread_entry
 .text.chunk_field
                0x0000000000005380       0x16 libzephyr.a(heap.c.obj)
 .text.chunk_set
                0x0000000000005396       0x16 libzephyr.a(heap.c.obj)
 .text.chunk_size
                0x00000000000053ac        0xc libzephyr.a(heap.c.obj)
 .text.set_chunk_used
                0x00000000000053b8       0x30 libzephyr.a(heap.c.obj)
 .text.set_chunk_size
                0x00000000000053e8        0x8 libzephyr.a(heap.c.obj)
 .text.bucket_idx
                0x00000000000053f0       0x1a libzephyr.a(heap.c.obj)
 .text.merge_chunks
                0x000000000000540a       0x3c libzephyr.a(heap.c.obj)
 .text.split_chunks
                0x0000000000005446       0x4e libzephyr.a(heap.c.obj)
 .text.free_list_remove_bidx
                0x0000000000005494       0x5e libzephyr.a(heap.c.obj)
 .text.free_list_remove
                0x00000000000054f2       0x2e libzephyr.a(heap.c.obj)
 .text.alloc_chunk
                0x0000000000005520       0x82 libzephyr.a(heap.c.obj)
 .text.free_list_add
                0x00000000000055a2       0x8a libzephyr.a(heap.c.obj)
 .text.sys_heap_free
                0x000000000000562c       0xaa libzephyr.a(heap.c.obj)
                0x000000000000562c                sys_heap_free
 .text.sys_heap_alloc
                0x00000000000056d6       0x68 libzephyr.a(heap.c.obj)
                0x00000000000056d6                sys_heap_alloc
 .text.sys_heap_init
                0x000000000000573e       0xa4 libzephyr.a(heap.c.obj)
                0x000000000000573e                sys_heap_init
 .text.arch_is_user_context
                0x00000000000057e2       0x14 libzephyr.a(mutex.c.obj)
 .text.z_impl_z_sys_mutex_kernel_lock
                0x00000000000057f6       0x40 libzephyr.a(mutex.c.obj)
                0x00000000000057f6                z_impl_z_sys_mutex_kernel_lock
 .text._ConfigAbsSyms
                0x0000000000005836        0x2 libzephyr.a(configs.c.obj)
                0x0000000000005836                _ConfigAbsSyms
 .text.uart_poll_out
                0x0000000000005838       0x34 libzephyr.a(uart_console.c.obj)
 .text.arch_is_user_context
                0x000000000000586c       0x14 libzephyr.a(nrf_power_clock.c.obj)
 .text.get_status
                0x0000000000005880       0x12 libzephyr.a(nrf_power_clock.c.obj)
 .text.set_off_state
                0x0000000000005892       0x32 libzephyr.a(nrf_power_clock.c.obj)
 .text.set_starting_state
                0x00000000000058c4       0x3c libzephyr.a(nrf_power_clock.c.obj)
 .text.set_on_state
                0x0000000000005900       0x26 libzephyr.a(nrf_power_clock.c.obj)
 .text.onoff_started_callback
                0x0000000000005926       0x12 libzephyr.a(nrf_power_clock.c.obj)
 .text.blocking_start_callback
                0x0000000000005938       0x1e libzephyr.a(nrf_power_clock.c.obj)
 .text.lfclk_spinwait
                0x0000000000005956       0x1a libzephyr.a(nrf_power_clock.c.obj)
 .text.api_stop
                0x0000000000005970       0x28 libzephyr.a(nrf_power_clock.c.obj)
 .text.api_start
                0x0000000000005998       0x3c libzephyr.a(nrf_power_clock.c.obj)
 .text.z_clock_isr
                0x00000000000059d4        0x2 libzephyr.a(sys_clock_init.c.obj)
                0x00000000000059d4                z_clock_isr
 .text.z_clock_idle_exit
                0x00000000000059d6        0x2 libzephyr.a(sys_clock_init.c.obj)
                0x00000000000059d6                z_clock_idle_exit
 .text.SEGGER_RTT_Init
                0x00000000000059d8        0x4 libzephyr.a(SEGGER_RTT.c.obj)
                0x00000000000059d8                SEGGER_RTT_Init
 .text.rtt_init
                0x00000000000059dc        0xa libzephyr.a(SEGGER_RTT_zephyr.c.obj)
 .text.z_irq_spurious
                0x00000000000059e6        0x8 arch/arch/arm/core/aarch32/libarch__arm__core__aarch32.a(irq_manage.c.obj)
                0x00000000000059e6                z_irq_spurious
 .text.arch_is_user_context
                0x00000000000059ee       0x14 arch/arch/arm/core/aarch32/libarch__arm__core__aarch32.a(fatal.c.obj)
 .text.z_arm_fatal_error
                0x0000000000005a02       0x20 arch/arch/arm/core/aarch32/libarch__arm__core__aarch32.a(fatal.c.obj)
                0x0000000000005a02                z_arm_fatal_error
 .text.z_do_kernel_oops
                0x0000000000005a22       0x18 arch/arch/arm/core/aarch32/libarch__arm__core__aarch32.a(fatal.c.obj)
                0x0000000000005a22                z_do_kernel_oops
 .text.arch_syscall_oops
                0x0000000000005a3a       0x1c arch/arch/arm/core/aarch32/libarch__arm__core__aarch32.a(fatal.c.obj)
                0x0000000000005a3a                arch_syscall_oops
 .text.z_arm_nmi
                0x0000000000005a56        0xe arch/arch/arm/core/aarch32/libarch__arm__core__aarch32.a(nmi.c.obj)
                0x0000000000005a56                z_arm_nmi
 .text.arch_is_user_context
                0x0000000000005a64       0x14 arch/arch/arm/core/aarch32/cortex_m/libarch__arm__core__aarch32__cortex_m.a(fault.c.obj)
 .text.arch_is_user_context
                0x0000000000005a78       0x14 arch/arch/arm/core/aarch32/cortex_m/mpu/libarch__arm__core__aarch32__cortex_m__mpu.a(arm_core_mpu.c.obj)
 .text.arch_mem_domain_max_partitions_get
                0x0000000000005a8c        0xa arch/arch/arm/core/aarch32/cortex_m/mpu/libarch__arm__core__aarch32__cortex_m__mpu.a(arm_core_mpu.c.obj)
                0x0000000000005a8c                arch_mem_domain_max_partitions_get
 .text.arch_buffer_validate
                0x0000000000005a96        0x4 arch/arch/arm/core/aarch32/cortex_m/mpu/libarch__arm__core__aarch32__cortex_m__mpu.a(arm_core_mpu.c.obj)
                0x0000000000005a96                arch_buffer_validate
 .text.arch_is_user_context
                0x0000000000005a9a       0x14 arch/arch/arm/core/aarch32/cortex_m/mpu/libarch__arm__core__aarch32__cortex_m__mpu.a(arm_mpu.c.obj)
 .text.strcpy   0x0000000000005aae       0x14 lib/libc/minimal/liblib__libc__minimal.a(string.c.obj)
                0x0000000000005aae                strcpy
 .text.strcmp   0x0000000000005ac2       0x18 lib/libc/minimal/liblib__libc__minimal.a(string.c.obj)
                0x0000000000005ac2                strcmp
 .text.memcpy   0x0000000000005ada       0x56 lib/libc/minimal/liblib__libc__minimal.a(string.c.obj)
                0x0000000000005ada                memcpy
 .text.memset   0x0000000000005b30       0x46 lib/libc/minimal/liblib__libc__minimal.a(string.c.obj)
                0x0000000000005b30                memset
 .text.arch_is_user_context
                0x0000000000005b76       0x14 lib/libc/minimal/liblib__libc__minimal.a(stdout_console.c.obj)
 .text._stdout_hook_default
                0x0000000000005b8a        0x6 lib/libc/minimal/liblib__libc__minimal.a(stdout_console.c.obj)
 .text.z_platform_init
                0x0000000000005b90        0x4 soc/arm/nordic_nrf/nrf52/libsoc__arm__nordic_nrf__nrf52.a(soc.c.obj)
                0x0000000000005b90                z_platform_init
 .text.gpio_nrfx_port_get_raw
                0x0000000000005b94        0xe drivers/gpio/libdrivers__gpio.a(gpio_nrfx.c.obj)
 .text.gpio_nrfx_port_set_masked_raw
                0x0000000000005ba2       0x16 drivers/gpio/libdrivers__gpio.a(gpio_nrfx.c.obj)
 .text.gpio_nrfx_port_set_bits_raw
                0x0000000000005bb8        0xc drivers/gpio/libdrivers__gpio.a(gpio_nrfx.c.obj)
 .text.gpio_nrfx_port_clear_bits_raw
                0x0000000000005bc4        0xc drivers/gpio/libdrivers__gpio.a(gpio_nrfx.c.obj)
 .text.gpio_nrfx_port_toggle_bits
                0x0000000000005bd0       0x12 drivers/gpio/libdrivers__gpio.a(gpio_nrfx.c.obj)
 .text.gpio_nrfx_manage_callback
                0x0000000000005be2       0x56 drivers/gpio/libdrivers__gpio.a(gpio_nrfx.c.obj)
 .text.arch_is_user_context
                0x0000000000005c38       0x14 drivers/gpio/libdrivers__gpio.a(gpio_handlers.c.obj)
 .text.uart_nrfx_config_get
                0x0000000000005c4c       0x10 drivers/serial/libdrivers__serial.a(uart_nrfx_uart.c.obj)
 .text.arch_is_user_context
                0x0000000000005c5c       0x14 drivers/serial/libdrivers__serial.a(uart_handlers.c.obj)
 .text.nrfx_busy_wait
                0x0000000000005c70       0x28 ../modules/nordic/lib..__modules__hal__nordic.a(nrfx_glue.c.obj)
                0x0000000000005c70                nrfx_busy_wait
 .text.arch_is_user_context
                0x0000000000005c98       0x14 kernel/libkernel.a(fatal.c.obj)
 .text.arch_system_halt
                0x0000000000005cac       0x12 kernel/libkernel.a(fatal.c.obj)
                0x0000000000005cac                arch_system_halt
 .text.k_sys_fatal_error_handler
                0x0000000000005cbe        0xe kernel/libkernel.a(fatal.c.obj)
                0x0000000000005cbe                k_sys_fatal_error_handler
 .text.z_fatal_error
                0x0000000000005ccc       0x4c kernel/libkernel.a(fatal.c.obj)
                0x0000000000005ccc                z_fatal_error
 .text.z_sys_power_save_idle_exit
                0x0000000000005d18        0x4 kernel/libkernel.a(idle.c.obj)
                0x0000000000005d18                z_sys_power_save_idle_exit
 .text.arch_is_user_context
                0x0000000000005d1c       0x14 kernel/libkernel.a(mutex.c.obj)
 .text.adjust_owner_prio.isra.0
                0x0000000000005d30       0x20 kernel/libkernel.a(mutex.c.obj)
 .text.z_impl_k_mutex_init
                0x0000000000005d50       0x14 kernel/libkernel.a(mutex.c.obj)
                0x0000000000005d50                z_impl_k_mutex_init
 .text.arch_is_user_context
                0x0000000000005d64       0x14 kernel/libkernel.a(queue.c.obj)
 .text.queue_insert
                0x0000000000005d78       0xc2 kernel/libkernel.a(queue.c.obj)
 .text.z_queue_node_peek
                0x0000000000005e3a       0x18 kernel/libkernel.a(queue.c.obj)
                0x0000000000005e3a                z_queue_node_peek
 .text.z_impl_k_queue_init
                0x0000000000005e52       0x1a kernel/libkernel.a(queue.c.obj)
                0x0000000000005e52                z_impl_k_queue_init
 .text.z_impl_k_queue_cancel_wait
                0x0000000000005e6c       0x42 kernel/libkernel.a(queue.c.obj)
                0x0000000000005e6c                z_impl_k_queue_cancel_wait
 .text.z_impl_k_queue_alloc_append
                0x0000000000005eae        0xa kernel/libkernel.a(queue.c.obj)
                0x0000000000005eae                z_impl_k_queue_alloc_append
 .text.z_impl_k_queue_alloc_prepend
                0x0000000000005eb8        0xa kernel/libkernel.a(queue.c.obj)
                0x0000000000005eb8                z_impl_k_queue_alloc_prepend
 .text.arch_is_user_context
                0x0000000000005ec2       0x14 kernel/libkernel.a(sched.c.obj)
 .text.thread_obj_validate
                0x0000000000005ed6       0x1a kernel/libkernel.a(sched.c.obj)
 .text.z_is_t1_higher_prio_than_t2
                0x0000000000005ef0       0x12 kernel/libkernel.a(sched.c.obj)
                0x0000000000005ef0                z_is_t1_higher_prio_than_t2
 .text.z_reschedule
                0x0000000000005f02       0x16 kernel/libkernel.a(sched.c.obj)
                0x0000000000005f02                z_reschedule
 .text.z_reschedule_irqlock
                0x0000000000005f18       0x18 kernel/libkernel.a(sched.c.obj)
                0x0000000000005f18                z_reschedule_irqlock
 .text.z_reschedule_unlocked
                0x0000000000005f30       0x14 kernel/libkernel.a(sched.c.obj)
 .text.z_unpend_thread
                0x0000000000005f44       0x3a kernel/libkernel.a(sched.c.obj)
                0x0000000000005f44                z_unpend_thread
 .text.z_priq_dumb_best
                0x0000000000005f7e       0x14 kernel/libkernel.a(sched.c.obj)
                0x0000000000005f7e                z_priq_dumb_best
 .text.z_ready_thread
                0x0000000000005f92       0x20 kernel/libkernel.a(sched.c.obj)
                0x0000000000005f92                z_ready_thread
 .text.z_thread_timeout
                0x0000000000005fb2       0x56 kernel/libkernel.a(sched.c.obj)
                0x0000000000005fb2                z_thread_timeout
 .text.z_remove_thread_from_ready_q
                0x0000000000006008       0x20 kernel/libkernel.a(sched.c.obj)
                0x0000000000006008                z_remove_thread_from_ready_q
 .text.add_to_waitq_locked
                0x0000000000006028       0x56 kernel/libkernel.a(sched.c.obj)
 .text.z_unpend_first_thread
                0x000000000000607e       0x5a kernel/libkernel.a(sched.c.obj)
                0x000000000000607e                z_unpend_first_thread
 .text.z_unpend_all
                0x00000000000060d8       0x20 kernel/libkernel.a(sched.c.obj)
                0x00000000000060d8                z_unpend_all
 .text.z_impl_k_wakeup
                0x00000000000060f8       0x38 kernel/libkernel.a(sched.c.obj)
                0x00000000000060f8                z_impl_k_wakeup
 .text.arch_is_user_context
                0x0000000000006130       0x14 kernel/libkernel.a(sem.c.obj)
 .text.z_impl_k_sem_init
                0x0000000000006144       0x26 kernel/libkernel.a(sem.c.obj)
                0x0000000000006144                z_impl_k_sem_init
 .text.arch_is_user_context
                0x000000000000616a       0x14 kernel/libkernel.a(thread.c.obj)
 .text.k_is_in_isr
                0x000000000000617e        0xc kernel/libkernel.a(thread.c.obj)
                0x000000000000617e                k_is_in_isr
 .text.z_impl_k_busy_wait
                0x000000000000618a        0x4 kernel/libkernel.a(thread.c.obj)
                0x000000000000618a                z_impl_k_busy_wait
 .text.z_impl_k_thread_name_set
                0x000000000000618e        0x6 kernel/libkernel.a(thread.c.obj)
                0x000000000000618e                z_impl_k_thread_name_set
 .text.z_stack_is_user_capable
                0x0000000000006194        0xe kernel/libkernel.a(thread.c.obj)
                0x0000000000006194                z_stack_is_user_capable
 .text.z_impl_k_thread_create
                0x00000000000061a2       0x40 kernel/libkernel.a(thread.c.obj)
                0x00000000000061a2                z_impl_k_thread_create
 .text.z_abort_timeout
                0x00000000000061e2       0x2c kernel/libkernel.a(timeout.c.obj)
                0x00000000000061e2                z_abort_timeout
 .text.z_timeout_remaining
                0x000000000000620e       0x20 kernel/libkernel.a(timeout.c.obj)
                0x000000000000620e                z_timeout_remaining
 .text.z_get_next_timeout_expiry
                0x000000000000622e       0x20 kernel/libkernel.a(timeout.c.obj)
                0x000000000000622e                z_get_next_timeout_expiry
 .text.z_set_timeout_expiry
                0x000000000000624e       0x34 kernel/libkernel.a(timeout.c.obj)
                0x000000000000624e                z_set_timeout_expiry
 .text.z_tick_get_32
                0x0000000000006282        0x8 kernel/libkernel.a(timeout.c.obj)
                0x0000000000006282                z_tick_get_32
 .text.z_timeout_end_calc
                0x000000000000628a       0x52 kernel/libkernel.a(timeout.c.obj)
                0x000000000000628a                z_timeout_end_calc
 .text.arch_is_user_context
                0x00000000000062dc       0x14 kernel/libkernel.a(poll.c.obj)
 .text.clear_event_registrations
                0x00000000000062f0       0x56 kernel/libkernel.a(poll.c.obj)
 .text.signal_poll_event
                0x0000000000006346       0x36 kernel/libkernel.a(poll.c.obj)
 .text.k_poll_poller_cb
                0x000000000000637c       0x54 kernel/libkernel.a(poll.c.obj)
 .text.add_event
                0x00000000000063d0       0x62 kernel/libkernel.a(poll.c.obj)
 .text.register_events
                0x0000000000006432       0xc2 kernel/libkernel.a(poll.c.obj)
 .text.k_poll_event_init
                0x00000000000064f4       0x1e kernel/libkernel.a(poll.c.obj)
                0x00000000000064f4                k_poll_event_init
 .text.z_handle_obj_poll_events
                0x0000000000006512       0x1c kernel/libkernel.a(poll.c.obj)
                0x0000000000006512                z_handle_obj_poll_events
 .text.z_impl_k_poll_signal_init
                0x000000000000652e        0xc kernel/libkernel.a(poll.c.obj)
                0x000000000000652e                z_impl_k_poll_signal_init
 .text.arch_is_user_context
                0x000000000000653a       0x14 kernel/libkernel.a(futex.c.obj)
 .text.z_impl_k_futex_wake
                0x000000000000654e       0x5a kernel/libkernel.a(futex.c.obj)
                0x000000000000654e                z_impl_k_futex_wake
 .text.z_impl_k_futex_wait
                0x00000000000065a8       0x66 kernel/libkernel.a(futex.c.obj)
                0x00000000000065a8                z_impl_k_futex_wait
 .text.k_mem_domain_add_thread
                0x000000000000660e       0x40 kernel/libkernel.a(mem_domain.c.obj)
                0x000000000000660e                k_mem_domain_add_thread
 .text.arch_is_user_context
                0x000000000000664e       0x14 kernel/libkernel.a(userspace.c.obj)
 .text.unref_check
                0x0000000000006662       0x36 kernel/libkernel.a(userspace.c.obj)
 .text.wordlist_cb
                0x0000000000006698       0x38 kernel/libkernel.a(userspace.c.obj)
 .text.clear_perms_cb
                0x00000000000066d0        0x4 kernel/libkernel.a(userspace.c.obj)
 .text.thread_index_get
                0x00000000000066d4       0x12 kernel/libkernel.a(userspace.c.obj)
 .text.handler_bad_syscall
                0x00000000000066e6        0xc kernel/libkernel.a(userspace.c.obj)
 .text.handler_no_syscall
                0x00000000000066f2        0xc kernel/libkernel.a(userspace.c.obj)
                0x00000000000066f2                z_mrsh_k_msgq_get
                0x00000000000066f2                z_mrsh_k_stack_push
                0x00000000000066f2                z_mrsh_peci_enable
                0x00000000000066f2                z_mrsh_flash_get_write_block_size
                0x00000000000066f2                z_mrsh_z_log_hexdump_from_user
                0x00000000000066f2                z_mrsh_sensor_attr_set
                0x00000000000066f2                z_mrsh_k_thread_custom_data_get
                0x00000000000066f2                z_mrsh_k_timer_status_get
                0x00000000000066f2                z_mrsh_k_timer_stop
                0x00000000000066f2                z_mrsh_led_on
                0x00000000000066f2                z_mrsh_net_eth_get_ptp_clock_by_index
                0x00000000000066f2                z_mrsh_counter_get_guard_period
                0x00000000000066f2                z_mrsh_log_process
                0x00000000000066f2                z_mrsh_adc_read_async
                0x00000000000066f2                z_mrsh_clock_gettime
                0x00000000000066f2                z_mrsh_counter_set_channel_alarm
                0x00000000000066f2                z_mrsh_espi_receive_oob
                0x00000000000066f2                z_mrsh_led_off
                0x00000000000066f2                z_mrsh_log_panic
                0x00000000000066f2                z_mrsh_espi_read_flash
                0x00000000000066f2                z_mrsh_k_pipe_get
                0x00000000000066f2                z_mrsh_k_msgq_peek
                0x00000000000066f2                z_mrsh_net_if_ipv4_set_netmask_by_index
                0x00000000000066f2                z_mrsh_uart_irq_is_pending
                0x00000000000066f2                z_mrsh_uart_tx
                0x00000000000066f2                z_mrsh_uart_mux_find
                0x00000000000066f2                z_mrsh_k_msgq_num_free_get
                0x00000000000066f2                z_mrsh_counter_start
                0x00000000000066f2                z_mrsh_net_if_ipv4_addr_rm_by_index
                0x00000000000066f2                z_mrsh_sensor_sample_fetch_chan
                0x00000000000066f2                z_mrsh_log_buffered_cnt
                0x00000000000066f2                z_mrsh_k_pipe_read_avail
                0x00000000000066f2                z_mrsh_zsock_sendmsg
                0x00000000000066f2                z_mrsh_i2s_trigger
                0x00000000000066f2                z_mrsh_k_timer_user_data_get
                0x00000000000066f2                z_mrsh_espi_write_flash
                0x00000000000066f2                z_mrsh_counter_get_num_of_channels
                0x00000000000066f2                z_mrsh_eeprom_get_size
                0x00000000000066f2                z_mrsh_atomic_set
                0x00000000000066f2                z_mrsh_ipm_set_enabled
                0x00000000000066f2                z_mrsh_uart_rx_enable
                0x00000000000066f2                z_mrsh_net_addr_ntop
                0x00000000000066f2                z_mrsh_uart_irq_err_enable
                0x00000000000066f2                z_mrsh_k_timer_status_sync
                0x00000000000066f2                z_mrsh_zsock_getsockname
                0x00000000000066f2                z_mrsh_zsock_listen
                0x00000000000066f2                z_mrsh_pwm_get_cycles_per_sec
                0x00000000000066f2                z_mrsh_k_msgq_alloc_init
                0x00000000000066f2                z_mrsh_sys_rand_get
                0x00000000000066f2                z_mrsh_can_recover
                0x00000000000066f2                z_mrsh_dma_start
                0x00000000000066f2                z_mrsh_net_if_ipv6_addr_lookup_by_index
                0x00000000000066f2                z_mrsh_ps2_config
                0x00000000000066f2                z_mrsh_wdt_disable
                0x00000000000066f2                z_mrsh_can_send
                0x00000000000066f2                z_mrsh_zsock_sendto
                0x00000000000066f2                z_mrsh_counter_get_frequency
                0x00000000000066f2                z_mrsh_zsock_gethostname
                0x00000000000066f2                z_mrsh_i2c_configure
                0x00000000000066f2                z_mrsh_ps2_enable_callback
                0x00000000000066f2                z_mrsh_espi_write_lpc_request
                0x00000000000066f2                z_mrsh_uart_irq_tx_enable
                0x00000000000066f2                z_mrsh_k_stack_alloc_init
                0x00000000000066f2                z_mrsh_uart_irq_rx_enable
                0x00000000000066f2                z_mrsh_zsock_inet_pton
                0x00000000000066f2                z_mrsh_ps2_read
                0x00000000000066f2                z_mrsh_ipm_max_data_size_get
                0x00000000000066f2                z_mrsh_ps2_write
                0x00000000000066f2                z_mrsh_dac_write_value
                0x00000000000066f2                z_mrsh_flash_get_parameters
                0x00000000000066f2                z_mrsh_espi_send_oob
                0x00000000000066f2                z_mrsh_counter_get_max_top_value
                0x00000000000066f2                z_mrsh_espi_send_vwire
                0x00000000000066f2                z_mrsh_net_if_ipv4_addr_lookup_by_index
                0x00000000000066f2                z_mrsh_uart_line_ctrl_get
                0x00000000000066f2                z_mrsh_k_thread_stack_space_get
                0x00000000000066f2                z_mrsh_counter_stop
                0x00000000000066f2                z_mrsh_uart_tx_abort
                0x00000000000066f2                z_mrsh_wdt_setup
                0x00000000000066f2                z_mrsh_i2c_recover_bus
                0x00000000000066f2                z_mrsh_ps2_disable_callback
                0x00000000000066f2                z_mrsh_net_if_ipv6_addr_add_by_index
                0x00000000000066f2                z_mrsh_k_pipe_alloc_init
                0x00000000000066f2                z_mrsh_k_timer_user_data_set
                0x00000000000066f2                z_mrsh_i2c_transfer
                0x00000000000066f2                z_mrsh_sys_csrand_get
                0x00000000000066f2                z_mrsh_flash_write_protection_set
                0x00000000000066f2                z_mrsh_z_zephyr_read_stdin
                0x00000000000066f2                z_mrsh_net_if_ipv6_addr_rm_by_index
                0x00000000000066f2                z_mrsh_atomic_or
                0x00000000000066f2                z_mrsh_dac_channel_setup
                0x00000000000066f2                z_mrsh_espi_read_request
                0x00000000000066f2                z_mrsh_spi_release
                0x00000000000066f2                z_mrsh_zsock_recvfrom
                0x00000000000066f2                z_mrsh_zsock_bind
                0x00000000000066f2                z_mrsh_flash_get_page_info_by_offs
                0x00000000000066f2                z_mrsh_led_blink
                0x00000000000066f2                z_mrsh_can_detach
                0x00000000000066f2                z_mrsh_maxim_ds3231_get_syncpoint
                0x00000000000066f2                z_mrsh_counter_get_value
                0x00000000000066f2                z_mrsh_i2c_slave_driver_unregister
                0x00000000000066f2                z_mrsh_espi_config
                0x00000000000066f2                z_mrsh_entropy_get_entropy
                0x00000000000066f2                z_mrsh_uart_line_ctrl_set
                0x00000000000066f2                z_mrsh_k_timer_remaining_ticks
                0x00000000000066f2                z_mrsh_espi_flash_erase
                0x00000000000066f2                z_mrsh_ipm_send
                0x00000000000066f2                z_mrsh_can_configure
                0x00000000000066f2                z_mrsh_zsock_accept
                0x00000000000066f2                z_mrsh_espi_read_lpc_request
                0x00000000000066f2                z_mrsh_k_msgq_get_attrs
                0x00000000000066f2                z_mrsh_zsock_fcntl
                0x00000000000066f2                z_mrsh_net_if_ipv4_addr_add_by_index
                0x00000000000066f2                z_mrsh_atomic_xor
                0x00000000000066f2                z_mrsh_ipm_max_id_val_get
                0x00000000000066f2                z_mrsh_atomic_add
                0x00000000000066f2                z_mrsh_ptp_clock_get
                0x00000000000066f2                z_mrsh_zsock_connect
                0x00000000000066f2                z_mrsh_wdt_feed
                0x00000000000066f2                z_mrsh_zsock_shutdown
                0x00000000000066f2                z_mrsh_zsock_getsockopt
                0x00000000000066f2                z_mrsh_counter_us_to_ticks
                0x00000000000066f2                z_mrsh_sys_rand32_get
                0x00000000000066f2                z_mrsh_atomic_ptr_cas
                0x00000000000066f2                z_mrsh_counter_get_pending_int
                0x00000000000066f2                z_mrsh_adc_channel_setup
                0x00000000000066f2                z_mrsh_zsock_poll
                0x00000000000066f2                z_mrsh_zsock_close
                0x00000000000066f2                z_mrsh_led_set_brightness
                0x00000000000066f2                z_mrsh_atomic_ptr_set
                0x00000000000066f2                z_mrsh_atomic_sub
                0x00000000000066f2                z_mrsh_counter_set_guard_period
                0x00000000000066f2                z_mrsh_net_if_get_by_index
                0x00000000000066f2                z_mrsh_kscan_config
                0x00000000000066f2                z_mrsh_can_attach_msgq
                0x00000000000066f2                z_mrsh_uart_irq_update
                0x00000000000066f2                z_mrsh_zsock_socketpair
                0x00000000000066f2                z_mrsh_can_get_state
                0x00000000000066f2                z_mrsh_k_thread_deadline_set
                0x00000000000066f2                z_mrsh_z_clock_hw_cycles_per_sec_runtime_get
                0x00000000000066f2                z_mrsh_z_log_string_from_user
                0x00000000000066f2                z_mrsh_espi_write_request
                0x00000000000066f2                z_mrsh_peci_config
                0x00000000000066f2                z_mrsh_k_msgq_put
                0x00000000000066f2                z_mrsh_kscan_enable_callback
                0x00000000000066f2                z_mrsh_spi_transceive
                0x00000000000066f2                z_mrsh_maxim_ds3231_req_syncpoint
                0x00000000000066f2                z_mrsh_flash_get_page_info_by_idx
                0x00000000000066f2                z_mrsh_counter_get_top_value
                0x00000000000066f2                z_mrsh_i2s_buf_read
                0x00000000000066f2                z_mrsh_sensor_attr_get
                0x00000000000066f2                z_mrsh_k_msgq_num_used_get
                0x00000000000066f2                z_mrsh_counter_get_max_relative_alarm
                0x00000000000066f2                z_mrsh_i2s_configure
                0x00000000000066f2                z_mrsh_uart_irq_err_disable
                0x00000000000066f2                z_mrsh_k_timer_expires_ticks
                0x00000000000066f2                z_mrsh_dma_stop
                0x00000000000066f2                z_mrsh_atomic_and
                0x00000000000066f2                z_mrsh_net_if_ipv4_set_gw_by_index
                0x00000000000066f2                z_mrsh_uart_irq_rx_disable
                0x00000000000066f2                z_mrsh_k_pipe_write_avail
                0x00000000000066f2                z_mrsh_flash_erase
                0x00000000000066f2                z_mrsh_pwm_pin_set_cycles
                0x00000000000066f2                z_mrsh_i2c_slave_driver_register
                0x00000000000066f2                z_mrsh_k_thread_custom_data_set
                0x00000000000066f2                z_mrsh_flash_get_page_count
                0x00000000000066f2                z_mrsh_zsock_setsockopt
                0x00000000000066f2                z_mrsh_counter_is_counting_up
                0x00000000000066f2                z_mrsh_uart_drv_cmd
                0x00000000000066f2                z_mrsh_log_filter_set
                0x00000000000066f2                z_mrsh_kscan_disable_callback
                0x00000000000066f2                z_mrsh_k_msgq_purge
                0x00000000000066f2                z_mrsh_uart_rx_disable
                0x00000000000066f2                z_mrsh_adc_read
                0x00000000000066f2                z_mrsh_zsock_socket
                0x00000000000066f2                z_mrsh_espi_receive_vwire
                0x00000000000066f2                z_mrsh_peci_disable
                0x00000000000066f2                z_mrsh_counter_cancel_channel_alarm
                0x00000000000066f2                z_mrsh_uart_irq_tx_disable
                0x00000000000066f2                z_mrsh_atomic_nand
                0x00000000000066f2                z_mrsh_counter_set_top_value
                0x00000000000066f2                z_mrsh_sensor_channel_get
                0x00000000000066f2                z_mrsh_i2s_buf_write
                0x00000000000066f2                z_mrsh_atomic_cas
                0x00000000000066f2                z_mrsh_peci_transfer
                0x00000000000066f2                z_mrsh_net_addr_pton
                0x00000000000066f2                z_mrsh_k_pipe_put
                0x00000000000066f2                z_mrsh_k_timer_start
                0x00000000000066f2                z_mrsh_sensor_sample_fetch
                0x00000000000066f2                z_mrsh_k_stack_pop
                0x00000000000066f2                z_mrsh_espi_get_channel_status
                0x00000000000066f2                z_mrsh_z_zsock_getaddrinfo_internal
                0x00000000000066f2                z_mrsh_z_zephyr_write_stdout
                0x00000000000066f2                z_mrsh_zsock_get_context_object
                0x00000000000066f2                z_mrsh_counter_ticks_to_us
                0x00000000000066f2                z_mrsh_flash_write
                0x00000000000066f2                z_mrsh_hwinfo_get_device_id
                0x00000000000066f2                z_mrsh_flash_read
                0x00000000000066f2                z_mrsh_eeprom_read
                0x00000000000066f2                z_mrsh_eeprom_write
 .text.z_priv_stack_find
                0x00000000000066fe        0xc kernel/libkernel.a(userspace.c.obj)
                0x00000000000066fe                z_priv_stack_find
 .text.z_thread_perms_set
                0x000000000000670a       0x28 kernel/libkernel.a(userspace.c.obj)
                0x000000000000670a                z_thread_perms_set
 .text.z_thread_perms_clear
                0x0000000000006732       0x34 kernel/libkernel.a(userspace.c.obj)
                0x0000000000006732                z_thread_perms_clear
 .text.z_impl_k_object_access_grant
                0x0000000000006766       0x16 kernel/libkernel.a(userspace.c.obj)
                0x0000000000006766                z_impl_k_object_access_grant
 .text.z_object_init
                0x000000000000677c       0x12 kernel/libkernel.a(userspace.c.obj)
                0x000000000000677c                z_object_init
 .text.z_object_uninit
                0x000000000000678e       0x12 kernel/libkernel.a(userspace.c.obj)
                0x000000000000678e                z_object_uninit
 .text.z_user_from_copy
                0x00000000000067a0       0x2c kernel/libkernel.a(userspace.c.obj)
                0x00000000000067a0                z_user_from_copy
 .text.z_user_string_copy
                0x00000000000067cc       0x40 kernel/libkernel.a(userspace.c.obj)
                0x00000000000067cc                z_user_string_copy
 .text.k_mem_pool_malloc
                0x000000000000680c       0x30 kernel/libkernel.a(mempool.c.obj)
                0x000000000000680c                k_mem_pool_malloc
 .text.k_free   0x000000000000683c        0xa kernel/libkernel.a(mempool.c.obj)
                0x000000000000683c                k_free
 .text.arch_is_user_context
                0x0000000000006846       0x14 kernel/libkernel.a(userspace_handler.c.obj)
 .text.validate_any_object
                0x000000000000685a       0x1a kernel/libkernel.a(userspace_handler.c.obj)
 .text.k_heap_init
                0x0000000000006874       0x10 kernel/libkernel.a(kheap.c.obj)
                0x0000000000006874                k_heap_init
 .text.k_heap_alloc
                0x0000000000006884       0x86 kernel/libkernel.a(kheap.c.obj)
                0x0000000000006884                k_heap_alloc
 .text.k_heap_free
                0x000000000000690a       0x3a kernel/libkernel.a(kheap.c.obj)
                0x000000000000690a                k_heap_free
 .text.k_mem_pool_alloc
                0x0000000000006944       0x32 kernel/libkernel.a(kheap.c.obj)
                0x0000000000006944                k_mem_pool_alloc
 .text.k_mem_pool_free_id
                0x0000000000006976        0x8 kernel/libkernel.a(kheap.c.obj)
                0x0000000000006976                k_mem_pool_free_id
 .text._OffsetAbsSyms
                0x000000000000697e        0x2 CMakeFiles/offsets.dir/arch/arm/core/offsets/offsets.c.obj
                0x000000000000697e                _OffsetAbsSyms
 *(SORT_BY_ALIGNMENT(.gnu.linkonce.t.*))
 *(SORT_BY_ALIGNMENT(.glue_7t))
 .glue_7t       0x0000000000006980        0x0 linker stubs
 *(SORT_BY_ALIGNMENT(.glue_7))
 .glue_7        0x0000000000006980        0x0 linker stubs
 *(SORT_BY_ALIGNMENT(.vfp11_veneer))
 .vfp11_veneer  0x0000000000006980        0x0 linker stubs
 *(SORT_BY_ALIGNMENT(.v4_bx))
 .v4_bx         0x0000000000006980        0x0 linker stubs
                0x0000000000006980                _image_text_end = .

.ARM.exidx      0x0000000000006980        0x8
                0x0000000000006980                __exidx_start = .
 *(SORT_BY_ALIGNMENT(.ARM.exidx*) SORT_BY_ALIGNMENT(gnu.linkonce.armexidx.*))
 .ARM.exidx     0x0000000000006980        0x8 /home/huynhtai/Downloads/ebook_RTOS/Zephyr_SDK/arm-zephyr-eabi/bin/../lib/gcc/arm-zephyr-eabi/9.2.0/thumb/v7e-m/nofp/libgcc.a(_udivmoddi4.o)
                0x0000000000006988                __exidx_end = .
                0x0000000000006988                _image_rodata_start = .

initlevel       0x0000000000006988       0x58
                0x0000000000006988                __init_start = .
                0x0000000000006988                __init_PRE_KERNEL_1_start = .
 *(SORT_BY_NAME(SORT_BY_ALIGNMENT(.init_PRE_KERNEL_1[0-9])))
 .init_PRE_KERNEL_10
                0x0000000000006988        0x8 soc/arm/nordic_nrf/nrf52/libsoc__arm__nordic_nrf__nrf52.a(soc.c.obj)
 *(SORT_BY_NAME(SORT_BY_ALIGNMENT(.init_PRE_KERNEL_1[1-9][0-9])))
 .init_PRE_KERNEL_130
                0x0000000000006990        0x8 libzephyr.a(SEGGER_RTT_zephyr.c.obj)
 .init_PRE_KERNEL_130
                0x0000000000006998        0x8 kernel/libkernel.a(kheap.c.obj)
 .init_PRE_KERNEL_140
                0x00000000000069a0        0x8 arch/arch/arm/core/aarch32/cortex_m/mpu/libarch__arm__core__aarch32__cortex_m__mpu.a(arm_mpu.c.obj)
 .init_PRE_KERNEL_140
                0x00000000000069a8        0x8 kernel/libkernel.a(mem_domain.c.obj)
 .init_PRE_KERNEL_140
                0x00000000000069b0        0x8 kernel/libkernel.a(userspace.c.obj)
 .init_PRE_KERNEL_150
                0x00000000000069b8        0x8 libzephyr.a(nrf_power_clock.c.obj)
 .init_PRE_KERNEL_150
                0x00000000000069c0        0x8 drivers/serial/libdrivers__serial.a(uart_nrfx_uart.c.obj)
 .init_PRE_KERNEL_160
                0x00000000000069c8        0x8 libzephyr.a(uart_console.c.obj)
                0x00000000000069d0                __init_PRE_KERNEL_2_start = .
 *(SORT_BY_NAME(SORT_BY_ALIGNMENT(.init_PRE_KERNEL_2[0-9])))
 .init_PRE_KERNEL_20
                0x00000000000069d0        0x8 libzephyr.a(sys_clock_init.c.obj)
 *(SORT_BY_NAME(SORT_BY_ALIGNMENT(.init_PRE_KERNEL_2[1-9][0-9])))
                0x00000000000069d8                __init_POST_KERNEL_start = .
 *(SORT_BY_NAME(SORT_BY_ALIGNMENT(.init_POST_KERNEL[0-9])))
 *(SORT_BY_NAME(SORT_BY_ALIGNMENT(.init_POST_KERNEL[1-9][0-9])))
 .init_POST_KERNEL40
                0x00000000000069d8        0x8 drivers/gpio/libdrivers__gpio.a(gpio_nrfx.c.obj)
                0x00000000000069e0                __init_APPLICATION_start = .
 *(SORT_BY_NAME(SORT_BY_ALIGNMENT(.init_APPLICATION[0-9])))
 *(SORT_BY_NAME(SORT_BY_ALIGNMENT(.init_APPLICATION[1-9][0-9])))
                0x00000000000069e0                __init_SMP_start = .
 *(SORT_BY_NAME(SORT_BY_ALIGNMENT(.init_SMP[0-9])))
 *(SORT_BY_NAME(SORT_BY_ALIGNMENT(.init_SMP[1-9][0-9])))
                0x00000000000069e0                __init_end = .

sw_isr_table    0x00000000000069e0      0x138
                0x00000000000069e0                . = ALIGN (0x0)
 *(SORT_BY_ALIGNMENT(.gnu.linkonce.sw_isr_table))
 .gnu.linkonce.sw_isr_table
                0x00000000000069e0      0x138 CMakeFiles/zephyr_final.dir/isr_tables.c.obj
                0x00000000000069e0                _sw_isr_table

initlevel_error
                0x0000000000006988        0x0
 *(SORT_BY_NAME(SORT_BY_ALIGNMENT(.init_[_A-Z0-9]*)))
                0x0000000000000001                ASSERT ((SIZEOF (initlevel_error) == 0x0), Undefined initialization levels used.)

z_object_assignment_area
                0x0000000000006b18        0x0
                0x0000000000006b18                _z_object_assignment_list_start = .
 *(SORT_BY_NAME(SORT_BY_ALIGNMENT(._z_object_assignment.static.*)))
                0x0000000000006b18                _z_object_assignment_list_end = .

app_shmem_regions
                0x0000000000006b18        0x0
                0x0000000000006b18                __app_shmem_regions_start = .
 *(SORT_BY_NAME(SORT_BY_ALIGNMENT(.app_regions.*)))
                0x0000000000006b18                __app_shmem_regions_end = .

bt_l2cap_fixed_chan_area
                0x0000000000006b18        0x0
                0x0000000000006b18                _bt_l2cap_fixed_chan_list_start = .
 *(SORT_BY_NAME(SORT_BY_ALIGNMENT(._bt_l2cap_fixed_chan.static.*)))
                0x0000000000006b18                _bt_l2cap_fixed_chan_list_end = .

bt_gatt_service_static_area
                0x0000000000006b18        0x0
                0x0000000000006b18                _bt_gatt_service_static_list_start = .
 *(SORT_BY_NAME(SORT_BY_ALIGNMENT(._bt_gatt_service_static.static.*)))
                0x0000000000006b18                _bt_gatt_service_static_list_end = .

log_const_sections
                0x0000000000006b18        0x0
                0x0000000000006b18                __log_const_start = .
 *(SORT_BY_NAME(SORT_BY_ALIGNMENT(.log_const_*)))
                0x0000000000006b18                __log_const_end = .

log_backends_sections
                0x0000000000006b18        0x0
                0x0000000000006b18                __log_backends_start = .
 *(SORT_BY_ALIGNMENT(._log_backend.*))
                0x0000000000006b18                __log_backends_end = .

shell_area      0x0000000000006b18        0x0
                0x0000000000006b18                _shell_list_start = .
 *(SORT_BY_NAME(SORT_BY_ALIGNMENT(._shell.static.*)))
                0x0000000000006b18                _shell_list_end = .

shell_root_cmds_sections
                0x0000000000006b18        0x0
                0x0000000000006b18                __shell_root_cmds_start = .
 *(SORT_BY_NAME(SORT_BY_ALIGNMENT(.shell_root_cmd_*)))
                0x0000000000006b18                __shell_root_cmds_end = .

font_entry_sections
                0x0000000000006b18        0x0
                0x0000000000006b18                __font_entry_start = .
 *(SORT_BY_NAME(SORT_BY_ALIGNMENT(._cfb_font.*)))
                0x0000000000006b18                __font_entry_end = .

tracing_backend_area
                0x0000000000006b18        0x0
                0x0000000000006b18                _tracing_backend_list_start = .
 *(SORT_BY_NAME(SORT_BY_ALIGNMENT(._tracing_backend.static.*)))
                0x0000000000006b18                _tracing_backend_list_end = .

rodata          0x0000000000006b20      0x748
 *(SORT_BY_ALIGNMENT(.rodata))
 *(SORT_BY_ALIGNMENT(.rodata.*))
 .rodata.delay_machine_code.9061
                0x0000000000006b20        0x6 soc/arm/nordic_nrf/nrf52/libsoc__arm__nordic_nrf__nrf52.a(soc.c.obj)
 *fill*         0x0000000000006b26        0x2 
 .rodata.clock_control_api
                0x0000000000006b28       0x14 libzephyr.a(nrf_power_clock.c.obj)
 .rodata.config
                0x0000000000006b3c       0x10 libzephyr.a(nrf_power_clock.c.obj)
 .rodata.transitions.10502
                0x0000000000006b4c        0xc libzephyr.a(nrf_power_clock.c.obj)
 .rodata.mpu_config
                0x0000000000006b58        0x8 soc/arm/common/cortex_m/libsoc__arm__common__cortex_m.a(arm_mpu_regions.c.obj)
                0x0000000000006b58                mpu_config
 .rodata.mpu_regions
                0x0000000000006b60       0x18 soc/arm/common/cortex_m/libsoc__arm__common__cortex_m.a(arm_mpu_regions.c.obj)
 .rodata.gpio_nrfx_drv_api_funcs
                0x0000000000006b78       0x24 drivers/gpio/libdrivers__gpio.a(gpio_nrfx.c.obj)
 .rodata.gpio_nrfx_p0_cfg
                0x0000000000006b9c        0xc drivers/gpio/libdrivers__gpio.a(gpio_nrfx.c.obj)
 .rodata.uart_nrfx_uart_driver_api
                0x0000000000006ba8       0x14 drivers/serial/libdrivers__serial.a(uart_nrfx_uart.c.obj)
 .rodata.levels.9303
                0x0000000000006bbc       0x14 kernel/libkernel.a(device.c.obj)
 .rodata._k_neg_eagain
                0x0000000000006bd0        0x4 kernel/libkernel.a(errno.c.obj)
                0x0000000000006bd0                _k_neg_eagain
 .rodata._k_syscall_table
                0x0000000000006bd4      0x430 kernel/libkernel.a(userspace.c.obj)
                0x0000000000006bd4                _k_syscall_table
 .rodata.Thread_receive_a.str1.1
                0x0000000000007004       0x2f ../app/libapp.a(main.c.obj)
 .rodata.Thread_send_a.str1.1
                0x0000000000007033       0x4b ../app/libapp.a(main.c.obj)
 .rodata.device_get_binding.constprop.0.str1.1
                0x000000000000707e        0x7 ../app/libapp.a(main.c.obj)
 .rodata.main.str1.1
                0x0000000000007085       0x3e ../app/libapp.a(main.c.obj)
 .rodata.print_digits.str1.1
                0x00000000000070c3       0x11 libzephyr.a(printk.c.obj)
 .rodata.uart_console_init.str1.1
                0x00000000000070d4        0x7 libzephyr.a(uart_console.c.obj)
 .rodata.str1.1
                0x00000000000070db        0x6 libzephyr.a(nrf_power_clock.c.obj)
 .rodata.str1.1
                0x00000000000070e1        0xa libzephyr.a(sys_clock_init.c.obj)
 .rodata._DoInit.str1.1
                0x00000000000070eb       0x14 libzephyr.a(SEGGER_RTT.c.obj)
 .rodata.str1.1
                0x00000000000070ff        0xf soc/arm/common/cortex_m/libsoc__arm__common__cortex_m.a(arm_mpu_regions.c.obj)
 .rodata.str1.1
                0x000000000000710e        0x7 drivers/gpio/libdrivers__gpio.a(gpio_nrfx.c.obj)
 .rodata.str1.1
                0x000000000000710e        0x7 drivers/serial/libdrivers__serial.a(uart_nrfx_uart.c.obj)
 .rodata.CSWTCH.14
                0x000000000000710e        0x4 ../modules/nordic/lib..__modules__hal__nordic.a(system_nrf52.c.obj)
 .rodata.CSWTCH.18
                0x0000000000007112        0x4 ../modules/nordic/lib..__modules__hal__nordic.a(system_nrf52.c.obj)
 .rodata.CSWTCH.4
                0x0000000000007116        0x4 ../modules/nordic/lib..__modules__hal__nordic.a(system_nrf52.c.obj)
 .rodata.bg_thread_main.str1.1
                0x000000000000711a       0x48 kernel/libkernel.a(init.c.obj)
                                         0x49 (size before relaxing)
 .rodata.z_cstart.str1.1
                0x0000000000007162        0x5 kernel/libkernel.a(init.c.obj)
 *(SORT_BY_ALIGNMENT(.gnu.linkonce.r.*))
 *(SORT_BY_ALIGNMENT(.kobject_data.rodata*))
 .kobject_data.rodata
                0x0000000000007167      0x100 kobject_hash_renamed.o
                0x0000000000007268                . = ALIGN (0x4)
 *fill*         0x0000000000007267        0x1 
                0x0000000000007268                _image_rodata_end = .
                0x0000000000007280                . = ALIGN (_region_min_align)
                0x0000000000008000                . = ALIGN ((0x1 << LOG2CEIL ((_image_rodata_end - _image_rom_start))))
                0x0000000000008000                _image_rom_end = .
                0x0000000020000000                . = 0x20000000
                0x0000000020000000                . = ALIGN (_region_min_align)
                0x0000000020000000                _image_ram_start = .

.ramfunc        0x0000000020000000        0x0 load address 0x0000000000007268
                0x0000000020000000                . = ALIGN (_region_min_align)
                0x0000000020000000                . = ALIGN ((0x1 << LOG2CEIL (_ramfunc_ram_size)))
                0x0000000020000000                _ramfunc_ram_start = .
 *(SORT_BY_ALIGNMENT(.ramfunc))
 *(SORT_BY_ALIGNMENT(.ramfunc.*))
                0x0000000020000000                . = ALIGN (_region_min_align)
                0x0000000020000000                . = ALIGN ((0x1 << LOG2CEIL (_ramfunc_ram_size)))
                0x0000000020000000                _ramfunc_ram_end = .
                0x0000000000000000                _ramfunc_ram_size = (_ramfunc_ram_end - _ramfunc_ram_start)
                0x0000000000007268                _ramfunc_rom_start = LOADADDR (.ramfunc)

app_smem        0x0000000020000000        0x0 load address 0x0000000000007268
                0x0000000020000000                . = ALIGN (_region_min_align)
                0x0000000020000000                _app_smem_start = .
                0x0000000020000000                . = ALIGN (_region_min_align)
                0x0000000020000000                _app_smem_end = .
                0x0000000000000000                _app_smem_size = (_app_smem_end - _app_smem_start)
                0x0000000000007268                _app_smem_rom_start = LOADADDR (app_smem)

bss             0x0000000020000000     0x12b5
                0x0000000020000000                . = ALIGN (0x4)
                0x0000000020000000                __bss_start = .
                0x0000000020000000                __kernel_ram_start = .
 *(SORT_BY_ALIGNMENT(.bss))
 *(SORT_BY_ALIGNMENT(.bss.*))
 .bss.my_thread_data_receive_a
                0x0000000020000000       0xa0 ../app/libapp.a(main.c.obj)
 .bss.my_thread_data_receive_b