Archive member included to satisfy reference by file (symbol)

../app/libapp.a(main.c.obj)   (--whole-archive)
libzephyr.a(crc32_sw.c.obj)   (--whole-archive)
libzephyr.a(crc16_sw.c.obj)   (--whole-archive)
libzephyr.a(crc8_sw.c.obj)    (--whole-archive)
libzephyr.a(crc7_sw.c.obj)    (--whole-archive)
libzephyr.a(dec.c.obj)        (--whole-archive)
libzephyr.a(fdtable.c.obj)    (--whole-archive)
libzephyr.a(hex.c.obj)        (--whole-archive)
libzephyr.a(mempool.c.obj)    (--whole-archive)
libzephyr.a(notify.c.obj)     (--whole-archive)
libzephyr.a(printk.c.obj)     (--whole-archive)
libzephyr.a(onoff.c.obj)      (--whole-archive)
libzephyr.a(rb.c.obj)         (--whole-archive)
libzephyr.a(sem.c.obj)        (--whole-archive)
libzephyr.a(thread_entry.c.obj)
                              (--whole-archive)
libzephyr.a(timeutil.c.obj)   (--whole-archive)
libzephyr.a(work_q.c.obj)     (--whole-archive)
libzephyr.a(heap.c.obj)       (--whole-archive)
libzephyr.a(heap-validate.c.obj)
                              (--whole-archive)
libzephyr.a(mutex.c.obj)      (--whole-archive)
libzephyr.a(configs.c.obj)    (--whole-archive)
libzephyr.a(validate_base_addresses.c.obj)
                              (--whole-archive)
libzephyr.a(validate_enabled_instances.c.obj)
                              (--whole-archive)
libzephyr.a(power.c.obj)      (--whole-archive)
libzephyr.a(policy_residency.c.obj)
                              (--whole-archive)
libzephyr.a(uart_console.c.obj)
                              (--whole-archive)
libzephyr.a(nrf_power_clock.c.obj)
                              (--whole-archive)
libzephyr.a(sys_clock_init.c.obj)
                              (--whole-archive)
libzephyr.a(nrf_rtc_timer.c.obj)
                              (--whole-archive)
libzephyr.a(SEGGER_RTT.c.obj)
                              (--whole-archive)
libzephyr.a(SEGGER_RTT_zephyr.c.obj)
                              (--whole-archive)
arch/common/libarch__common.a(isr_tables.c.obj)
                              (--whole-archive)
arch/common/libarch__common.a(sw_isr_common.c.obj)
                              (--whole-archive)
arch/arch/arm/core/aarch32/libarch__arm__core__aarch32.a(swap.c.obj)
                              (--whole-archive)
arch/arch/arm/core/aarch32/libarch__arm__core__aarch32.a(swap_helper.S.obj)
                              (--whole-archive)
arch/arch/arm/core/aarch32/libarch__arm__core__aarch32.a(irq_manage.c.obj)
                              (--whole-archive)
arch/arch/arm/core/aarch32/libarch__arm__core__aarch32.a(thread.c.obj)
                              (--whole-archive)
arch/arch/arm/core/aarch32/libarch__arm__core__aarch32.a(cpu_idle.S.obj)
                              (--whole-archive)
arch/arch/arm/core/aarch32/libarch__arm__core__aarch32.a(fatal.c.obj)
                              (--whole-archive)
arch/arch/arm/core/aarch32/libarch__arm__core__aarch32.a(nmi.c.obj)
                              (--whole-archive)
arch/arch/arm/core/aarch32/libarch__arm__core__aarch32.a(nmi_on_reset.S.obj)
                              (--whole-archive)
arch/arch/arm/core/aarch32/libarch__arm__core__aarch32.a(prep_c.c.obj)
                              (--whole-archive)
arch/arch/arm/core/aarch32/libarch__arm__core__aarch32.a(isr_wrapper.S.obj)
                              (--whole-archive)
arch/arch/arm/core/aarch32/libarch__arm__core__aarch32.a(userspace.S.obj)
                              (--whole-archive)
arch/arch/arm/core/aarch32/cortex_m/libarch__arm__core__aarch32__cortex_m.a(vector_table.S.obj)
                              (--whole-archive)
arch/arch/arm/core/aarch32/cortex_m/libarch__arm__core__aarch32__cortex_m.a(reset.S.obj)
                              (--whole-archive)
arch/arch/arm/core/aarch32/cortex_m/libarch__arm__core__aarch32__cortex_m.a(fault_s.S.obj)
                              (--whole-archive)
arch/arch/arm/core/aarch32/cortex_m/libarch__arm__core__aarch32__cortex_m.a(fault.c.obj)
                              (--whole-archive)
arch/arch/arm/core/aarch32/cortex_m/libarch__arm__core__aarch32__cortex_m.a(exc_exit.S.obj)
                              (--whole-archive)
arch/arch/arm/core/aarch32/cortex_m/libarch__arm__core__aarch32__cortex_m.a(scb.c.obj)
                              (--whole-archive)
arch/arch/arm/core/aarch32/cortex_m/libarch__arm__core__aarch32__cortex_m.a(irq_init.c.obj)
                              (--whole-archive)
arch/arch/arm/core/aarch32/cortex_m/libarch__arm__core__aarch32__cortex_m.a(thread_abort.c.obj)
                              (--whole-archive)
arch/arch/arm/core/aarch32/cortex_m/mpu/libarch__arm__core__aarch32__cortex_m__mpu.a(arm_core_mpu.c.obj)
                              (--whole-archive)
arch/arch/arm/core/aarch32/cortex_m/mpu/libarch__arm__core__aarch32__cortex_m__mpu.a(arm_mpu.c.obj)
                              (--whole-archive)
lib/libc/minimal/liblib__libc__minimal.a(atoi.c.obj)
                              (--whole-archive)
[...]
Memory Configuration

Name             Origin             Length             Attributes
FLASH            0x0000000000000000 0x0000000000080000 xr
SRAM             0x0000000020000000 0x0000000000010000 xw
IDT_LIST         0x0000000020010000 0x0000000000000800 xw
*default*        0x0000000000000000 0xffffffffffffffff

Linker script and memory map

LOAD CMakeFiles/app_smem_unaligned_prebuilt.dir/misc/empty_file.c.obj
                0x0000000000000020                _region_min_align = 0x20

.rel.plt        0x0000000000000000        0x0
 *(SORT_BY_ALIGNMENT(.rel.plt))
                [!provide]                        PROVIDE (__rel_iplt_start = .)
 *(SORT_BY_ALIGNMENT(.rel.iplt))
 .rel.iplt      0x0000000000000000        0x0 ../app/libapp.a(main.c.obj)
                [!provide]                        PROVIDE (__rel_iplt_end = .)

.rela.plt       0x0000000000000000        0x0
 *(SORT_BY_ALIGNMENT(.rela.plt))
                [!provide]                        PROVIDE (__rela_iplt_start = .)
 *(SORT_BY_ALIGNMENT(.rela.iplt))
                [!provide]                        PROVIDE (__rela_iplt_end = .)

.rel.dyn
 *(SORT_BY_ALIGNMENT(.rel.*))

.rela.dyn
 *(SORT_BY_ALIGNMENT(.rela.*))

/DISCARD/
 *(SORT_BY_ALIGNMENT(.plt))
 *(SORT_BY_ALIGNMENT(.iplt))
 *(SORT_BY_ALIGNMENT(.got.plt))
 *(SORT_BY_ALIGNMENT(.igot.plt))
 *(SORT_BY_ALIGNMENT(.got))
 *(SORT_BY_ALIGNMENT(.igot))
 *(SORT_BY_ALIGNMENT(.note.GNU-stack))
                0x0000000000000000                _image_rom_start = 0x0

rom_start       0x0000000000000000       0xdc
                0x0000000000000000                . = 0x0
                0x0000000000000000                . = ALIGN (0x4)
                0x0000000000000000                . = ALIGN (0x80)
                0x0000000000000000                . = ALIGN (0x100)
                0x0000000000000000                _vector_start = .
 *(SORT_BY_ALIGNMENT(.exc_vector_table))
 *(SORT_BY_ALIGNMENT(.exc_vector_table.*))
 .exc_vector_table._vector_table_section
                0x0000000000000000       0x40 arch/arch/arm/core/aarch32/cortex_m/libarch__arm__core__aarch32__cortex_m.a(vector_table.S.obj)
                0x0000000000000000                _vector_table
 *(SORT_BY_ALIGNMENT(.gnu.linkonce.irq_vector_table))
 .gnu.linkonce.irq_vector_table
                0x0000000000000040       0x9c arch/common/libarch__common.a(isr_tables.c.obj)
                0x0000000000000040                _irq_vector_table
 *(SORT_BY_ALIGNMENT(.vectors))
                0x00000000000000dc                _vector_end = .
 *(SORT_BY_ALIGNMENT(.openocd_dbg))
 *(SORT_BY_ALIGNMENT(.openocd_dbg.*))

text            0x00000000000000dc     0x702a
                0x00000000000000dc                _image_text_start = .
                0x00000000000000dc                _kobject_text_area_start = .
 *(SORT_BY_ALIGNMENT(.kobject_data.text*))
                0x00000000000000dc                _kobject_text_area_end = .
                0x00000000000000dc                _kobject_text_area_used = (_kobject_text_area_end - _kobject_text_area_start)
                0x00000000000000dc                PROVIDE (z_object_find = .)
                0x00000000000000dc                PROVIDE (z_object_wordlist_foreach = .)
                0x00000000000001dc                . = MAX (., (_kobject_text_area_start + 0x100))
 *fill*         0x00000000000000dc      0x100 
                0x0000000000000001                ASSERT ((0x100 >= _kobject_text_area_used), The configuration system has incorrectly set
'CONFIG_KOBJECT_TEXT_AREA' to
256, which is not big enough. You must
through Kconfig either disable 'CONFIG_USERSPACE', or set
'CONFIG_KOBJECT_TEXT_AREA' to a value larger than
256 .)
 *(SORT_BY_ALIGNMENT(.text))
 .text          0x00000000000001dc       0x30 /home/huynhtai/Downloads/ebook_RTOS/Zephyr_SDK/arm-zephyr-eabi/bin/../lib/gcc/arm-zephyr-eabi/9.2.0/thumb/v7e-m/nofp/libgcc.a(_aeabi_uldivmod.o)
                0x00000000000001dc                __aeabi_uldivmod
 .text          0x000000000000020c      0x2c4 /home/huynhtai/Downloads/ebook_RTOS/Zephyr_SDK/arm-zephyr-eabi/bin/../lib/gcc/arm-zephyr-eabi/9.2.0/thumb/v7e-m/nofp/libgcc.a(_udivmoddi4.o)
                0x000000000000020c                __udivmoddi4
 .text          0x00000000000004d0        0x4 /home/huynhtai/Downloads/ebook_RTOS/Zephyr_SDK/arm-zephyr-eabi/bin/../lib/gcc/arm-zephyr-eabi/9.2.0/thumb/v7e-m/nofp/libgcc.a(_dvmd_tls.o)
                0x00000000000004d0                __aeabi_ldiv0
                0x00000000000004d0                __aeabi_idiv0
 *(SORT_BY_ALIGNMENT(.text.*))
 .text.Thread_send_a
                0x00000000000004d4       0x5c ../app/libapp.a(main.c.obj)
                0x00000000000004d4                Thread_send_a
 .text.Thread_receive_a
                0x0000000000000530       0x64 ../app/libapp.a(main.c.obj)
                0x0000000000000530                Thread_receive_a
 .text.device_get_binding.constprop.0
                0x0000000000000594       0x24 ../app/libapp.a(main.c.obj)
 .text.Thread_send_b
                0x00000000000005b8       0x1c ../app/libapp.a(main.c.obj)
                0x00000000000005b8                Thread_send_b
 .text.Thread_receive_b
                0x00000000000005d4       0x18 ../app/libapp.a(main.c.obj)
                0x00000000000005d4                Thread_receive_b
 .text.main     0x00000000000005ec      0x208 ../app/libapp.a(main.c.obj)
                0x00000000000005ec                main
 .text.print_digits
                0x00000000000007f4       0x98 libzephyr.a(printk.c.obj)
 .text.char_out
                0x000000000000088c       0x10 libzephyr.a(printk.c.obj)
 .text.__printk_hook_install
                0x000000000000089c        0xc libzephyr.a(printk.c.obj)
                0x000000000000089c                __printk_hook_install
 .text.z_vprintk
                0x00000000000008a8      0x23c libzephyr.a(printk.c.obj)
                0x00000000000008a8                z_vprintk
 .text.z_impl_k_str_out
                0x0000000000000ae4       0x1c libzephyr.a(printk.c.obj)
                0x0000000000000ae4                z_impl_k_str_out
 .text.vprintk  0x0000000000000b00       0x4c libzephyr.a(printk.c.obj)
                0x0000000000000b00                vprintk
 .text.z_mrsh_k_str_out
                0x0000000000000b4c       0x40 libzephyr.a(printk.c.obj)
                0x0000000000000b4c                z_mrsh_k_str_out
 .text.process_event
                0x0000000000000b8c      0x1dc libzephyr.a(onoff.c.obj)
 .text.z_mrsh_z_sys_mutex_kernel_lock
                0x0000000000000d68       0x40 libzephyr.a(mutex.c.obj)
                0x0000000000000d68                z_mrsh_z_sys_mutex_kernel_lock
 .text.z_impl_z_sys_mutex_kernel_unlock
                0x0000000000000da8       0x4c libzephyr.a(mutex.c.obj)
                0x0000000000000da8                z_impl_z_sys_mutex_kernel_unlock
 .text.z_mrsh_z_sys_mutex_kernel_unlock
                0x0000000000000df4       0x38 libzephyr.a(mutex.c.obj)
                0x0000000000000df4                z_mrsh_z_sys_mutex_kernel_unlock
 .text.console_out
                0x0000000000000e2c       0x24 libzephyr.a(uart_console.c.obj)
 .text.uart_console_init
                0x0000000000000e50       0x44 libzephyr.a(uart_console.c.obj)
 .text.onoff_stop
                0x0000000000000e94       0x48 libzephyr.a(nrf_power_clock.c.obj)
 .text.onoff_start
                0x0000000000000edc       0x5c libzephyr.a(nrf_power_clock.c.obj)
 .text.clk_init
                0x0000000000000f38       0x50 libzephyr.a(nrf_power_clock.c.obj)
 .text.clkstarted_handle.constprop.0
                0x0000000000000f88       0x38 libzephyr.a(nrf_power_clock.c.obj)
 .text.generic_hfclk_start
                0x0000000000000fc0       0x68 libzephyr.a(nrf_power_clock.c.obj)
 .text.lfclk_stop
                0x0000000000001028       0x20 libzephyr.a(nrf_power_clock.c.obj)
 .text.generic_hfclk_stop
                0x0000000000001048       0x44 libzephyr.a(nrf_power_clock.c.obj)
 .text.lfclk_start
                0x000000000000108c       0x38 libzephyr.a(nrf_power_clock.c.obj)
 .text.api_blocking_start
                0x00000000000010c4       0x50 libzephyr.a(nrf_power_clock.c.obj)
 .text.nrf_power_clock_isr
                0x0000000000001114       0x74 libzephyr.a(nrf_power_clock.c.obj)
                0x0000000000001114                nrf_power_clock_isr
 .text.z_nrf_clock_control_lf_on
                0x0000000000001188       0x54 libzephyr.a(nrf_power_clock.c.obj)
                0x0000000000001188                z_nrf_clock_control_lf_on
 .text.handle_next_cycle_case
                0x00000000000011dc       0x28 libzephyr.a(nrf_rtc_timer.c.obj)
 .text.event_clear
                0x0000000000001204       0x18 libzephyr.a(nrf_rtc_timer.c.obj)
 .text.rtc_nrf_isr
                0x000000000000121c       0x2c libzephyr.a(nrf_rtc_timer.c.obj)
                0x000000000000121c                rtc_nrf_isr
 .text.z_clock_driver_init
                0x0000000000001248       0x50 libzephyr.a(nrf_rtc_timer.c.obj)
                0x0000000000001248                z_clock_driver_init
 .text.z_clock_set_timeout
                0x0000000000001298       0xd8 libzephyr.a(nrf_rtc_timer.c.obj)
                0x0000000000001298                z_clock_set_timeout
 .text.z_clock_elapsed
                0x0000000000001370       0x34 libzephyr.a(nrf_rtc_timer.c.obj)
                0x0000000000001370                z_clock_elapsed
 .text._DoInit  0x00000000000013a4       0x60 libzephyr.a(SEGGER_RTT.c.obj)
 .text.arch_swap
                0x0000000000001404       0x38 arch/arch/arm/core/aarch32/libarch__arm__core__aarch32.a(swap.c.obj)
                0x0000000000001404                arch_swap
 .text.z_arm_pendsv
                0x000000000000143c       0x70 arch/arch/arm/core/aarch32/libarch__arm__core__aarch32.a(swap_helper.S.obj)
                0x000000000000143c                z_arm_pendsv
 .text.z_arm_svc
                0x00000000000014ac       0x70 arch/arch/arm/core/aarch32/libarch__arm__core__aarch32.a(swap_helper.S.obj)
                0x00000000000014ac                z_arm_svc
 .text.arch_irq_enable
                0x000000000000151c       0x20 arch/arch/arm/core/aarch32/libarch__arm__core__aarch32.a(irq_manage.c.obj)
                0x000000000000151c                arch_irq_enable
 .text.z_arm_irq_priority_set
                0x000000000000153c       0x30 arch/arch/arm/core/aarch32/libarch__arm__core__aarch32.a(irq_manage.c.obj)
                0x000000000000153c                z_arm_irq_priority_set
 .text.arch_user_mode_enter
                0x000000000000156c       0x38 arch/arch/arm/core/aarch32/libarch__arm__core__aarch32.a(thread.c.obj)
                0x000000000000156c                arch_user_mode_enter
 .text.arch_new_thread
                0x00000000000015a4       0x50 arch/arch/arm/core/aarch32/libarch__arm__core__aarch32.a(thread.c.obj)
                0x00000000000015a4                arch_new_thread
 .text.z_check_thread_stack_fail
                0x00000000000015f4       0x48 arch/arch/arm/core/aarch32/libarch__arm__core__aarch32.a(thread.c.obj)
                0x00000000000015f4                z_check_thread_stack_fail
 .text.arch_switch_to_main_thread
                0x000000000000163c       0x34 arch/arch/arm/core/aarch32/libarch__arm__core__aarch32.a(thread.c.obj)
                0x000000000000163c                arch_switch_to_main_thread
 .text.z_arm_cpu_idle_init
                0x0000000000001670        0xc arch/arch/arm/core/aarch32/libarch__arm__core__aarch32.a(cpu_idle.S.obj)
                0x0000000000001670                z_arm_cpu_idle_init
 .text.arch_cpu_idle
                0x000000000000167c       0x1c arch/arch/arm/core/aarch32/libarch__arm__core__aarch32.a(cpu_idle.S.obj)
                0x000000000000167c                arch_cpu_idle
 .text.z_SysNmiOnReset
                0x0000000000001698        0x8 arch/arch/arm/core/aarch32/libarch__arm__core__aarch32.a(nmi_on_reset.S.obj)
                0x0000000000001698                z_SysNmiOnReset
 .text.z_arm_prep_c
                0x00000000000016a0       0x44 arch/arch/arm/core/aarch32/libarch__arm__core__aarch32.a(prep_c.c.obj)
                0x00000000000016a0                z_arm_prep_c
 .text._isr_wrapper
                0x00000000000016e4       0x40 arch/arch/arm/core/aarch32/libarch__arm__core__aarch32.a(isr_wrapper.S.obj)
                0x00000000000016e4                _isr_wrapper
 .text.z_arm_userspace_enter
                0x0000000000001724       0x84 arch/arch/arm/core/aarch32/libarch__arm__core__aarch32.a(userspace.S.obj)
                0x0000000000001724                z_arm_userspace_enter
 .text.z_arm_do_syscall
                0x00000000000017a8       0x94 arch/arch/arm/core/aarch32/libarch__arm__core__aarch32.a(userspace.S.obj)
                0x00000000000017a8                z_arm_do_syscall
 .text.arch_user_string_nlen
                0x000000000000183c       0x24 arch/arch/arm/core/aarch32/libarch__arm__core__aarch32.a(userspace.S.obj)
                0x000000000000183c                arch_user_string_nlen
                0x0000000000001846                z_arm_user_string_nlen_fault_start
                0x0000000000001848                z_arm_user_string_nlen_fault_end
                0x0000000000001858                z_arm_user_string_nlen_fixup
 .text._reset_section
                0x0000000000001860       0x30 arch/arch/arm/core/aarch32/cortex_m/libarch__arm__core__aarch32__cortex_m.a(reset.S.obj)
                0x0000000000001860                z_arm_reset
                0x0000000000001860                __start
 .text.__fault  0x0000000000001890       0x14 arch/arch/arm/core/aarch32/cortex_m/libarch__arm__core__aarch32__cortex_m.a(fault_s.S.obj)
                0x0000000000001890                z_arm_bus_fault
                0x0000000000001890                z_arm_usage_fault
                0x0000000000001890                z_arm_mpu_fault
                0x0000000000001890                z_arm_exc_spurious
                0x0000000000001890                z_arm_debug_monitor
                0x0000000000001890                z_arm_hard_fault
 .text.mem_manage_fault
                0x00000000000018a4       0xbc arch/arch/arm/core/aarch32/cortex_m/libarch__arm__core__aarch32__cortex_m.a(fault.c.obj)
 .text.usage_fault.isra.0
                0x0000000000001960       0x5c arch/arch/arm/core/aarch32/cortex_m/libarch__arm__core__aarch32__cortex_m.a(fault.c.obj)
 .text.bus_fault
                0x00000000000019bc       0x9c arch/arch/arm/core/aarch32/cortex_m/libarch__arm__core__aarch32__cortex_m.a(fault.c.obj)
 .text.z_arm_fault
                0x0000000000001a58      0x104 arch/arch/arm/core/aarch32/cortex_m/libarch__arm__core__aarch32__cortex_m.a(fault.c.obj)
                0x0000000000001a58                z_arm_fault
 .text.z_arm_fault_init
                0x0000000000001b5c       0x10 arch/arch/arm/core/aarch32/cortex_m/libarch__arm__core__aarch32__cortex_m.a(fault.c.obj)
                0x0000000000001b5c                z_arm_fault_init
 .text._HandlerModeExit
                0x0000000000001b6c       0x1c arch/arch/arm/core/aarch32/cortex_m/libarch__arm__core__aarch32__cortex_m.a(exc_exit.S.obj)
                0x0000000000001b6c                z_arm_exc_exit
                0x0000000000001b6c                z_arm_int_exit
 .text.z_arm_interrupt_init
                0x0000000000001b88       0x18 arch/arch/arm/core/aarch32/cortex_m/libarch__arm__core__aarch32__cortex_m.a(irq_init.c.obj)
                0x0000000000001b88                z_arm_interrupt_init
 .text.z_impl_k_thread_abort
                0x0000000000001ba0       0x4c arch/arch/arm/core/aarch32/cortex_m/libarch__arm__core__aarch32__cortex_m.a(thread_abort.c.obj)
                0x0000000000001ba0                z_impl_k_thread_abort
 .text.z_arm_configure_static_mpu_regions
                0x0000000000001bec       0x38 arch/arch/arm/core/aarch32/cortex_m/mpu/libarch__arm__core__aarch32__cortex_m__mpu.a(arm_core_mpu.c.obj)
                0x0000000000001bec                z_arm_configure_static_mpu_regions
 .text.z_arm_configure_dynamic_mpu_regions
                0x0000000000001c24       0x80 arch/arch/arm/core/aarch32/cortex_m/mpu/libarch__arm__core__aarch32__cortex_m__mpu.a(arm_core_mpu.c.obj)
                0x0000000000001c24                z_arm_configure_dynamic_mpu_regions
 .text.arch_mem_domain_thread_add
                0x0000000000001ca4       0x14 arch/arch/arm/core/aarch32/cortex_m/mpu/libarch__arm__core__aarch32__cortex_m__mpu.a(arm_core_mpu.c.obj)
                0x0000000000001ca4                arch_mem_domain_thread_add
 .text.is_enabled_region
                0x0000000000001cb8       0x28 arch/arch/arm/core/aarch32/cortex_m/mpu/libarch__arm__core__aarch32__cortex_m__mpu.a(arm_mpu.c.obj)
 .text.mpu_configure_region
                0x0000000000001ce0       0x64 arch/arch/arm/core/aarch32/cortex_m/mpu/libarch__arm__core__aarch32__cortex_m__mpu.a(arm_mpu.c.obj)
 .text.arm_core_mpu_enable
                0x0000000000001d44       0x14 arch/arch/arm/core/aarch32/cortex_m/mpu/libarch__arm__core__aarch32__cortex_m__mpu.a(arm_mpu.c.obj)
                0x0000000000001d44                arm_core_mpu_enable
 .text.arm_core_mpu_disable
                0x0000000000001d58       0x10 arch/arch/arm/core/aarch32/cortex_m/mpu/libarch__arm__core__aarch32__cortex_m__mpu.a(arm_mpu.c.obj)
                0x0000000000001d58                arm_core_mpu_disable
 .text.arm_mpu_init
                0x0000000000001d68       0x64 arch/arch/arm/core/aarch32/cortex_m/mpu/libarch__arm__core__aarch32__cortex_m__mpu.a(arm_mpu.c.obj)
 .text.arm_core_mpu_get_max_available_dyn_regions
                0x0000000000001dcc       0x10 arch/arch/arm/core/aarch32/cortex_m/mpu/libarch__arm__core__aarch32__cortex_m__mpu.a(arm_mpu.c.obj)
                0x0000000000001dcc                arm_core_mpu_get_max_available_dyn_regions
 .text.arm_core_mpu_buffer_validate
                0x0000000000001ddc       0xa8 arch/arch/arm/core/aarch32/cortex_m/mpu/libarch__arm__core__aarch32__cortex_m__mpu.a(arm_mpu.c.obj)
                0x0000000000001ddc                arm_core_mpu_buffer_validate
 .text.arm_core_mpu_configure_static_mpu_regions
                0x0000000000001e84       0x4c arch/arch/arm/core/aarch32/cortex_m/mpu/libarch__arm__core__aarch32__cortex_m__mpu.a(arm_mpu.c.obj)
                0x0000000000001e84                arm_core_mpu_configure_static_mpu_regions
 .text.arm_core_mpu_configure_dynamic_mpu_regions
                0x0000000000001ed0       0x4c arch/arch/arm/core/aarch32/cortex_m/mpu/libarch__arm__core__aarch32__cortex_m__mpu.a(arm_mpu.c.obj)
                0x0000000000001ed0                arm_core_mpu_configure_dynamic_mpu_regions
 .text.__stdout_hook_install
                0x0000000000001f1c        0xc lib/libc/minimal/liblib__libc__minimal.a(stdout_console.c.obj)
                0x0000000000001f1c                __stdout_hook_install
 .text.z_impl_zephyr_fputc
                0x0000000000001f28       0x14 lib/libc/minimal/liblib__libc__minimal.a(stdout_console.c.obj)
                0x0000000000001f28                z_impl_zephyr_fputc
 .text.z_mrsh_zephyr_fputc
                0x0000000000001f3c       0x20 lib/libc/minimal/liblib__libc__minimal.a(stdout_console.c.obj)
                0x0000000000001f3c                z_mrsh_zephyr_fputc
 .text.z_impl_zephyr_fwrite
                0x0000000000001f5c       0x48 lib/libc/minimal/liblib__libc__minimal.a(stdout_console.c.obj)
                0x0000000000001f5c                z_impl_zephyr_fwrite
 .text.z_mrsh_zephyr_fwrite
                0x0000000000001fa4       0x54 lib/libc/minimal/liblib__libc__minimal.a(stdout_console.c.obj)
                0x0000000000001fa4                z_mrsh_zephyr_fwrite
 .text.nordicsemi_nrf52_init
                0x0000000000001ff8       0x30 soc/arm/nordic_nrf/nrf52/libsoc__arm__nordic_nrf__nrf52.a(soc.c.obj)
 .text.arch_busy_wait
                0x0000000000002028       0x14 soc/arm/nordic_nrf/nrf52/libsoc__arm__nordic_nrf__nrf52.a(soc.c.obj)
                0x0000000000002028                arch_busy_wait
 .text.gpio_nrfx_init
                0x000000000000203c       0x30 drivers/gpio/libdrivers__gpio.a(gpio_nrfx.c.obj)
 .text.gpio_nrfx_config
                0x000000000000206c       0xbc drivers/gpio/libdrivers__gpio.a(gpio_nrfx.c.obj)
 .text.gpio_nrfx_pin_interrupt_configure
                0x0000000000002128      0x1e4 drivers/gpio/libdrivers__gpio.a(gpio_nrfx.c.obj)
 .text.gpiote_event_handler
                0x000000000000230c      0x148 drivers/gpio/libdrivers__gpio.a(gpio_nrfx.c.obj)
 .text.z_mrsh_gpio_config
                0x0000000000002454       0x58 drivers/gpio/libdrivers__gpio.a(gpio_handlers.c.obj)
                0x0000000000002454                z_mrsh_gpio_config
 .text.z_mrsh_gpio_port_get_raw
                0x00000000000024ac       0x64 drivers/gpio/libdrivers__gpio.a(gpio_handlers.c.obj)
                0x00000000000024ac                z_mrsh_gpio_port_get_raw
 .text.z_mrsh_gpio_port_set_masked_raw
                0x0000000000002510       0x58 drivers/gpio/libdrivers__gpio.a(gpio_handlers.c.obj)
                0x0000000000002510                z_mrsh_gpio_port_set_masked_raw
 .text.z_mrsh_gpio_port_set_bits_raw
                0x0000000000002568       0x4c drivers/gpio/libdrivers__gpio.a(gpio_handlers.c.obj)
                0x0000000000002568                z_mrsh_gpio_port_set_bits_raw
 .text.z_mrsh_gpio_port_clear_bits_raw
                0x00000000000025b4       0x4c drivers/gpio/libdrivers__gpio.a(gpio_handlers.c.obj)
                0x00000000000025b4                z_mrsh_gpio_port_clear_bits_raw
 .text.z_mrsh_gpio_port_toggle_bits
                0x0000000000002600       0x4c drivers/gpio/libdrivers__gpio.a(gpio_handlers.c.obj)
                0x0000000000002600                z_mrsh_gpio_port_toggle_bits
 .text.z_mrsh_gpio_pin_interrupt_configure
                0x000000000000264c       0x70 drivers/gpio/libdrivers__gpio.a(gpio_handlers.c.obj)
                0x000000000000264c                z_mrsh_gpio_pin_interrupt_configure
 .text.z_mrsh_gpio_get_pending_int
                0x00000000000026bc       0x48 drivers/gpio/libdrivers__gpio.a(gpio_handlers.c.obj)
                0x00000000000026bc                z_mrsh_gpio_get_pending_int
 .text.uart_nrfx_err_check
                0x0000000000002704       0x10 drivers/serial/libdrivers__serial.a(uart_nrfx_uart.c.obj)
 .text.uart_nrfx_configure
                0x0000000000002714      0x164 drivers/serial/libdrivers__serial.a(uart_nrfx_uart.c.obj)
 .text.uart_nrfx_poll_in
                0x0000000000002878       0x2c drivers/serial/libdrivers__serial.a(uart_nrfx_uart.c.obj)
 .text.uart_nrfx_poll_out
                0x00000000000028a4       0x88 drivers/serial/libdrivers__serial.a(uart_nrfx_uart.c.obj)
 .text.uart_nrfx_init
                0x000000000000292c       0x6c drivers/serial/libdrivers__serial.a(uart_nrfx_uart.c.obj)
 .text.z_mrsh_uart_err_check
                0x0000000000002998       0x48 drivers/serial/libdrivers__serial.a(uart_handlers.c.obj)
                0x0000000000002998                z_mrsh_uart_err_check
 .text.z_mrsh_uart_poll_in
                0x00000000000029e0       0x64 drivers/serial/libdrivers__serial.a(uart_handlers.c.obj)
                0x00000000000029e0                z_mrsh_uart_poll_in
 .text.z_mrsh_uart_poll_out
                0x0000000000002a44       0x4c drivers/serial/libdrivers__serial.a(uart_handlers.c.obj)
                0x0000000000002a44                z_mrsh_uart_poll_out
 .text.z_mrsh_uart_config_get
                0x0000000000002a90       0x70 drivers/serial/libdrivers__serial.a(uart_handlers.c.obj)
                0x0000000000002a90                z_mrsh_uart_config_get
 .text.z_mrsh_uart_configure
                0x0000000000002b00       0x70 drivers/serial/libdrivers__serial.a(uart_handlers.c.obj)
                0x0000000000002b00                z_mrsh_uart_configure
 .text.nrf52_errata_12
                0x0000000000002b70       0x40 ../modules/nordic/lib..__modules__hal__nordic.a(system_nrf52.c.obj)
 .text.nrf52_errata_16
                0x0000000000002bb0       0x2c ../modules/nordic/lib..__modules__hal__nordic.a(system_nrf52.c.obj)
 .text.SystemInit
                0x0000000000002bdc      0x260 ../modules/nordic/lib..__modules__hal__nordic.a(system_nrf52.c.obj)
                0x0000000000002bdc                SystemInit
 .text.z_sys_init_run_level
                0x0000000000002e3c       0x34 kernel/libkernel.a(device.c.obj)
                0x0000000000002e3c                z_sys_init_run_level
 .text.z_impl_device_get_binding
                0x0000000000002e70       0x48 kernel/libkernel.a(device.c.obj)
                0x0000000000002e70                z_impl_device_get_binding
 .text.z_mrsh_device_get_binding
                0x0000000000002eb8       0x34 kernel/libkernel.a(device.c.obj)
                0x0000000000002eb8                z_mrsh_device_get_binding
 .text.z_mrsh_z_errno
                0x0000000000002eec       0x14 kernel/libkernel.a(errno.c.obj)
                0x0000000000002eec                z_mrsh_z_errno
 .text.idle     0x0000000000002f00       0x34 kernel/libkernel.a(idle.c.obj)
                0x0000000000002f00                idle
 .text.z_bss_zero
                0x0000000000002f34       0x14 kernel/libkernel.a(init.c.obj)
                0x0000000000002f34                z_bss_zero
 .text.z_data_copy
                0x0000000000002f48       0x4c kernel/libkernel.a(init.c.obj)
                0x0000000000002f48                z_data_copy
 .text.bg_thread_main
                0x0000000000002f94       0x48 kernel/libkernel.a(init.c.obj)
 .text.z_cstart
                0x0000000000002fdc       0xfc kernel/libkernel.a(init.c.obj)
                0x0000000000002fdc                z_cstart
 .text.mbox_message_put
                0x00000000000030d8       0xe8 kernel/libkernel.a(mailbox.c.obj)
 .text.mbox_message_dispose
                0x00000000000031c0       0x6c kernel/libkernel.a(mailbox.c.obj)
 .text.init_mbox_module
                0x000000000000322c       0x34 kernel/libkernel.a(mailbox.c.obj)
 .text.k_mbox_put
                0x0000000000003260       0x14 kernel/libkernel.a(mailbox.c.obj)
                0x0000000000003260                k_mbox_put
 .text.k_mbox_get
                0x0000000000003274       0xb4 kernel/libkernel.a(mailbox.c.obj)
                0x0000000000003274                k_mbox_get
 .text.z_thread_malloc
                0x0000000000003328       0x30 kernel/libkernel.a(mempool.c.obj)
                0x0000000000003328                z_thread_malloc
 .text.z_mrsh_k_mutex_init
                0x0000000000003358       0x40 kernel/libkernel.a(mutex.c.obj)
                0x0000000000003358                z_mrsh_k_mutex_init
 .text.z_impl_k_mutex_lock
                0x0000000000003398      0x10c kernel/libkernel.a(mutex.c.obj)
                0x0000000000003398                z_impl_k_mutex_lock
 .text.z_mrsh_k_mutex_lock
                0x00000000000034a4       0x4c kernel/libkernel.a(mutex.c.obj)
                0x00000000000034a4                z_mrsh_k_mutex_lock
 .text.z_impl_k_mutex_unlock
                0x00000000000034f0       0x94 kernel/libkernel.a(mutex.c.obj)
                0x00000000000034f0                z_impl_k_mutex_unlock
 .text.z_mrsh_k_mutex_unlock
                0x0000000000003584       0x40 kernel/libkernel.a(mutex.c.obj)
                0x0000000000003584                z_mrsh_k_mutex_unlock
 .text.pipe_async_finish
                0x00000000000035c4       0x24 kernel/libkernel.a(pipes.c.obj)
 .text.init_pipes_module
                0x00000000000035e8       0x40 kernel/libkernel.a(pipes.c.obj)
 .text.z_mrsh_k_pipe_alloc_init
                0x0000000000003628       0x44 kernel/libkernel.a(pipes.c.obj)
                0x0000000000003628                z_mrsh_k_pipe_alloc_init
 .text.z_pipe_put_internal
                0x000000000000366c      0x1d4 kernel/libkernel.a(pipes.c.obj)
                0x000000000000366c                z_pipe_put_internal
 .text.z_impl_k_pipe_get
                0x0000000000003840      0x210 kernel/libkernel.a(pipes.c.obj)
                0x0000000000003840                z_impl_k_pipe_get
 .text.z_vrfy_k_pipe_get
                0x0000000000003a50       0x6c kernel/libkernel.a(pipes.c.obj)
                0x0000000000003a50                z_vrfy_k_pipe_get
 .text.z_mrsh_k_pipe_get
                0x0000000000003abc       0x60 kernel/libkernel.a(pipes.c.obj)
                0x0000000000003abc                z_mrsh_k_pipe_get
 .text.z_vrfy_k_pipe_put
                0x0000000000003b1c       0x6c kernel/libkernel.a(pipes.c.obj)
                0x0000000000003b1c                z_vrfy_k_pipe_put
 .text.z_mrsh_k_pipe_put
                0x0000000000003b88       0x60 kernel/libkernel.a(pipes.c.obj)
                0x0000000000003b88                z_mrsh_k_pipe_put
 .text.z_vrfy_k_pipe_read_avail
                0x0000000000003be8       0x30 kernel/libkernel.a(pipes.c.obj)
                0x0000000000003be8                z_vrfy_k_pipe_read_avail
 .text.z_mrsh_k_pipe_read_avail
                0x0000000000003c18       0x20 kernel/libkernel.a(pipes.c.obj)
                0x0000000000003c18                z_mrsh_k_pipe_read_avail
 .text.z_vrfy_k_pipe_write_avail
                0x0000000000003c38       0x30 kernel/libkernel.a(pipes.c.obj)
                0x0000000000003c38                z_vrfy_k_pipe_write_avail
 .text.z_mrsh_k_pipe_write_avail
                0x0000000000003c68       0x20 kernel/libkernel.a(pipes.c.obj)
                0x0000000000003c68                z_mrsh_k_pipe_write_avail
 .text.z_mrsh_k_queue_init
                0x0000000000003c88       0x44 kernel/libkernel.a(queue.c.obj)
                0x0000000000003c88                z_mrsh_k_queue_init
 .text.z_mrsh_k_queue_cancel_wait
                0x0000000000003ccc       0x40 kernel/libkernel.a(queue.c.obj)
                0x0000000000003ccc                z_mrsh_k_queue_cancel_wait
 .text.z_mrsh_k_queue_alloc_append
                0x0000000000003d0c       0x44 kernel/libkernel.a(queue.c.obj)
                0x0000000000003d0c                z_mrsh_k_queue_alloc_append
 .text.z_mrsh_k_queue_alloc_prepend
                0x0000000000003d50       0x44 kernel/libkernel.a(queue.c.obj)
                0x0000000000003d50                z_mrsh_k_queue_alloc_prepend
 .text.z_impl_k_queue_get
                0x0000000000003d94       0x68 kernel/libkernel.a(queue.c.obj)
                0x0000000000003d94                z_impl_k_queue_get
 .text.z_mrsh_k_queue_get
                0x0000000000003dfc       0x4c kernel/libkernel.a(queue.c.obj)
                0x0000000000003dfc                z_mrsh_k_queue_get
 .text.z_mrsh_k_queue_is_empty
                0x0000000000003e48       0x40 kernel/libkernel.a(queue.c.obj)
                0x0000000000003e48                z_mrsh_k_queue_is_empty
 .text.z_mrsh_k_queue_peek_head
                0x0000000000003e88       0x40 kernel/libkernel.a(queue.c.obj)
                0x0000000000003e88                z_mrsh_k_queue_peek_head
 .text.z_mrsh_k_queue_peek_tail
                0x0000000000003ec8       0x40 kernel/libkernel.a(queue.c.obj)
                0x0000000000003ec8                z_mrsh_k_queue_peek_tail
 .text.z_reset_time_slice
                0x0000000000003f08       0x2c kernel/libkernel.a(sched.c.obj)
                0x0000000000003f08                z_reset_time_slice
 .text.k_sched_time_slice_set
                0x0000000000003f34       0x58 kernel/libkernel.a(sched.c.obj)
                0x0000000000003f34                k_sched_time_slice_set
 .text.k_sched_lock
                0x0000000000003f8c       0x28 kernel/libkernel.a(sched.c.obj)
                0x0000000000003f8c                k_sched_lock
 .text.z_priq_dumb_remove
                0x0000000000003fb4       0x2c kernel/libkernel.a(sched.c.obj)
                0x0000000000003fb4                z_priq_dumb_remove
 .text.update_cache
                0x0000000000003fe0       0x48 kernel/libkernel.a(sched.c.obj)
 .text.k_sched_unlock
                0x0000000000004028       0x3c kernel/libkernel.a(sched.c.obj)
                0x0000000000004028                k_sched_unlock
 .text.ready_thread
                0x0000000000004064       0x68 kernel/libkernel.a(sched.c.obj)
 .text.z_sched_start
                0x00000000000040cc       0x3c kernel/libkernel.a(sched.c.obj)
                0x00000000000040cc                z_sched_start
 .text.z_impl_k_thread_resume
                0x0000000000004108       0x30 kernel/libkernel.a(sched.c.obj)
                0x0000000000004108                z_impl_k_thread_resume
 .text.z_mrsh_k_thread_resume
                0x0000000000004138       0x40 kernel/libkernel.a(sched.c.obj)
                0x0000000000004138                z_mrsh_k_thread_resume
 .text.z_move_thread_to_end_of_prio_q
                0x0000000000004178       0x8c kernel/libkernel.a(sched.c.obj)
                0x0000000000004178                z_move_thread_to_end_of_prio_q
 .text.z_time_slice
                0x0000000000004204       0x6c kernel/libkernel.a(sched.c.obj)
                0x0000000000004204                z_time_slice
 .text.z_impl_k_thread_suspend
                0x0000000000004270       0x68 kernel/libkernel.a(sched.c.obj)
                0x0000000000004270                z_impl_k_thread_suspend
 .text.z_mrsh_k_thread_suspend
                0x00000000000042d8       0x40 kernel/libkernel.a(sched.c.obj)
                0x00000000000042d8                z_mrsh_k_thread_suspend
 .text.z_thread_single_abort
                0x0000000000004318       0xd0 kernel/libkernel.a(sched.c.obj)
                0x0000000000004318                z_thread_single_abort
 .text.unready_thread
                0x00000000000043e8       0x34 kernel/libkernel.a(sched.c.obj)
 .text.z_tick_sleep.part.0
                0x000000000000441c       0x5c kernel/libkernel.a(sched.c.obj)
 .text.pend     0x0000000000004478       0x4c kernel/libkernel.a(sched.c.obj)
 .text.z_pend_curr
                0x00000000000044c4       0x28 kernel/libkernel.a(sched.c.obj)
                0x00000000000044c4                z_pend_curr
 .text.z_set_prio
                0x00000000000044ec       0x88 kernel/libkernel.a(sched.c.obj)
                0x00000000000044ec                z_set_prio
 .text.z_thread_priority_set
                0x0000000000004574       0x20 kernel/libkernel.a(sched.c.obj)
                0x0000000000004574                z_thread_priority_set
 .text.z_sched_init
                0x0000000000004594       0x18 kernel/libkernel.a(sched.c.obj)
                0x0000000000004594                z_sched_init
 .text.z_mrsh_k_thread_priority_get
                0x00000000000045ac       0x3c kernel/libkernel.a(sched.c.obj)
                0x00000000000045ac                z_mrsh_k_thread_priority_get
 .text.z_mrsh_k_thread_priority_set
                0x00000000000045e8       0x64 kernel/libkernel.a(sched.c.obj)
                0x00000000000045e8                z_mrsh_k_thread_priority_set
 .text.z_impl_k_yield
                0x000000000000464c       0x9c kernel/libkernel.a(sched.c.obj)
                0x000000000000464c                z_impl_k_yield
 .text.z_mrsh_k_yield
                0x00000000000046e8       0x20 kernel/libkernel.a(sched.c.obj)
                0x00000000000046e8                z_mrsh_k_yield
 .text.z_impl_k_sleep
                0x0000000000004708       0x48 kernel/libkernel.a(sched.c.obj)
                0x0000000000004708                z_impl_k_sleep
 .text.z_mrsh_k_sleep
                0x0000000000004750       0x20 kernel/libkernel.a(sched.c.obj)
                0x0000000000004750                z_mrsh_k_sleep
 .text.z_impl_k_usleep
                0x0000000000004770       0x48 kernel/libkernel.a(sched.c.obj)
                0x0000000000004770                z_impl_k_usleep
 .text.z_mrsh_k_usleep
                0x00000000000047b8       0x20 kernel/libkernel.a(sched.c.obj)
                0x00000000000047b8                z_mrsh_k_usleep
 .text.z_mrsh_k_wakeup
                0x00000000000047d8       0x40 kernel/libkernel.a(sched.c.obj)
                0x00000000000047d8                z_mrsh_k_wakeup
 .text.z_impl_k_current_get
                0x0000000000004818        0xc kernel/libkernel.a(sched.c.obj)
                0x0000000000004818                z_impl_k_current_get
 .text.z_mrsh_k_current_get
                0x0000000000004824       0x10 kernel/libkernel.a(sched.c.obj)
                0x0000000000004824                z_mrsh_k_current_get
 .text.z_impl_k_is_preempt_thread
                0x0000000000004834       0x20 kernel/libkernel.a(sched.c.obj)
                0x0000000000004834                z_impl_k_is_preempt_thread
 .text.z_mrsh_k_is_preempt_thread
                0x0000000000004854       0x20 kernel/libkernel.a(sched.c.obj)
                0x0000000000004854                z_mrsh_k_is_preempt_thread
 .text.z_impl_k_thread_join
                0x0000000000004874       0x88 kernel/libkernel.a(sched.c.obj)
                0x0000000000004874                z_impl_k_thread_join
 .text.z_mrsh_k_thread_join
                0x00000000000048fc       0x34 kernel/libkernel.a(sched.c.obj)
                0x00000000000048fc                z_mrsh_k_thread_join
 .text.z_mrsh_k_thread_abort
                0x0000000000004930       0x40 kernel/libkernel.a(sched.c.obj)
                0x0000000000004930                z_mrsh_k_thread_abort
 .text.z_vrfy_k_sem_init
                0x0000000000004970       0x38 kernel/libkernel.a(sem.c.obj)
                0x0000000000004970                z_vrfy_k_sem_init
 .text.z_mrsh_k_sem_init
                0x00000000000049a8       0x20 kernel/libkernel.a(sem.c.obj)
                0x00000000000049a8                z_mrsh_k_sem_init
 .text.z_impl_k_sem_give
                0x00000000000049c8       0x44 kernel/libkernel.a(sem.c.obj)
                0x00000000000049c8                z_impl_k_sem_give
 .text.z_mrsh_k_sem_give
                0x0000000000004a0c       0x40 kernel/libkernel.a(sem.c.obj)
                0x0000000000004a0c                z_mrsh_k_sem_give
 .text.z_impl_k_sem_take
                0x0000000000004a4c       0x54 kernel/libkernel.a(sem.c.obj)
                0x0000000000004a4c                z_impl_k_sem_take
 .text.z_mrsh_k_sem_take
                0x0000000000004aa0       0x4c kernel/libkernel.a(sem.c.obj)
                0x0000000000004aa0                z_mrsh_k_sem_take
 .text.z_mrsh_k_sem_reset
                0x0000000000004aec       0x38 kernel/libkernel.a(sem.c.obj)
                0x0000000000004aec                z_mrsh_k_sem_reset
 .text.z_mrsh_k_sem_count_get
                0x0000000000004b24       0x3c kernel/libkernel.a(sem.c.obj)
                0x0000000000004b24                z_mrsh_k_sem_count_get
 .text.z_mrsh_k_stack_alloc_init
                0x0000000000004b60       0x48 kernel/libkernel.a(stack.c.obj)
                0x0000000000004b60                z_mrsh_k_stack_alloc_init
 .text.z_mrsh_k_stack_push
                0x0000000000004ba8       0x44 kernel/libkernel.a(stack.c.obj)
                0x0000000000004ba8                z_mrsh_k_stack_push
 .text.z_impl_k_stack_pop
                0x0000000000004bec       0x6c kernel/libkernel.a(stack.c.obj)
                0x0000000000004bec                z_impl_k_stack_pop
 .text.z_mrsh_k_stack_pop
                0x0000000000004c58       0x5c kernel/libkernel.a(stack.c.obj)
                0x0000000000004c58                z_mrsh_k_stack_pop
 .text.schedule_new_thread
                0x0000000000004cb4       0x20 kernel/libkernel.a(thread.c.obj)
 .text.z_mrsh_k_busy_wait
                0x0000000000004cd4       0x20 kernel/libkernel.a(thread.c.obj)
                0x0000000000004cd4                z_mrsh_k_busy_wait
 .text.z_mrsh_k_thread_name_set
                0x0000000000004cf4       0x14 kernel/libkernel.a(thread.c.obj)
                0x0000000000004cf4                z_mrsh_k_thread_name_set
 .text.z_mrsh_k_thread_name_copy
                0x0000000000004d08       0x14 kernel/libkernel.a(thread.c.obj)
                0x0000000000004d08                z_mrsh_k_thread_name_copy
 .text.z_mrsh_k_thread_start
                0x0000000000004d1c       0x40 kernel/libkernel.a(thread.c.obj)
                0x0000000000004d1c                z_mrsh_k_thread_start
 .text.z_setup_new_thread
                0x0000000000004d5c       0xd8 kernel/libkernel.a(thread.c.obj)
                0x0000000000004d5c                z_setup_new_thread
 .text.z_vrfy_k_thread_create
                0x0000000000004e34       0xb4 kernel/libkernel.a(thread.c.obj)
                0x0000000000004e34                z_vrfy_k_thread_create
 .text.z_mrsh_k_thread_create
                0x0000000000004ee8       0x70 kernel/libkernel.a(thread.c.obj)
                0x0000000000004ee8                z_mrsh_k_thread_create
 .text.z_init_static_threads
                0x0000000000004f58       0xd0 kernel/libkernel.a(thread.c.obj)
                0x0000000000004f58                z_init_static_threads
 .text.z_mrsh_k_float_disable
                0x0000000000005028       0x38 kernel/libkernel.a(thread.c.obj)
                0x0000000000005028                z_mrsh_k_float_disable
 .text.z_mrsh_k_thread_timeout_remaining_ticks
                0x0000000000005060       0x40 kernel/libkernel.a(thread.c.obj)
                0x0000000000005060                z_mrsh_k_thread_timeout_remaining_ticks
 .text.z_mrsh_k_thread_timeout_expires_ticks
                0x00000000000050a0       0x40 kernel/libkernel.a(thread.c.obj)
                0x00000000000050a0                z_mrsh_k_thread_timeout_expires_ticks
 .text.elapsed  0x00000000000050e0       0x14 kernel/libkernel.a(timeout.c.obj)
 .text.remove_timeout
                0x00000000000050f4       0x34 kernel/libkernel.a(timeout.c.obj)
 .text.next_timeout
                0x0000000000005128       0x34 kernel/libkernel.a(timeout.c.obj)
 .text.timeout_rem
                0x000000000000515c       0x4c kernel/libkernel.a(timeout.c.obj)
 .text.z_add_timeout
                0x00000000000051a8      0x110 kernel/libkernel.a(timeout.c.obj)
                0x00000000000051a8                z_add_timeout
 .text.z_timeout_expires
                0x00000000000052b8       0x30 kernel/libkernel.a(timeout.c.obj)
                0x00000000000052b8                z_timeout_expires
 .text.z_clock_announce
                0x00000000000052e8       0xdc kernel/libkernel.a(timeout.c.obj)
                0x00000000000052e8                z_clock_announce
 .text.z_tick_get
                0x00000000000053c4       0x34 kernel/libkernel.a(timeout.c.obj)
                0x00000000000053c4                z_tick_get
 .text.z_mrsh_k_uptime_ticks
                0x00000000000053f8       0x48 kernel/libkernel.a(timeout.c.obj)
                0x00000000000053f8                z_mrsh_k_uptime_ticks
 .text.z_mrsh_k_futex_wake
                0x0000000000005440       0x40 kernel/libkernel.a(futex.c.obj)
                0x0000000000005440                z_mrsh_k_futex_wake
 .text.z_mrsh_k_futex_wait
                0x0000000000005480       0x48 kernel/libkernel.a(futex.c.obj)
                0x0000000000005480                z_mrsh_k_futex_wait
 .text.init_mem_domain_module
                0x00000000000054c8       0x14 kernel/libkernel.a(mem_domain.c.obj)
 .text.app_shmem_bss_zero
                0x00000000000054dc       0x24 kernel/libkernel.a(userspace.c.obj)
 .text.z_thread_perms_inherit
                0x0000000000005500       0x34 kernel/libkernel.a(userspace.c.obj)
                0x0000000000005500                z_thread_perms_inherit
 .text.z_thread_perms_all_clear
                0x0000000000005534       0x1c kernel/libkernel.a(userspace.c.obj)
                0x0000000000005534                z_thread_perms_all_clear
 .text.z_object_validate
                0x0000000000005550       0x74 kernel/libkernel.a(userspace.c.obj)
                0x0000000000005550                z_object_validate
 .text.statics_init
                0x00000000000055c4       0x24 kernel/libkernel.a(kheap.c.obj)
 .text.z_mrsh_k_object_access_grant
                0x00000000000055e8       0x50 kernel/libkernel.a(userspace_handler.c.obj)
                0x00000000000055e8                z_mrsh_k_object_access_grant
 .text.z_mrsh_k_object_release
                0x0000000000005638       0x34 kernel/libkernel.a(userspace_handler.c.obj)
                0x0000000000005638                z_mrsh_k_object_release
 .text.z_mrsh_k_object_alloc
                0x000000000000566c       0x10 kernel/libkernel.a(userspace_handler.c.obj)
                0x000000000000566c                z_mrsh_k_object_alloc
 .text.arch_is_user_context
                0x000000000000567c       0x14 ../app/libapp.a(main.c.obj)
 .text.k_sleep  0x0000000000005690       0x20 ../app/libapp.a(main.c.obj)
 .text.k_thread_suspend
                0x00000000000056b0       0x20 ../app/libapp.a(main.c.obj)
 .text.gpio_pin_configure.constprop.0
                0x00000000000056d0       0x48 ../app/libapp.a(main.c.obj)
 .text.k_thread_create.constprop.0
                0x0000000000005718       0x56 ../app/libapp.a(main.c.obj)
 .text.k_thread_name_set
                0x000000000000576e       0x20 ../app/libapp.a(main.c.obj)
 .text.gpio_port_set_bits_raw
                0x000000000000578e       0x22 ../app/libapp.a(main.c.obj)
 .text.gpio_port_clear_bits_raw
                0x00000000000057b0       0x22 ../app/libapp.a(main.c.obj)
 .text.k_busy_wait
                0x00000000000057d2       0x20 ../app/libapp.a(main.c.obj)
 .text.sys_notify_validate
                0x00000000000057f2       0x22 libzephyr.a(notify.c.obj)
                0x00000000000057f2                sys_notify_validate
 .text.sys_notify_finalize
                0x0000000000005814       0x1a libzephyr.a(notify.c.obj)
                0x0000000000005814                sys_notify_finalize
 .text.arch_is_user_context
                0x000000000000582e       0x14 libzephyr.a(printk.c.obj)
 .text.arch_printk_char_out
                0x0000000000005842        0x4 libzephyr.a(printk.c.obj)
                0x0000000000005842                arch_printk_char_out
 .text.buf_flush
                0x0000000000005846       0x28 libzephyr.a(printk.c.obj)
 .text.buf_char_out
                0x000000000000586e       0x22 libzephyr.a(printk.c.obj)
 .text.printk   0x0000000000005890       0x1a libzephyr.a(printk.c.obj)
                0x0000000000005890                printk
 .text.process_recheck
                0x00000000000058aa       0x38 libzephyr.a(onoff.c.obj)
 .text.validate_args
                0x00000000000058e2       0x1e libzephyr.a(onoff.c.obj)
 .text.transition_complete
                0x0000000000005900       0x1c libzephyr.a(onoff.c.obj)
 .text.onoff_manager_init
                0x000000000000591c       0x26 libzephyr.a(onoff.c.obj)
                0x000000000000591c                onoff_manager_init
 .text.onoff_request
                0x0000000000005942       0xa0 libzephyr.a(onoff.c.obj)
                0x0000000000005942                onoff_request
 .text.z_thread_entry
                0x00000000000059e2       0x3c libzephyr.a(thread_entry.c.obj)
                0x00000000000059e2                z_thread_entry
 .text.chunk_field
                0x0000000000005a1e       0x16 libzephyr.a(heap.c.obj)
 .text.chunk_set
                0x0000000000005a34       0x16 libzephyr.a(heap.c.obj)
 .text.chunk_size
                0x0000000000005a4a        0xc libzephyr.a(heap.c.obj)
 .text.set_chunk_used
                0x0000000000005a56       0x30 libzephyr.a(heap.c.obj)
 .text.set_chunk_size
                0x0000000000005a86        0x8 libzephyr.a(heap.c.obj)
 .text.bucket_idx
                0x0000000000005a8e       0x1a libzephyr.a(heap.c.obj)
 .text.merge_chunks
                0x0000000000005aa8       0x3c libzephyr.a(heap.c.obj)
 .text.split_chunks
                0x0000000000005ae4       0x4e libzephyr.a(heap.c.obj)
 .text.free_list_remove_bidx
                0x0000000000005b32       0x5e libzephyr.a(heap.c.obj)
 .text.free_list_remove
                0x0000000000005b90       0x2e libzephyr.a(heap.c.obj)
 .text.alloc_chunk
                0x0000000000005bbe       0x82 libzephyr.a(heap.c.obj)
 .text.free_list_add
                0x0000000000005c40       0x8a libzephyr.a(heap.c.obj)
 .text.sys_heap_free
                0x0000000000005cca       0xaa libzephyr.a(heap.c.obj)
                0x0000000000005cca                sys_heap_free
 .text.sys_heap_alloc
                0x0000000000005d74       0x68 libzephyr.a(heap.c.obj)
                0x0000000000005d74                sys_heap_alloc
 .text.sys_heap_init
                0x0000000000005ddc       0xa4 libzephyr.a(heap.c.obj)
                0x0000000000005ddc                sys_heap_init
 .text.arch_is_user_context
                0x0000000000005e80       0x14 libzephyr.a(mutex.c.obj)
 .text.z_impl_z_sys_mutex_kernel_lock
                0x0000000000005e94       0x40 libzephyr.a(mutex.c.obj)
                0x0000000000005e94                z_impl_z_sys_mutex_kernel_lock
 .text._ConfigAbsSyms
                0x0000000000005ed4        0x2 libzephyr.a(configs.c.obj)
                0x0000000000005ed4                _ConfigAbsSyms
 .text.uart_poll_out
                0x0000000000005ed6       0x34 libzephyr.a(uart_console.c.obj)
 .text.arch_is_user_context
                0x0000000000005f0a       0x14 libzephyr.a(nrf_power_clock.c.obj)
 .text.get_status
                0x0000000000005f1e       0x12 libzephyr.a(nrf_power_clock.c.obj)
 .text.set_off_state
                0x0000000000005f30       0x32 libzephyr.a(nrf_power_clock.c.obj)
 .text.set_starting_state
                0x0000000000005f62       0x3c libzephyr.a(nrf_power_clock.c.obj)
 .text.set_on_state
                0x0000000000005f9e       0x26 libzephyr.a(nrf_power_clock.c.obj)
 .text.onoff_started_callback
                0x0000000000005fc4       0x12 libzephyr.a(nrf_power_clock.c.obj)
 .text.blocking_start_callback
                0x0000000000005fd6       0x1e libzephyr.a(nrf_power_clock.c.obj)
 .text.lfclk_spinwait
                0x0000000000005ff4       0x1a libzephyr.a(nrf_power_clock.c.obj)
 .text.api_stop
                0x000000000000600e       0x28 libzephyr.a(nrf_power_clock.c.obj)
 .text.api_start
                0x0000000000006036       0x3c libzephyr.a(nrf_power_clock.c.obj)
 .text.z_clock_isr
                0x0000000000006072        0x2 libzephyr.a(sys_clock_init.c.obj)
                0x0000000000006072                z_clock_isr
 .text.z_clock_idle_exit
                0x0000000000006074        0x2 libzephyr.a(sys_clock_init.c.obj)
                0x0000000000006074                z_clock_idle_exit
 .text.SEGGER_RTT_Init
                0x0000000000006076        0x4 libzephyr.a(SEGGER_RTT.c.obj)
                0x0000000000006076                SEGGER_RTT_Init
 .text.rtt_init
                0x000000000000607a        0xa libzephyr.a(SEGGER_RTT_zephyr.c.obj)
 .text.z_irq_spurious
                0x0000000000006084        0x8 arch/arch/arm/core/aarch32/libarch__arm__core__aarch32.a(irq_manage.c.obj)
                0x0000000000006084                z_irq_spurious
 .text.arch_is_user_context
                0x000000000000608c       0x14 arch/arch/arm/core/aarch32/libarch__arm__core__aarch32.a(fatal.c.obj)
 .text.z_arm_fatal_error
                0x00000000000060a0       0x20 arch/arch/arm/core/aarch32/libarch__arm__core__aarch32.a(fatal.c.obj)
                0x00000000000060a0                z_arm_fatal_error
 .text.z_do_kernel_oops
                0x00000000000060c0       0x18 arch/arch/arm/core/aarch32/libarch__arm__core__aarch32.a(fatal.c.obj)
                0x00000000000060c0                z_do_kernel_oops
 .text.arch_syscall_oops
                0x00000000000060d8       0x1c arch/arch/arm/core/aarch32/libarch__arm__core__aarch32.a(fatal.c.obj)
                0x00000000000060d8                arch_syscall_oops
 .text.z_arm_nmi
                0x00000000000060f4        0xe arch/arch/arm/core/aarch32/libarch__arm__core__aarch32.a(nmi.c.obj)
                0x00000000000060f4                z_arm_nmi
 .text.arch_is_user_context
                0x0000000000006102       0x14 arch/arch/arm/core/aarch32/cortex_m/libarch__arm__core__aarch32__cortex_m.a(fault.c.obj)
 .text.arch_is_user_context
                0x0000000000006116       0x14 arch/arch/arm/core/aarch32/cortex_m/mpu/libarch__arm__core__aarch32__cortex_m__mpu.a(arm_core_mpu.c.obj)
 .text.arch_mem_domain_max_partitions_get
                0x000000000000612a        0xa arch/arch/arm/core/aarch32/cortex_m/mpu/libarch__arm__core__aarch32__cortex_m__mpu.a(arm_core_mpu.c.obj)
                0x000000000000612a                arch_mem_domain_max_partitions_get
 .text.arch_buffer_validate
                0x0000000000006134        0x4 arch/arch/arm/core/aarch32/cortex_m/mpu/libarch__arm__core__aarch32__cortex_m__mpu.a(arm_core_mpu.c.obj)
                0x0000000000006134                arch_buffer_validate
 .text.arch_is_user_context
                0x0000000000006138       0x14 arch/arch/arm/core/aarch32/cortex_m/mpu/libarch__arm__core__aarch32__cortex_m__mpu.a(arm_mpu.c.obj)
 .text.strcpy   0x000000000000614c       0x14 lib/libc/minimal/liblib__libc__minimal.a(string.c.obj)
                0x000000000000614c                strcpy
 .text.strcmp   0x0000000000006160       0x18 lib/libc/minimal/liblib__libc__minimal.a(string.c.obj)
                0x0000000000006160                strcmp
 .text.memcpy   0x0000000000006178       0x56 lib/libc/minimal/liblib__libc__minimal.a(string.c.obj)
                0x0000000000006178                memcpy
 .text.memset   0x00000000000061ce       0x46 lib/libc/minimal/liblib__libc__minimal.a(string.c.obj)
                0x00000000000061ce                memset
 .text.arch_is_user_context
                0x0000000000006214       0x14 lib/libc/minimal/liblib__libc__minimal.a(stdout_console.c.obj)
 .text._stdout_hook_default
                0x0000000000006228        0x6 lib/libc/minimal/liblib__libc__minimal.a(stdout_console.c.obj)
 .text.z_platform_init
                0x000000000000622e        0x4 soc/arm/nordic_nrf/nrf52/libsoc__arm__nordic_nrf__nrf52.a(soc.c.obj)
                0x000000000000622e                z_platform_init
 .text.gpio_nrfx_port_get_raw
                0x0000000000006232        0xe drivers/gpio/libdrivers__gpio.a(gpio_nrfx.c.obj)
 .text.gpio_nrfx_port_set_masked_raw
                0x0000000000006240       0x16 drivers/gpio/libdrivers__gpio.a(gpio_nrfx.c.obj)
 .text.gpio_nrfx_port_set_bits_raw
                0x0000000000006256        0xc drivers/gpio/libdrivers__gpio.a(gpio_nrfx.c.obj)
 .text.gpio_nrfx_port_clear_bits_raw
                0x0000000000006262        0xc drivers/gpio/libdrivers__gpio.a(gpio_nrfx.c.obj)
 .text.gpio_nrfx_port_toggle_bits
                0x000000000000626e       0x12 drivers/gpio/libdrivers__gpio.a(gpio_nrfx.c.obj)
 .text.gpio_nrfx_manage_callback
                0x0000000000006280       0x56 drivers/gpio/libdrivers__gpio.a(gpio_nrfx.c.obj)
 .text.arch_is_user_context
                0x00000000000062d6       0x14 drivers/gpio/libdrivers__gpio.a(gpio_handlers.c.obj)
 .text.uart_nrfx_config_get
                0x00000000000062ea       0x10 drivers/serial/libdrivers__serial.a(uart_nrfx_uart.c.obj)
 .text.arch_is_user_context
                0x00000000000062fa       0x14 drivers/serial/libdrivers__serial.a(uart_handlers.c.obj)
 .text.nrfx_busy_wait
                0x000000000000630e       0x28 ../modules/nordic/lib..__modules__hal__nordic.a(nrfx_glue.c.obj)
                0x000000000000630e                nrfx_busy_wait
 .text.arch_is_user_context
                0x0000000000006336       0x14 kernel/libkernel.a(fatal.c.obj)
 .text.arch_system_halt
                0x000000000000634a       0x12 kernel/libkernel.a(fatal.c.obj)
                0x000000000000634a                arch_system_halt
 .text.k_sys_fatal_error_handler
                0x000000000000635c        0xe kernel/libkernel.a(fatal.c.obj)
                0x000000000000635c                k_sys_fatal_error_handler
 .text.z_fatal_error
                0x000000000000636a       0x4c kernel/libkernel.a(fatal.c.obj)
                0x000000000000636a                z_fatal_error
 .text.z_sys_power_save_idle_exit
                0x00000000000063b6        0x4 kernel/libkernel.a(idle.c.obj)
                0x00000000000063b6                z_sys_power_save_idle_exit
 .text.mbox_message_match
                0x00000000000063ba       0x60 kernel/libkernel.a(mailbox.c.obj)
 .text.k_mbox_init
                0x000000000000641a        0xe kernel/libkernel.a(mailbox.c.obj)
                0x000000000000641a                k_mbox_init
 .text.k_mbox_data_get
                0x0000000000006428       0x24 kernel/libkernel.a(mailbox.c.obj)
                0x0000000000006428                k_mbox_data_get
 .text.k_mem_pool_free
                0x000000000000644c        0x4 kernel/libkernel.a(mempool.c.obj)
                0x000000000000644c                k_mem_pool_free
 .text.k_mem_pool_malloc
                0x0000000000006450       0x30 kernel/libkernel.a(mempool.c.obj)
                0x0000000000006450                k_mem_pool_malloc
 .text.k_free   0x0000000000006480        0xa kernel/libkernel.a(mempool.c.obj)
                0x0000000000006480                k_free
 .text.arch_is_user_context
                0x000000000000648a       0x14 kernel/libkernel.a(mutex.c.obj)
 .text.adjust_owner_prio.isra.0
                0x000000000000649e       0x20 kernel/libkernel.a(mutex.c.obj)
 .text.z_impl_k_mutex_init
                0x00000000000064be       0x14 kernel/libkernel.a(mutex.c.obj)
                0x00000000000064be                z_impl_k_mutex_init
 .text.sys_dlist_get
                0x00000000000064d2       0x1c kernel/libkernel.a(pipes.c.obj)
 .text.arch_is_user_context
                0x00000000000064ee       0x14 kernel/libkernel.a(pipes.c.obj)
 .text.pipe_xfer
                0x0000000000006502       0x1e kernel/libkernel.a(pipes.c.obj)
 .text.pipe_buffer_put
                0x0000000000006520       0x60 kernel/libkernel.a(pipes.c.obj)
 .text.pipe_xfer_prepare
                0x0000000000006580       0x8e kernel/libkernel.a(pipes.c.obj)
 .text.pipe_thread_ready
                0x000000000000660e        0xe kernel/libkernel.a(pipes.c.obj)
 .text.k_pipe_init
                0x000000000000661c       0x24 kernel/libkernel.a(pipes.c.obj)
                0x000000000000661c                k_pipe_init
 .text.z_impl_k_pipe_alloc_init
                0x0000000000006640       0x32 kernel/libkernel.a(pipes.c.obj)
                0x0000000000006640                z_impl_k_pipe_alloc_init
 .text.z_impl_k_pipe_put
                0x0000000000006672       0x14 kernel/libkernel.a(pipes.c.obj)
                0x0000000000006672                z_impl_k_pipe_put
 .text.z_impl_k_pipe_read_avail
                0x0000000000006686       0x38 kernel/libkernel.a(pipes.c.obj)
                0x0000000000006686                z_impl_k_pipe_read_avail
 .text.z_impl_k_pipe_write_avail
                0x00000000000066be       0x3c kernel/libkernel.a(pipes.c.obj)
                0x00000000000066be                z_impl_k_pipe_write_avail
 .text.arch_is_user_context
                0x00000000000066fa       0x14 kernel/libkernel.a(queue.c.obj)
 .text.queue_insert
                0x000000000000670e       0xba kernel/libkernel.a(queue.c.obj)
 .text.z_queue_node_peek
                0x00000000000067c8       0x18 kernel/libkernel.a(queue.c.obj)
                0x00000000000067c8                z_queue_node_peek
 .text.z_impl_k_queue_init
                0x00000000000067e0       0x12 kernel/libkernel.a(queue.c.obj)
                0x00000000000067e0                z_impl_k_queue_init
 .text.z_impl_k_queue_cancel_wait
                0x00000000000067f2       0x36 kernel/libkernel.a(queue.c.obj)
                0x00000000000067f2                z_impl_k_queue_cancel_wait
 .text.z_impl_k_queue_alloc_append
                0x0000000000006828        0xa kernel/libkernel.a(queue.c.obj)
                0x0000000000006828                z_impl_k_queue_alloc_append
 .text.z_impl_k_queue_alloc_prepend
                0x0000000000006832        0xa kernel/libkernel.a(queue.c.obj)
                0x0000000000006832                z_impl_k_queue_alloc_prepend
 .text.arch_is_user_context
                0x000000000000683c       0x14 kernel/libkernel.a(sched.c.obj)
 .text.thread_obj_validate
                0x0000000000006850       0x1a kernel/libkernel.a(sched.c.obj)
 .text.z_reschedule
                0x000000000000686a       0x16 kernel/libkernel.a(sched.c.obj)
                0x000000000000686a                z_reschedule
 .text.z_reschedule_irqlock
                0x0000000000006880       0x18 kernel/libkernel.a(sched.c.obj)
                0x0000000000006880                z_reschedule_irqlock
 .text.z_reschedule_unlocked
                0x0000000000006898       0x14 kernel/libkernel.a(sched.c.obj)
 .text.z_unpend_thread
                0x00000000000068ac       0x3a kernel/libkernel.a(sched.c.obj)
                0x00000000000068ac                z_unpend_thread
 .text.z_priq_dumb_best
                0x00000000000068e6       0x14 kernel/libkernel.a(sched.c.obj)
                0x00000000000068e6                z_priq_dumb_best
 .text.z_ready_thread
                0x00000000000068fa       0x20 kernel/libkernel.a(sched.c.obj)
                0x00000000000068fa                z_ready_thread
 .text.z_thread_timeout
                0x000000000000691a       0x56 kernel/libkernel.a(sched.c.obj)
                0x000000000000691a                z_thread_timeout
 .text.z_remove_thread_from_ready_q
                0x0000000000006970       0x20 kernel/libkernel.a(sched.c.obj)
                0x0000000000006970                z_remove_thread_from_ready_q
 .text.add_to_waitq_locked
                0x0000000000006990       0x56 kernel/libkernel.a(sched.c.obj)
 .text.z_pend_thread
                0x00000000000069e6        0x4 kernel/libkernel.a(sched.c.obj)
                0x00000000000069e6                z_pend_thread
 .text.z_unpend_first_thread
                0x00000000000069ea       0x5a kernel/libkernel.a(sched.c.obj)
                0x00000000000069ea                z_unpend_first_thread
 .text.z_unpend_all
                0x0000000000006a44       0x20 kernel/libkernel.a(sched.c.obj)
                0x0000000000006a44                z_unpend_all
 .text.z_impl_k_wakeup
                0x0000000000006a64       0x38 kernel/libkernel.a(sched.c.obj)
                0x0000000000006a64                z_impl_k_wakeup
 .text.arch_is_user_context
                0x0000000000006a9c       0x14 kernel/libkernel.a(sem.c.obj)
 .text.z_impl_k_sem_init
                0x0000000000006ab0       0x1e kernel/libkernel.a(sem.c.obj)
                0x0000000000006ab0                z_impl_k_sem_init
 .text.arch_is_user_context
                0x0000000000006ace       0x14 kernel/libkernel.a(stack.c.obj)
 .text.k_stack_init
                0x0000000000006ae2       0x12 kernel/libkernel.a(stack.c.obj)
                0x0000000000006ae2                k_stack_init
 .text.z_impl_k_stack_alloc_init
                0x0000000000006af4       0x26 kernel/libkernel.a(stack.c.obj)
                0x0000000000006af4                z_impl_k_stack_alloc_init
 .text.z_impl_k_stack_push
                0x0000000000006b1a       0x5e kernel/libkernel.a(stack.c.obj)
                0x0000000000006b1a                z_impl_k_stack_push
 .text.arch_is_user_context
                0x0000000000006b78       0x14 kernel/libkernel.a(thread.c.obj)
 .text.k_is_in_isr
                0x0000000000006b8c        0xc kernel/libkernel.a(thread.c.obj)
                0x0000000000006b8c                k_is_in_isr
 .text.z_impl_k_busy_wait
                0x0000000000006b98        0x4 kernel/libkernel.a(thread.c.obj)
                0x0000000000006b98                z_impl_k_busy_wait
 .text.z_impl_k_thread_name_set
                0x0000000000006b9c        0x6 kernel/libkernel.a(thread.c.obj)
                0x0000000000006b9c                z_impl_k_thread_name_set
 .text.z_stack_is_user_capable
                0x0000000000006ba2        0xe kernel/libkernel.a(thread.c.obj)
                0x0000000000006ba2                z_stack_is_user_capable
 .text.z_impl_k_thread_create
                0x0000000000006bb0       0x40 kernel/libkernel.a(thread.c.obj)
                0x0000000000006bb0                z_impl_k_thread_create
 .text.z_init_thread_base
                0x0000000000006bf0       0x10 kernel/libkernel.a(thread.c.obj)
                0x0000000000006bf0                z_init_thread_base
 .text.z_abort_timeout
                0x0000000000006c00       0x2c kernel/libkernel.a(timeout.c.obj)
                0x0000000000006c00                z_abort_timeout
 .text.z_timeout_remaining
                0x0000000000006c2c       0x20 kernel/libkernel.a(timeout.c.obj)
                0x0000000000006c2c                z_timeout_remaining
 .text.z_get_next_timeout_expiry
                0x0000000000006c4c       0x20 kernel/libkernel.a(timeout.c.obj)
                0x0000000000006c4c                z_get_next_timeout_expiry
 .text.z_set_timeout_expiry
                0x0000000000006c6c       0x34 kernel/libkernel.a(timeout.c.obj)
                0x0000000000006c6c                z_set_timeout_expiry
 .text.z_tick_get_32
                0x0000000000006ca0        0x8 kernel/libkernel.a(timeout.c.obj)
                0x0000000000006ca0                z_tick_get_32
 .text.z_timeout_end_calc
                0x0000000000006ca8       0x52 kernel/libkernel.a(timeout.c.obj)
                0x0000000000006ca8                z_timeout_end_calc
 .text.arch_is_user_context
                0x0000000000006cfa       0x14 kernel/libkernel.a(futex.c.obj)
 .text.z_impl_k_futex_wake
                0x0000000000006d0e       0x5a kernel/libkernel.a(futex.c.obj)
                0x0000000000006d0e                z_impl_k_futex_wake
 .text.z_impl_k_futex_wait
                0x0000000000006d68       0x66 kernel/libkernel.a(futex.c.obj)
                0x0000000000006d68                z_impl_k_futex_wait
 .text.k_mem_domain_add_thread
                0x0000000000006dce       0x40 kernel/libkernel.a(mem_domain.c.obj)
                0x0000000000006dce                k_mem_domain_add_thread
 .text.arch_is_user_context
                0x0000000000006e0e       0x14 kernel/libkernel.a(userspace.c.obj)
 .text.unref_check
                0x0000000000006e22       0x36 kernel/libkernel.a(userspace.c.obj)
 .text.wordlist_cb
                0x0000000000006e58       0x38 kernel/libkernel.a(userspace.c.obj)
 .text.clear_perms_cb
                0x0000000000006e90        0x4 kernel/libkernel.a(userspace.c.obj)
 .text.thread_index_get
                0x0000000000006e94       0x12 kernel/libkernel.a(userspace.c.obj)
 .text.handler_bad_syscall
                0x0000000000006ea6        0xc kernel/libkernel.a(userspace.c.obj)
 .text.handler_no_syscall
                0x0000000000006eb2        0xc kernel/libkernel.a(userspace.c.obj)
                0x0000000000006eb2                z_mrsh_k_msgq_get
                0x0000000000006eb2                z_mrsh_peci_enable
                0x0000000000006eb2                z_mrsh_flash_get_write_block_size
                0x0000000000006eb2                z_mrsh_z_log_hexdump_from_user
                0x0000000000006eb2                z_mrsh_sensor_attr_set
                0x0000000000006eb2                z_mrsh_k_thread_custom_data_get
                0x0000000000006eb2                z_mrsh_k_timer_status_get
                0x0000000000006eb2                z_mrsh_k_timer_stop
                0x0000000000006eb2                z_mrsh_led_on
                0x0000000000006eb2                z_mrsh_k_poll_signal_raise
                0x0000000000006eb2                z_mrsh_net_eth_get_ptp_clock_by_index
                0x0000000000006eb2                z_mrsh_counter_get_guard_period
                0x0000000000006eb2                z_mrsh_log_process
                0x0000000000006eb2                z_mrsh_adc_read_async
                0x0000000000006eb2                z_mrsh_clock_gettime
                0x0000000000006eb2                z_mrsh_counter_set_channel_alarm
                0x0000000000006eb2                z_mrsh_espi_receive_oob
                0x0000000000006eb2                z_mrsh_led_off
                0x0000000000006eb2                z_mrsh_log_panic
                0x0000000000006eb2                z_mrsh_espi_read_flash
                0x0000000000006eb2                z_mrsh_k_msgq_peek
                0x0000000000006eb2                z_mrsh_net_if_ipv4_set_netmask_by_index
                0x0000000000006eb2                z_mrsh_uart_irq_is_pending
                0x0000000000006eb2                z_mrsh_uart_tx
                0x0000000000006eb2                z_mrsh_uart_mux_find
                0x0000000000006eb2                z_mrsh_k_msgq_num_free_get
                0x0000000000006eb2                z_mrsh_counter_start
                0x0000000000006eb2                z_mrsh_net_if_ipv4_addr_rm_by_index
                0x0000000000006eb2                z_mrsh_sensor_sample_fetch_chan
                0x0000000000006eb2                z_mrsh_log_buffered_cnt
                0x0000000000006eb2                z_mrsh_zsock_sendmsg
                0x0000000000006eb2                z_mrsh_i2s_trigger
                0x0000000000006eb2                z_mrsh_k_timer_user_data_get
                0x0000000000006eb2                z_mrsh_espi_write_flash
                0x0000000000006eb2                z_mrsh_counter_get_num_of_channels
                0x0000000000006eb2                z_mrsh_eeprom_get_size
                0x0000000000006eb2                z_mrsh_atomic_set
                0x0000000000006eb2                z_mrsh_ipm_set_enabled
                0x0000000000006eb2                z_mrsh_uart_rx_enable
                0x0000000000006eb2                z_mrsh_net_addr_ntop
                0x0000000000006eb2                z_mrsh_uart_irq_err_enable
                0x0000000000006eb2                z_mrsh_k_timer_status_sync
                0x0000000000006eb2                z_mrsh_zsock_getsockname
                0x0000000000006eb2                z_mrsh_zsock_listen
                0x0000000000006eb2                z_mrsh_pwm_get_cycles_per_sec
                0x0000000000006eb2                z_mrsh_k_msgq_alloc_init
                0x0000000000006eb2                z_mrsh_sys_rand_get
                0x0000000000006eb2                z_mrsh_can_recover
                0x0000000000006eb2                z_mrsh_dma_start
                0x0000000000006eb2                z_mrsh_net_if_ipv6_addr_lookup_by_index
                0x0000000000006eb2                z_mrsh_ps2_config
                0x0000000000006eb2                z_mrsh_wdt_disable
                0x0000000000006eb2                z_mrsh_can_send
                0x0000000000006eb2                z_mrsh_zsock_sendto
                0x0000000000006eb2                z_mrsh_counter_get_frequency
                0x0000000000006eb2                z_mrsh_zsock_gethostname
                0x0000000000006eb2                z_mrsh_k_poll_signal_check
                0x0000000000006eb2                z_mrsh_i2c_configure
                0x0000000000006eb2                z_mrsh_ps2_enable_callback
                0x0000000000006eb2                z_mrsh_espi_write_lpc_request
                0x0000000000006eb2                z_mrsh_uart_irq_tx_enable
                0x0000000000006eb2                z_mrsh_uart_irq_rx_enable
                0x0000000000006eb2                z_mrsh_zsock_inet_pton
                0x0000000000006eb2                z_mrsh_ps2_read
                0x0000000000006eb2                z_mrsh_ipm_max_data_size_get
                0x0000000000006eb2                z_mrsh_ps2_write
                0x0000000000006eb2                z_mrsh_dac_write_value
                0x0000000000006eb2                z_mrsh_flash_get_parameters
                0x0000000000006eb2                z_mrsh_espi_send_oob
                0x0000000000006eb2                z_mrsh_counter_get_max_top_value
                0x0000000000006eb2                z_mrsh_espi_send_vwire
                0x0000000000006eb2                z_mrsh_net_if_ipv4_addr_lookup_by_index
                0x0000000000006eb2                z_mrsh_uart_line_ctrl_get
                0x0000000000006eb2                z_mrsh_k_thread_stack_space_get
                0x0000000000006eb2                z_mrsh_counter_stop
                0x0000000000006eb2                z_mrsh_uart_tx_abort
                0x0000000000006eb2                z_mrsh_wdt_setup
                0x0000000000006eb2                z_mrsh_i2c_recover_bus
                0x0000000000006eb2                z_mrsh_ps2_disable_callback
                0x0000000000006eb2                z_mrsh_net_if_ipv6_addr_add_by_index
                0x0000000000006eb2                z_mrsh_k_timer_user_data_set
                0x0000000000006eb2                z_mrsh_i2c_transfer
                0x0000000000006eb2                z_mrsh_sys_csrand_get
                0x0000000000006eb2                z_mrsh_flash_write_protection_set
                0x0000000000006eb2                z_mrsh_z_zephyr_read_stdin
                0x0000000000006eb2                z_mrsh_net_if_ipv6_addr_rm_by_index
                0x0000000000006eb2                z_mrsh_atomic_or
                0x0000000000006eb2                z_mrsh_dac_channel_setup
                0x0000000000006eb2                z_mrsh_espi_read_request
                0x0000000000006eb2                z_mrsh_spi_release
                0x0000000000006eb2                z_mrsh_zsock_recvfrom
                0x0000000000006eb2                z_mrsh_zsock_bind
                0x0000000000006eb2                z_mrsh_flash_get_page_info_by_offs
                0x0000000000006eb2                z_mrsh_led_blink
                0x0000000000006eb2                z_mrsh_can_detach
                0x0000000000006eb2                z_mrsh_maxim_ds3231_get_syncpoint
                0x0000000000006eb2                z_mrsh_counter_get_value
                0x0000000000006eb2                z_mrsh_i2c_slave_driver_unregister
                0x0000000000006eb2                z_mrsh_espi_config
                0x0000000000006eb2                z_mrsh_entropy_get_entropy
                0x0000000000006eb2                z_mrsh_uart_line_ctrl_set
                0x0000000000006eb2                z_mrsh_k_timer_remaining_ticks
                0x0000000000006eb2                z_mrsh_espi_flash_erase
                0x0000000000006eb2                z_mrsh_ipm_send
                0x0000000000006eb2                z_mrsh_can_configure
                0x0000000000006eb2                z_mrsh_k_poll_signal_reset
                0x0000000000006eb2                z_mrsh_zsock_accept
                0x0000000000006eb2                z_mrsh_espi_read_lpc_request
                0x0000000000006eb2                z_mrsh_k_msgq_get_attrs
                0x0000000000006eb2                z_mrsh_zsock_fcntl
                0x0000000000006eb2                z_mrsh_net_if_ipv4_addr_add_by_index
                0x0000000000006eb2                z_mrsh_atomic_xor
                0x0000000000006eb2                z_mrsh_ipm_max_id_val_get
                0x0000000000006eb2                z_mrsh_atomic_add
                0x0000000000006eb2                z_mrsh_ptp_clock_get
                0x0000000000006eb2                z_mrsh_zsock_connect
                0x0000000000006eb2                z_mrsh_wdt_feed
                0x0000000000006eb2                z_mrsh_zsock_shutdown
                0x0000000000006eb2                z_mrsh_zsock_getsockopt
                0x0000000000006eb2                z_mrsh_counter_us_to_ticks
                0x0000000000006eb2                z_mrsh_sys_rand32_get
                0x0000000000006eb2                z_mrsh_atomic_ptr_cas
                0x0000000000006eb2                z_mrsh_counter_get_pending_int
                0x0000000000006eb2                z_mrsh_adc_channel_setup
                0x0000000000006eb2                z_mrsh_zsock_poll
                0x0000000000006eb2                z_mrsh_zsock_close
                0x0000000000006eb2                z_mrsh_led_set_brightness
                0x0000000000006eb2                z_mrsh_atomic_ptr_set
                0x0000000000006eb2                z_mrsh_atomic_sub
                0x0000000000006eb2                z_mrsh_counter_set_guard_period
                0x0000000000006eb2                z_mrsh_net_if_get_by_index
                0x0000000000006eb2                z_mrsh_kscan_config
                0x0000000000006eb2                z_mrsh_can_attach_msgq
                0x0000000000006eb2                z_mrsh_uart_irq_update
                0x0000000000006eb2                z_mrsh_zsock_socketpair
                0x0000000000006eb2                z_mrsh_can_get_state
                0x0000000000006eb2                z_mrsh_k_thread_deadline_set
                0x0000000000006eb2                z_mrsh_z_clock_hw_cycles_per_sec_runtime_get
                0x0000000000006eb2                z_mrsh_z_log_string_from_user
                0x0000000000006eb2                z_mrsh_espi_write_request
                0x0000000000006eb2                z_mrsh_peci_config
                0x0000000000006eb2                z_mrsh_k_msgq_put
                0x0000000000006eb2                z_mrsh_kscan_enable_callback
                0x0000000000006eb2                z_mrsh_spi_transceive
                0x0000000000006eb2                z_mrsh_maxim_ds3231_req_syncpoint
                0x0000000000006eb2                z_mrsh_flash_get_page_info_by_idx
                0x0000000000006eb2                z_mrsh_counter_get_top_value
                0x0000000000006eb2                z_mrsh_i2s_buf_read
                0x0000000000006eb2                z_mrsh_sensor_attr_get
                0x0000000000006eb2                z_mrsh_k_msgq_num_used_get
                0x0000000000006eb2                z_mrsh_counter_get_max_relative_alarm
                0x0000000000006eb2                z_mrsh_i2s_configure
                0x0000000000006eb2                z_mrsh_uart_irq_err_disable
                0x0000000000006eb2                z_mrsh_k_timer_expires_ticks
                0x0000000000006eb2                z_mrsh_dma_stop
                0x0000000000006eb2                z_mrsh_atomic_and
                0x0000000000006eb2                z_mrsh_net_if_ipv4_set_gw_by_index
                0x0000000000006eb2                z_mrsh_uart_irq_rx_disable
                0x0000000000006eb2                z_mrsh_flash_erase
                0x0000000000006eb2                z_mrsh_pwm_pin_set_cycles
                0x0000000000006eb2                z_mrsh_i2c_slave_driver_register
                0x0000000000006eb2                z_mrsh_k_thread_custom_data_set
                0x0000000000006eb2                z_mrsh_flash_get_page_count
                0x0000000000006eb2                z_mrsh_k_poll
                0x0000000000006eb2                z_mrsh_zsock_setsockopt
                0x0000000000006eb2                z_mrsh_counter_is_counting_up
                0x0000000000006eb2                z_mrsh_uart_drv_cmd
                0x0000000000006eb2                z_mrsh_log_filter_set
                0x0000000000006eb2                z_mrsh_kscan_disable_callback
                0x0000000000006eb2                z_mrsh_k_msgq_purge
                0x0000000000006eb2                z_mrsh_uart_rx_disable
                0x0000000000006eb2                z_mrsh_adc_read
                0x0000000000006eb2                z_mrsh_zsock_socket
                0x0000000000006eb2                z_mrsh_espi_receive_vwire
                0x0000000000006eb2                z_mrsh_peci_disable
                0x0000000000006eb2                z_mrsh_counter_cancel_channel_alarm
                0x0000000000006eb2                z_mrsh_uart_irq_tx_disable
                0x0000000000006eb2                z_mrsh_atomic_nand
                0x0000000000006eb2                z_mrsh_counter_set_top_value
                0x0000000000006eb2                z_mrsh_sensor_channel_get
                0x0000000000006eb2                z_mrsh_i2s_buf_write
                0x0000000000006eb2                z_mrsh_atomic_cas
                0x0000000000006eb2                z_mrsh_peci_transfer
                0x0000000000006eb2                z_mrsh_net_addr_pton
                0x0000000000006eb2                z_mrsh_k_timer_start
                0x0000000000006eb2                z_mrsh_sensor_sample_fetch
                0x0000000000006eb2                z_mrsh_espi_get_channel_status
                0x0000000000006eb2                z_mrsh_z_zsock_getaddrinfo_internal
                0x0000000000006eb2                z_mrsh_z_zephyr_write_stdout
                0x0000000000006eb2                z_mrsh_zsock_get_context_object
                0x0000000000006eb2                z_mrsh_counter_ticks_to_us
                0x0000000000006eb2                z_mrsh_flash_write
                0x0000000000006eb2                z_mrsh_hwinfo_get_device_id
                0x0000000000006eb2                z_mrsh_k_poll_signal_init
                0x0000000000006eb2                z_mrsh_flash_read
                0x0000000000006eb2                z_mrsh_eeprom_read
                0x0000000000006eb2                z_mrsh_eeprom_write
 .text.z_priv_stack_find
                0x0000000000006ebe        0xc kernel/libkernel.a(userspace.c.obj)
                0x0000000000006ebe                z_priv_stack_find
 .text.z_thread_perms_set
                0x0000000000006eca       0x28 kernel/libkernel.a(userspace.c.obj)
                0x0000000000006eca                z_thread_perms_set
 .text.z_thread_perms_clear
                0x0000000000006ef2       0x34 kernel/libkernel.a(userspace.c.obj)
                0x0000000000006ef2                z_thread_perms_clear
 .text.z_impl_k_object_access_grant
                0x0000000000006f26       0x16 kernel/libkernel.a(userspace.c.obj)
                0x0000000000006f26                z_impl_k_object_access_grant
 .text.z_object_init
                0x0000000000006f3c       0x12 kernel/libkernel.a(userspace.c.obj)
                0x0000000000006f3c                z_object_init
 .text.z_object_uninit
                0x0000000000006f4e       0x12 kernel/libkernel.a(userspace.c.obj)
                0x0000000000006f4e                z_object_uninit
 .text.z_user_from_copy
                0x0000000000006f60       0x2c kernel/libkernel.a(userspace.c.obj)
                0x0000000000006f60                z_user_from_copy
 .text.z_user_string_copy
                0x0000000000006f8c       0x40 kernel/libkernel.a(userspace.c.obj)
                0x0000000000006f8c                z_user_string_copy
 .text.k_heap_init
                0x0000000000006fcc       0x10 kernel/libkernel.a(kheap.c.obj)
                0x0000000000006fcc                k_heap_init
 .text.k_heap_alloc
                0x0000000000006fdc       0x86 kernel/libkernel.a(kheap.c.obj)
                0x0000000000006fdc                k_heap_alloc
 .text.k_heap_free
                0x0000000000007062       0x3a kernel/libkernel.a(kheap.c.obj)
                0x0000000000007062                k_heap_free
 .text.k_mem_pool_alloc
                0x000000000000709c       0x32 kernel/libkernel.a(kheap.c.obj)
                0x000000000000709c                k_mem_pool_alloc
 .text.k_mem_pool_free_id
                0x00000000000070ce        0x8 kernel/libkernel.a(kheap.c.obj)
                0x00000000000070ce                k_mem_pool_free_id
 .text.arch_is_user_context
                0x00000000000070d6       0x14 kernel/libkernel.a(userspace_handler.c.obj)
 .text.validate_any_object
                0x00000000000070ea       0x1a kernel/libkernel.a(userspace_handler.c.obj)
 .text._OffsetAbsSyms
                0x0000000000007104        0x2 CMakeFiles/offsets.dir/arch/arm/core/offsets/offsets.c.obj
                0x0000000000007104                _OffsetAbsSyms
 *(SORT_BY_ALIGNMENT(.gnu.linkonce.t.*))
 *(SORT_BY_ALIGNMENT(.glue_7t))
 .glue_7t       0x0000000000007106        0x0 linker stubs
 *(SORT_BY_ALIGNMENT(.glue_7))
 .glue_7        0x0000000000007106        0x0 linker stubs
 *(SORT_BY_ALIGNMENT(.vfp11_veneer))
 .vfp11_veneer  0x0000000000007106        0x0 linker stubs
 *(SORT_BY_ALIGNMENT(.v4_bx))
 .v4_bx         0x0000000000007106        0x0 linker stubs
                0x0000000000007106                _image_text_end = .

.ARM.exidx      0x0000000000007108        0x8
                0x0000000000007108                __exidx_start = .
 *(SORT_BY_ALIGNMENT(.ARM.exidx*) SORT_BY_ALIGNMENT(gnu.linkonce.armexidx.*))
 .ARM.exidx     0x0000000000007108        0x8 /home/huynhtai/Downloads/ebook_RTOS/Zephyr_SDK/arm-zephyr-eabi/bin/../lib/gcc/arm-zephyr-eabi/9.2.0/thumb/v7e-m/nofp/libgcc.a(_udivmoddi4.o)
                0x0000000000007110                __exidx_end = .
                0x0000000000007110                _image_rodata_start = .

initlevel       0x0000000000007110       0x68
                0x0000000000007110                __init_start = .
                0x0000000000007110                __init_PRE_KERNEL_1_start = .
 *(SORT_BY_NAME(SORT_BY_ALIGNMENT(.init_PRE_KERNEL_1[0-9])))
 .init_PRE_KERNEL_10
                0x0000000000007110        0x8 soc/arm/nordic_nrf/nrf52/libsoc__arm__nordic_nrf__nrf52.a(soc.c.obj)
 *(SORT_BY_NAME(SORT_BY_ALIGNMENT(.init_PRE_KERNEL_1[1-9][0-9])))
 .init_PRE_KERNEL_130
                0x0000000000007118        0x8 libzephyr.a(SEGGER_RTT_zephyr.c.obj)
 .init_PRE_KERNEL_130
                0x0000000000007120        0x8 kernel/libkernel.a(mailbox.c.obj)
 .init_PRE_KERNEL_130
                0x0000000000007128        0x8 kernel/libkernel.a(pipes.c.obj)
 .init_PRE_KERNEL_130
                0x0000000000007130        0x8 kernel/libkernel.a(kheap.c.obj)
 .init_PRE_KERNEL_140
                0x0000000000007138        0x8 arch/arch/arm/core/aarch32/cortex_m/mpu/libarch__arm__core__aarch32__cortex_m__mpu.a(arm_mpu.c.obj)
 .init_PRE_KERNEL_140
                0x0000000000007140        0x8 kernel/libkernel.a(mem_domain.c.obj)
 .init_PRE_KERNEL_140
                0x0000000000007148        0x8 kernel/libkernel.a(userspace.c.obj)
 .init_PRE_KERNEL_150
                0x0000000000007150        0x8 libzephyr.a(nrf_power_clock.c.obj)
 .init_PRE_KERNEL_150
                0x0000000000007158        0x8 drivers/serial/libdrivers__serial.a(uart_nrfx_uart.c.obj)
 .init_PRE_KERNEL_160
                0x0000000000007160        0x8 libzephyr.a(uart_console.c.obj)
                0x0000000000007168                __init_PRE_KERNEL_2_start = .
 *(SORT_BY_NAME(SORT_BY_ALIGNMENT(.init_PRE_KERNEL_2[0-9])))
 .init_PRE_KERNEL_20
                0x0000000000007168        0x8 libzephyr.a(sys_clock_init.c.obj)
 *(SORT_BY_NAME(SORT_BY_ALIGNMENT(.init_PRE_KERNEL_2[1-9][0-9])))
                0x0000000000007170                __init_POST_KERNEL_start = .
 *(SORT_BY_NAME(SORT_BY_ALIGNMENT(.init_POST_KERNEL[0-9])))
 *(SORT_BY_NAME(SORT_BY_ALIGNMENT(.init_POST_KERNEL[1-9][0-9])))
 .init_POST_KERNEL40
                0x0000000000007170        0x8 drivers/gpio/libdrivers__gpio.a(gpio_nrfx.c.obj)
                0x0000000000007178                __init_APPLICATION_start = .
 *(SORT_BY_NAME(SORT_BY_ALIGNMENT(.init_APPLICATION[0-9])))
 *(SORT_BY_NAME(SORT_BY_ALIGNMENT(.init_APPLICATION[1-9][0-9])))
                0x0000000000007178                __init_SMP_start = .
 *(SORT_BY_NAME(SORT_BY_ALIGNMENT(.init_SMP[0-9])))
 *(SORT_BY_NAME(SORT_BY_ALIGNMENT(.init_SMP[1-9][0-9])))
                0x0000000000007178                __init_end = .

sw_isr_table    0x0000000000007178      0x138
                0x0000000000007178                . = ALIGN (0x0)
 *(SORT_BY_ALIGNMENT(.gnu.linkonce.sw_isr_table))
 .gnu.linkonce.sw_isr_table
                0x0000000000007178      0x138 arch/common/libarch__common.a(isr_tables.c.obj)
                0x0000000000007178                _sw_isr_table

initlevel_error
                0x0000000000007110        0x0
 *(SORT_BY_NAME(SORT_BY_ALIGNMENT(.init_[_A-Z0-9]*)))
                0x0000000000000001                ASSERT ((SIZEOF (initlevel_error) == 0x0), Undefined initialization levels used.)

z_object_assignment_area
                0x00000000000072b0        0x0
                0x00000000000072b0                _z_object_assignment_list_start = .
 *(SORT_BY_NAME(SORT_BY_ALIGNMENT(._z_object_assignment.static.*)))
                0x00000000000072b0                _z_object_assignment_list_end = .

app_shmem_regions
                0x00000000000072b0        0x0
                0x00000000000072b0                __app_shmem_regions_start = .
 *(SORT_BY_NAME(SORT_BY_ALIGNMENT(.app_regions.*)))
                0x00000000000072b0                __app_shmem_regions_end = .

bt_l2cap_fixed_chan_area
                0x00000000000072b0        0x0
                0x00000000000072b0                _bt_l2cap_fixed_chan_list_start = .
 *(SORT_BY_NAME(SORT_BY_ALIGNMENT(._bt_l2cap_fixed_chan.static.*)))
                0x00000000000072b0                _bt_l2cap_fixed_chan_list_end = .

bt_gatt_service_static_area
                0x00000000000072b0        0x0
                0x00000000000072b0                _bt_gatt_service_static_list_start = .
 *(SORT_BY_NAME(SORT_BY_ALIGNMENT(._bt_gatt_service_static.static.*)))
                0x00000000000072b0                _bt_gatt_service_static_list_end = .

log_const_sections
                0x00000000000072b0        0x0
                0x00000000000072b0                __log_const_start = .
 *(SORT_BY_NAME(SORT_BY_ALIGNMENT(.log_const_*)))
                0x00000000000072b0                __log_const_end = .

log_backends_sections
                0x00000000000072b0        0x0
                0x00000000000072b0                __log_backends_start = .
 *(SORT_BY_ALIGNMENT(._log_backend.*))
                0x00000000000072b0                __log_backends_end = .

shell_area      0x00000000000072b0        0x0
                0x00000000000072b0                _shell_list_start = .
 *(SORT_BY_NAME(SORT_BY_ALIGNMENT(._shell.static.*)))
                0x00000000000072b0                _shell_list_end = .

shell_root_cmds_sections
                0x00000000000072b0        0x0
                0x00000000000072b0                __shell_root_cmds_start = .
 *(SORT_BY_NAME(SORT_BY_ALIGNMENT(.shell_root_cmd_*)))
                0x00000000000072b0                __shell_root_cmds_end = .

font_entry_sections
                0x00000000000072b0        0x0
                0x00000000000072b0                __font_entry_start = .
 *(SORT_BY_NAME(SORT_BY_ALIGNMENT(._cfb_font.*)))
                0x00000000000072b0                __font_entry_end = .

tracing_backend_area
                0x00000000000072b0        0x0
                0x00000000000072b0                _tracing_backend_list_start = .
 *(SORT_BY_NAME(SORT_BY_ALIGNMENT(._tracing_backend.static.*)))
                0x00000000000072b0                _tracing_backend_list_end = .

rodata          0x00000000000072b0      0x674
 *(SORT_BY_ALIGNMENT(.rodata))
 *(SORT_BY_ALIGNMENT(.rodata.*))
 .rodata.delay_machine_code.9059
                0x00000000000072b0        0x6 soc/arm/nordic_nrf/nrf52/libsoc__arm__nordic_nrf__nrf52.a(soc.c.obj)
 *fill*         0x00000000000072b6        0x2 
 .rodata.clock_control_api
                0x00000000000072b8       0x14 libzephyr.a(nrf_power_clock.c.obj)
 .rodata.config
                0x00000000000072cc       0x10 libzephyr.a(nrf_power_clock.c.obj)
 .rodata.transitions.10500
                0x00000000000072dc        0xc libzephyr.a(nrf_power_clock.c.obj)
 .rodata.mpu_config
                0x00000000000072e8        0x8 soc/arm/common/cortex_m/libsoc__arm__common__cortex_m.a(arm_mpu_regions.c.obj)
                0x00000000000072e8                mpu_config
 .rodata.mpu_regions
                0x00000000000072f0       0x18 soc/arm/common/cortex_m/libsoc__arm__common__cortex_m.a(arm_mpu_regions.c.obj)
 .rodata.gpio_nrfx_drv_api_funcs
                0x0000000000007308       0x24 drivers/gpio/libdrivers__gpio.a(gpio_nrfx.c.obj)
 .rodata.gpio_nrfx_p0_cfg
                0x000000000000732c        0xc drivers/gpio/libdrivers__gpio.a(gpio_nrfx.c.obj)
 .rodata.uart_nrfx_uart_driver_api
                0x0000000000007338       0x14 drivers/serial/libdrivers__serial.a(uart_nrfx_uart.c.obj)
 .rodata.levels.9301
                0x000000000000734c       0x14 kernel/libkernel.a(device.c.obj)
 .rodata._k_neg_eagain
                0x0000000000007360        0x4 kernel/libkernel.a(errno.c.obj)
                0x0000000000007360                _k_neg_eagain
 .rodata._k_syscall_table
                0x0000000000007364      0x430 kernel/libkernel.a(userspace.c.obj)
                0x0000000000007364                _k_syscall_table
 .rodata.Thread_send_a.str1.1
                0x0000000000007794       0x1a ../app/libapp.a(main.c.obj)
 .rodata.Thread_receive_a.str1.1
                0x00000000000077ae       0x6d ../app/libapp.a(main.c.obj)
 .rodata.device_get_binding.constprop.0.str1.1
                0x000000000000781b        0x7 ../app/libapp.a(main.c.obj)
 .rodata.Thread_send_b.str1.1
                0x0000000000007822       0x18 ../app/libapp.a(main.c.obj)
 .rodata.Thread_receive_b.str1.1
                0x000000000000783a        0x5 ../app/libapp.a(main.c.obj)
 .rodata.main.str1.1
                0x000000000000783f       0x3e ../app/libapp.a(main.c.obj)
 .rodata.print_digits.str1.1
                0x000000000000787d       0x11 libzephyr.a(printk.c.obj)
 .rodata.uart_console_init.str1.1
                0x000000000000788e        0x7 libzephyr.a(uart_console.c.obj)
 .rodata.str1.1
                0x0000000000007895        0x6 libzephyr.a(nrf_power_clock.c.obj)
 .rodata.str1.1
                0x000000000000789b        0xa libzephyr.a(sys_clock_init.c.obj)
 .rodata._DoInit.str1.1
                0x00000000000078a5       0x14 libzephyr.a(SEGGER_RTT.c.obj)
 .rodata.str1.1