Archive member included to satisfy reference by file (symbol)

../app/libapp.a(main.c.obj)   (--whole-archive)
../app/libapp.a(cts.c.obj)    (--whole-archive)
libzephyr.a(crc32_sw.c.obj)   (--whole-archive)
libzephyr.a(crc16_sw.c.obj)   (--whole-archive)
libzephyr.a(crc8_sw.c.obj)    (--whole-archive)
libzephyr.a(crc7_sw.c.obj)    (--whole-archive)
libzephyr.a(dec.c.obj)        (--whole-archive)
libzephyr.a(fdtable.c.obj)    (--whole-archive)
libzephyr.a(hex.c.obj)        (--whole-archive)
libzephyr.a(mempool.c.obj)    (--whole-archive)
libzephyr.a(notify.c.obj)     (--whole-archive)
libzephyr.a(printk.c.obj)     (--whole-archive)
libzephyr.a(onoff.c.obj)      (--whole-archive)
libzephyr.a(rb.c.obj)         (--whole-archive)
libzephyr.a(sem.c.obj)        (--whole-archive)
libzephyr.a(thread_entry.c.obj)
                              (--whole-archive)
libzephyr.a(timeutil.c.obj)   (--whole-archive)
libzephyr.a(work_q.c.obj)     (--whole-archive)
libzephyr.a(heap.c.obj)       (--whole-archive)
libzephyr.a(heap-validate.c.obj)
                              (--whole-archive)
libzephyr.a(configs.c.obj)    (--whole-archive)
libzephyr.a(validate_base_addresses.c.obj)
                              (--whole-archive)
libzephyr.a(validate_enabled_instances.c.obj)
                              (--whole-archive)
libzephyr.a(log_list.c.obj)   (--whole-archive)
libzephyr.a(log_core.c.obj)   (--whole-archive)
libzephyr.a(log_msg.c.obj)    (--whole-archive)
libzephyr.a(log_output.c.obj)
                              (--whole-archive)
libzephyr.a(log_backend_uart.c.obj)
                              (--whole-archive)
libzephyr.a(log_backend_rtt.c.obj)
                              (--whole-archive)
libzephyr.a(dis.c.obj)        (--whole-archive)
libzephyr.a(bas.c.obj)        (--whole-archive)
libzephyr.a(hrs.c.obj)        (--whole-archive)
libzephyr.a(nvs.c.obj)        (--whole-archive)
libzephyr.a(addr_utils.c.obj)
                              (--whole-archive)
libzephyr.a(flash_map.c.obj)  (--whole-archive)
libzephyr.a(flash_map_default.c.obj)
                              (--whole-archive)
libzephyr.a(settings_store.c.obj)
                              (--whole-archive)
libzephyr.a(settings.c.obj)   (--whole-archive)
libzephyr.a(settings_init.c.obj)
                              (--whole-archive)
libzephyr.a(settings_line.c.obj)
                              (--whole-archive)
libzephyr.a(settings_nvs.c.obj)
                              (--whole-archive)
libzephyr.a(power.c.obj)      (--whole-archive)
libzephyr.a(policy_residency.c.obj)
                              (--whole-archive)
libzephyr.a(uart_console.c.obj)
                              (--whole-archive)
libzephyr.a(nrf_power_clock.c.obj)
                              (--whole-archive)
libzephyr.a(sys_clock_init.c.obj)
                              (--whole-archive)
libzephyr.a(nrf_rtc_timer.c.obj)
                              (--whole-archive)
libzephyr.a(SEGGER_RTT.c.obj)
                              (--whole-archive)
libzephyr.a(SEGGER_RTT_zephyr.c.obj)
                              (--whole-archive)
libzephyr.a(utils.c.obj)      (--whole-archive)
libzephyr.a(ecc_dh.c.obj)     (--whole-archive)
libzephyr.a(ecc.c.obj)        (--whole-archive)
libzephyr.a(aes_decrypt.c.obj)
                              (--whole-archive)
libzephyr.a(aes_encrypt.c.obj)
                              (--whole-archive)
libzephyr.a(cmac_mode.c.obj)  (--whole-archive)
arch/common/libarch__common.a(isr_tables.c.obj)
                              (--whole-archive)
arch/common/libarch__common.a(sw_isr_common.c.obj)
                              (--whole-archive)
arch/arch/arm/core/aarch32/libarch__arm__core__aarch32.a(swap.c.obj)
                              (--whole-archive)
arch/arch/arm/core/aarch32/libarch__arm__core__aarch32.a(swap_helper.S.obj)
                              (--whole-archive)
arch/arch/arm/core/aarch32/libarch__arm__core__aarch32.a(irq_manage.c.obj)
                              (--whole-archive)
arch/arch/arm/core/aarch32/libarch__arm__core__aarch32.a(thread.c.obj)
                              (--whole-archive)
arch/arch/arm/core/aarch32/libarch__arm__core__aarch32.a(cpu_idle.S.obj)
                              (--whole-archive)
arch/arch/arm/core/aarch32/libarch__arm__core__aarch32.a(fatal.c.obj)
                              (--whole-archive)
arch/arch/arm/core/aarch32/libarch__arm__core__aarch32.a(nmi.c.obj)
                              (--whole-archive)
arch/arch/arm/core/aarch32/libarch__arm__core__aarch32.a(nmi_on_reset.S.obj)
                              (--whole-archive)
arch/arch/arm/core/aarch32/libarch__arm__core__aarch32.a(prep_c.c.obj)
                              (--whole-archive)
arch/arch/arm/core/aarch32/libarch__arm__core__aarch32.a(isr_wrapper.S.obj)
                              (--whole-archive)
arch/arch/arm/core/aarch32/cortex_m/libarch__arm__core__aarch32__cortex_m.a(vector_table.S.obj)
[...]
Memory Configuration

Name             Origin             Length             Attributes
FLASH            0x0000000000000000 0x0000000000080000 xr
SRAM             0x0000000020000000 0x0000000000010000 xw
IDT_LIST         0x0000000020010000 0x0000000000000800 xw
*default*        0x0000000000000000 0xffffffffffffffff

Linker script and memory map

LOAD CMakeFiles/zephyr_prebuilt.dir/misc/empty_file.c.obj
                0x0000000000000020                _region_min_align = 0x20

.rel.plt        0x0000000000000000        0x0
 *(SORT_BY_ALIGNMENT(.rel.plt))
                [!provide]                        PROVIDE (__rel_iplt_start = .)
 *(SORT_BY_ALIGNMENT(.rel.iplt))
 .rel.iplt      0x0000000000000000        0x0 ../app/libapp.a(main.c.obj)
                [!provide]                        PROVIDE (__rel_iplt_end = .)

.rela.plt       0x0000000000000000        0x0
 *(SORT_BY_ALIGNMENT(.rela.plt))
                [!provide]                        PROVIDE (__rela_iplt_start = .)
 *(SORT_BY_ALIGNMENT(.rela.iplt))
                [!provide]                        PROVIDE (__rela_iplt_end = .)

.rel.dyn
 *(SORT_BY_ALIGNMENT(.rel.*))

.rela.dyn
 *(SORT_BY_ALIGNMENT(.rela.*))

/DISCARD/
 *(SORT_BY_ALIGNMENT(.plt))
 *(SORT_BY_ALIGNMENT(.iplt))
 *(SORT_BY_ALIGNMENT(.got.plt))
 *(SORT_BY_ALIGNMENT(.igot.plt))
 *(SORT_BY_ALIGNMENT(.got))
 *(SORT_BY_ALIGNMENT(.igot))
 *(SORT_BY_ALIGNMENT(.note.GNU-stack))
                0x0000000000000000                _image_rom_start = 0x0

rom_start       0x0000000000000000       0xdc
                0x0000000000000000                . = 0x0
                0x0000000000000000                . = ALIGN (0x4)
                0x0000000000000000                . = ALIGN (0x80)
                0x0000000000000000                . = ALIGN (0x100)
                0x0000000000000000                _vector_start = .
 *(SORT_BY_ALIGNMENT(.exc_vector_table))
 *(SORT_BY_ALIGNMENT(.exc_vector_table.*))
 .exc_vector_table._vector_table_section
                0x0000000000000000       0x40 arch/arch/arm/core/aarch32/cortex_m/libarch__arm__core__aarch32__cortex_m.a(vector_table.S.obj)
                0x0000000000000000                _vector_table
 *(SORT_BY_ALIGNMENT(.gnu.linkonce.irq_vector_table))
 .gnu.linkonce.irq_vector_table
                0x0000000000000040       0x9c arch/common/libarch__common.a(isr_tables.c.obj)
                0x0000000000000040                _irq_vector_table
 *(SORT_BY_ALIGNMENT(.vectors))
                0x00000000000000dc                _vector_end = .
 *(SORT_BY_ALIGNMENT(.openocd_dbg))
 *(SORT_BY_ALIGNMENT(.openocd_dbg.*))

text            0x00000000000000e0    0x21744
                0x00000000000000e0                _image_text_start = .
 *(SORT_BY_ALIGNMENT(.text))
 .text          0x00000000000000e0       0x30 /home/huynhtai/Downloads/ebook_RTOS/Zephyr_SDK/arm-zephyr-eabi/bin/../lib/gcc/arm-zephyr-eabi/9.2.0/thumb/v7e-m/nofp/libgcc.a(_aeabi_uldivmod.o)
                0x00000000000000e0                __aeabi_uldivmod
 .text          0x0000000000000110      0x2c4 /home/huynhtai/Downloads/ebook_RTOS/Zephyr_SDK/arm-zephyr-eabi/bin/../lib/gcc/arm-zephyr-eabi/9.2.0/thumb/v7e-m/nofp/libgcc.a(_udivmoddi4.o)
                0x0000000000000110                __udivmoddi4
 .text          0x00000000000003d4        0x4 /home/huynhtai/Downloads/ebook_RTOS/Zephyr_SDK/arm-zephyr-eabi/bin/../lib/gcc/arm-zephyr-eabi/9.2.0/thumb/v7e-m/nofp/libgcc.a(_dvmd_tls.o)
                0x00000000000003d4                __aeabi_ldiv0
                0x00000000000003d4                __aeabi_idiv0
 *(SORT_BY_ALIGNMENT(.text.*))
 .text.bt_init  0x00000000000003d8      0x54c subsys/bluetooth/host/libsubsys__bluetooth__host.a(hci_core.c.obj)
 *fill*         0x0000000000000924        0x4 
 .text.ll_adv_enable
                0x0000000000000928      0x5f0 subsys/bluetooth/controller/libsubsys__bluetooth__controller.a(ull_adv.c.obj)
                0x0000000000000928                ll_adv_enable
 .text.ull_conn_llcp
                0x0000000000000f18     0x1ab4 subsys/bluetooth/controller/libsubsys__bluetooth__controller.a(ull_conn.c.obj)
                0x0000000000000f18                ull_conn_llcp
 *fill*         0x00000000000029cc        0x4 
 .text.ull_slave_setup
                0x00000000000029d0      0x3f4 subsys/bluetooth/controller/libsubsys__bluetooth__controller.a(ull_slave.c.obj)
                0x00000000000029d0                ull_slave_setup
 *fill*         0x0000000000002dc4        0x4 
 .text.ull_slave_done
                0x0000000000002dc8       0x8c subsys/bluetooth/controller/libsubsys__bluetooth__controller.a(ull_slave.c.obj)
                0x0000000000002dc8                ull_slave_done
 *fill*         0x0000000000002e54        0x4 
 .text.erase_op
                0x0000000000002e58       0x8c drivers/flash/libdrivers__flash.a(soc_flash_nrf.c.obj)
 *fill*         0x0000000000002ee4        0x4 
 .text.work_in_time_slice
                0x0000000000002ee8       0xf4 drivers/flash/libdrivers__flash.a(soc_flash_nrf.c.obj)
 *fill*         0x0000000000002fdc        0x4 
 .text.write_op
                0x0000000000002fe0       0xa0 drivers/flash/libdrivers__flash.a(soc_flash_nrf.c.obj)
 .text.vnd_ccc_cfg_changed
                0x0000000000003080       0x10 ../app/libapp.a(main.c.obj)
 .text.indicate_cb
                0x0000000000003090       0x2c ../app/libapp.a(main.c.obj)
 .text.disconnected
                0x00000000000030bc        0xc ../app/libapp.a(main.c.obj)
 .text.connected
                0x00000000000030c8       0x18 ../app/libapp.a(main.c.obj)
 .text.bt_addr_le_to_str.constprop.0
                0x00000000000030e0       0x78 ../app/libapp.a(main.c.obj)
 .text.auth_passkey_display
                0x0000000000003158       0x24 ../app/libapp.a(main.c.obj)
 .text.auth_cancel
                0x000000000000317c       0x20 ../app/libapp.a(main.c.obj)
 .text.main     0x000000000000319c      0x108 ../app/libapp.a(main.c.obj)
                0x000000000000319c                main
 .text.write_ct
                0x00000000000032a4       0x30 ../app/libapp.a(cts.c.obj)
 .text.cts_init
                0x00000000000032d4       0x3c ../app/libapp.a(cts.c.obj)
                0x00000000000032d4                cts_init
 .text.cts_notify
                0x0000000000003310       0x40 ../app/libapp.a(cts.c.obj)
                0x0000000000003310                cts_notify
 .text.crc8_ccitt
                0x0000000000003350       0x30 libzephyr.a(crc8_sw.c.obj)
                0x0000000000003350                crc8_ccitt
 .text.print_digits
                0x0000000000003380       0x98 libzephyr.a(printk.c.obj)
 .text.char_out
                0x0000000000003418       0x10 libzephyr.a(printk.c.obj)
 .text.__printk_hook_install
                0x0000000000003428        0xc libzephyr.a(printk.c.obj)
                0x0000000000003428                __printk_hook_install
 .text.z_vprintk
                0x0000000000003434      0x23c libzephyr.a(printk.c.obj)
                0x0000000000003434                z_vprintk
 .text.vprintk  0x0000000000003670       0x1c libzephyr.a(printk.c.obj)
                0x0000000000003670                vprintk
 .text.vsnprintk
                0x000000000000368c       0x28 libzephyr.a(printk.c.obj)
                0x000000000000368c                vsnprintk
 .text.process_event
                0x00000000000036b4      0x1dc libzephyr.a(onoff.c.obj)
 .text.enable_logger
                0x0000000000003890       0x5c libzephyr.a(log_core.c.obj)
 .text.log_process_thread_timer_expiry_fn
                0x00000000000038ec        0xc libzephyr.a(log_core.c.obj)
 .text.log_core_init
                0x00000000000038f8       0x40 libzephyr.a(log_core.c.obj)
                0x00000000000038f8                log_core_init
 .text.dropped_notify
                0x0000000000003938       0x4c libzephyr.a(log_core.c.obj)
                0x0000000000003938                dropped_notify
 .text.log_dropped
                0x0000000000003984       0x20 libzephyr.a(log_core.c.obj)
                0x0000000000003984                log_dropped
 .text.log_source_name_get
                0x00000000000039a4       0x1c libzephyr.a(log_core.c.obj)
                0x00000000000039a4                log_source_name_get
 .text.log_backend_enable
                0x00000000000039c0       0x34 libzephyr.a(log_core.c.obj)
                0x00000000000039c0                log_backend_enable
 .text.log_init
                0x00000000000039f4       0x54 libzephyr.a(log_core.c.obj)
                0x00000000000039f4                log_init
 .text.log_strdup
                0x0000000000003a48       0x6c libzephyr.a(log_core.c.obj)
                0x0000000000003a48                log_strdup
 .text.log_is_strdup
                0x0000000000003ab4       0x1c libzephyr.a(log_core.c.obj)
                0x0000000000003ab4                log_is_strdup
 .text.z_impl_log_process
                0x0000000000003ad0      0x170 libzephyr.a(log_core.c.obj)
                0x0000000000003ad0                z_impl_log_process
 .text.msg_finalize
                0x0000000000003c40       0xc4 libzephyr.a(log_core.c.obj)
 .text.log_process_thread_func
                0x0000000000003d04       0x48 libzephyr.a(log_core.c.obj)
 .text.z_impl_log_panic
                0x0000000000003d4c       0x48 libzephyr.a(log_core.c.obj)
                0x0000000000003d4c                z_impl_log_panic
 .text.log_free
                0x0000000000003d94       0x34 libzephyr.a(log_core.c.obj)
                0x0000000000003d94                log_free
 .text.log_msg_pool_init
                0x0000000000003dc8       0x14 libzephyr.a(log_msg.c.obj)
                0x0000000000003dc8                log_msg_pool_init
 .text.log_msg_no_space_handle
                0x0000000000003ddc       0x30 libzephyr.a(log_msg.c.obj)
                0x0000000000003ddc                log_msg_no_space_handle
 .text.log_msg_chunk_alloc
                0x0000000000003e0c       0x28 libzephyr.a(log_msg.c.obj)
                0x0000000000003e0c                log_msg_chunk_alloc
 .text.msg_free
                0x0000000000003e34       0x7c libzephyr.a(log_msg.c.obj)
 .text.print_formatted
                0x0000000000003eb0       0x24 libzephyr.a(log_output.c.obj)
 .text.prefix_print
                0x0000000000003ed4      0x11c libzephyr.a(log_output.c.obj)
 .text.postfix_print
                0x0000000000003ff0       0x3c libzephyr.a(log_output.c.obj)
 .text.hexdump_line_print
                0x000000000000402c       0xdc libzephyr.a(log_output.c.obj)
 .text.log_output_msg_process
                0x0000000000004108       0xf4 libzephyr.a(log_output.c.obj)
                0x0000000000004108                log_output_msg_process
 .text.log_output_dropped_process
                0x00000000000041fc       0x54 libzephyr.a(log_output.c.obj)
                0x00000000000041fc                log_output_dropped_process
 .text.log_output_timestamp_freq_set
                0x0000000000004250       0x30 libzephyr.a(log_output.c.obj)
                0x0000000000004250                log_output_timestamp_freq_set
 .text.panic    0x0000000000004280        0xc libzephyr.a(log_backend_uart.c.obj)
 .text.dropped  0x000000000000428c        0xc libzephyr.a(log_backend_uart.c.obj)
 .text.log_backend_uart_init
                0x0000000000004298       0x18 libzephyr.a(log_backend_uart.c.obj)
 .text.put      0x00000000000042b0       0x24 libzephyr.a(log_backend_uart.c.obj)
 .text.log_backend_rtt_init
                0x00000000000042d4        0xc libzephyr.a(log_backend_rtt.c.obj)
 .text.panic    0x00000000000042e0       0x14 libzephyr.a(log_backend_rtt.c.obj)
 .text.dropped  0x00000000000042f4        0xc libzephyr.a(log_backend_rtt.c.obj)
 .text.put      0x0000000000004300       0x24 libzephyr.a(log_backend_rtt.c.obj)
 .text.on_failed_write.part.0
                0x0000000000004324       0x1c libzephyr.a(log_backend_rtt.c.obj)
 .text.data_out_block_mode
                0x0000000000004340       0xa0 libzephyr.a(log_backend_rtt.c.obj)
 .text.read_pnp_id
                0x00000000000043e0       0x1c libzephyr.a(dis.c.obj)
 .text.blvl_ccc_cfg_changed
                0x00000000000043fc       0x34 libzephyr.a(bas.c.obj)
 .text.read_blvl
                0x0000000000004430       0x28 libzephyr.a(bas.c.obj)
 .text.bt_gatt_bas_get_battery_level
                0x0000000000004458        0xc libzephyr.a(bas.c.obj)
                0x0000000000004458                bt_gatt_bas_get_battery_level
 .text.bt_gatt_bas_set_battery_level
                0x0000000000004464       0x50 libzephyr.a(bas.c.obj)
                0x0000000000004464                bt_gatt_bas_set_battery_level
 .text.hrs_init
                0x00000000000044b4       0x10 libzephyr.a(hrs.c.obj)
 .text.read_blsc
                0x00000000000044c4       0x1c libzephyr.a(hrs.c.obj)
 .text.hrmc_ccc_cfg_changed
                0x00000000000044e0       0x34 libzephyr.a(hrs.c.obj)
 .text.bt_gatt_hrs_notify
                0x0000000000004514       0x40 libzephyr.a(hrs.c.obj)
                0x0000000000004514                bt_gatt_hrs_notify
 .text.nvs_recover_last_ate
                0x0000000000004554       0x60 libzephyr.a(nvs.c.obj)
 .text.nvs_gc   0x00000000000045b4      0x180 libzephyr.a(nvs.c.obj)
 .text.nvs_init
                0x0000000000004734      0x2cc libzephyr.a(nvs.c.obj)
                0x0000000000004734                nvs_init
 .text.nvs_write
                0x0000000000004a00      0x1c8 libzephyr.a(nvs.c.obj)
                0x0000000000004a00                nvs_write
 .text.nvs_read_hist
                0x0000000000004bc8       0xd0 libzephyr.a(nvs.c.obj)
                0x0000000000004bc8                nvs_read_hist
 .text.get_flash_area_from_id
                0x0000000000004c98       0x30 libzephyr.a(flash_map.c.obj)
 .text.flash_area_open
                0x0000000000004cc8       0x28 libzephyr.a(flash_map.c.obj)
                0x0000000000004cc8                flash_area_open
 .text.flash_area_get_sectors
                0x0000000000004cf0       0x50 libzephyr.a(flash_map.c.obj)
                0x0000000000004cf0                flash_area_get_sectors
 .text.settings_save_one
                0x0000000000004d40       0x4c libzephyr.a(settings_store.c.obj)
                0x0000000000004d40                settings_save_one
 .text.settings_src_register
                0x0000000000004d8c       0x1c libzephyr.a(settings_store.c.obj)
                0x0000000000004d8c                settings_src_register
 .text.settings_dst_register
                0x0000000000004da8        0xc libzephyr.a(settings_store.c.obj)
                0x0000000000004da8                settings_dst_register
 .text.settings_load_subtree
                0x0000000000004db4       0x54 libzephyr.a(settings_store.c.obj)
                0x0000000000004db4                settings_load_subtree
 .text.settings_load_subtree_direct
                0x0000000000004e08       0x48 libzephyr.a(settings_store.c.obj)
                0x0000000000004e08                settings_load_subtree_direct
 .text.settings_store_init
                0x0000000000004e50       0x10 libzephyr.a(settings_store.c.obj)
                0x0000000000004e50                settings_store_init
 .text.settings_init
                0x0000000000004e60       0x10 libzephyr.a(settings.c.obj)
                0x0000000000004e60                settings_init
 .text.settings_parse_and_lookup
                0x0000000000004e70       0x94 libzephyr.a(settings.c.obj)
                0x0000000000004e70                settings_parse_and_lookup
 .text.settings_call_set_handler
                0x0000000000004f04       0x9c libzephyr.a(settings.c.obj)
                0x0000000000004f04                settings_call_set_handler
 .text.settings_commit_subtree
                0x0000000000004fa0       0x78 libzephyr.a(settings.c.obj)
                0x0000000000004fa0                settings_commit_subtree
 .text.settings_subsys_init
                0x0000000000005018       0x20 libzephyr.a(settings_init.c.obj)
                0x0000000000005018                settings_subsys_init
 .text.settings_nvs_load
                0x0000000000005038       0xb8 libzephyr.a(settings_nvs.c.obj)
 .text.settings_backend_init
                0x00000000000050f0       0x98 libzephyr.a(settings_nvs.c.obj)
                0x00000000000050f0                settings_backend_init
 .text.uart_console_init
                0x0000000000005188       0x2c libzephyr.a(uart_console.c.obj)
 .text.console_out
                0x00000000000051b4       0x28 libzephyr.a(uart_console.c.obj)
 .text.onoff_stop
                0x00000000000051dc       0x48 libzephyr.a(nrf_power_clock.c.obj)
 .text.onoff_start
                0x0000000000005224       0x58 libzephyr.a(nrf_power_clock.c.obj)
 .text.clk_init
                0x000000000000527c       0x50 libzephyr.a(nrf_power_clock.c.obj)
 .text.clkstarted_handle.constprop.0
                0x00000000000052cc       0x38 libzephyr.a(nrf_power_clock.c.obj)
 .text.generic_hfclk_start
                0x0000000000005304       0x68 libzephyr.a(nrf_power_clock.c.obj)
 .text.lfclk_start
                0x000000000000536c       0x24 libzephyr.a(nrf_power_clock.c.obj)
 .text.lfclk_stop
                0x0000000000005390       0x20 libzephyr.a(nrf_power_clock.c.obj)
 .text.generic_hfclk_stop
                0x00000000000053b0       0x44 libzephyr.a(nrf_power_clock.c.obj)
 .text.api_blocking_start
                0x00000000000053f4       0x40 libzephyr.a(nrf_power_clock.c.obj)
 .text.nrf_power_clock_isr
                0x0000000000005434       0x74 libzephyr.a(nrf_power_clock.c.obj)
                0x0000000000005434                nrf_power_clock_isr
 .text.z_nrf_clock_control_get_onoff
                0x00000000000054a8       0x14 libzephyr.a(nrf_power_clock.c.obj)
                0x00000000000054a8                z_nrf_clock_control_get_onoff
 .text.z_nrf_clock_bt_ctlr_hf_request
                0x00000000000054bc       0x2c libzephyr.a(nrf_power_clock.c.obj)
                0x00000000000054bc                z_nrf_clock_bt_ctlr_hf_request
 .text.z_nrf_clock_bt_ctlr_hf_release
                0x00000000000054e8       0x44 libzephyr.a(nrf_power_clock.c.obj)
                0x00000000000054e8                z_nrf_clock_bt_ctlr_hf_release
 .text.z_nrf_clock_control_lf_on
                0x000000000000552c       0x4c libzephyr.a(nrf_power_clock.c.obj)
                0x000000000000552c                z_nrf_clock_control_lf_on
 .text.handle_next_cycle_case
                0x0000000000005578       0x28 libzephyr.a(nrf_rtc_timer.c.obj)
 .text.event_clear
                0x00000000000055a0       0x18 libzephyr.a(nrf_rtc_timer.c.obj)
 .text.rtc_nrf_isr
                0x00000000000055b8       0x2c libzephyr.a(nrf_rtc_timer.c.obj)
                0x00000000000055b8                rtc_nrf_isr
 .text.z_clock_driver_init
                0x00000000000055e4       0x50 libzephyr.a(nrf_rtc_timer.c.obj)
                0x00000000000055e4                z_clock_driver_init
 .text.z_clock_set_timeout
                0x0000000000005634       0xbc libzephyr.a(nrf_rtc_timer.c.obj)
                0x0000000000005634                z_clock_set_timeout
 .text.z_clock_elapsed
                0x00000000000056f0       0x34 libzephyr.a(nrf_rtc_timer.c.obj)
                0x00000000000056f0                z_clock_elapsed
 .text.z_timer_cycle_get_32
                0x0000000000005724       0x34 libzephyr.a(nrf_rtc_timer.c.obj)
                0x0000000000005724                z_timer_cycle_get_32
 .text._DoInit  0x0000000000005758       0x60 libzephyr.a(SEGGER_RTT.c.obj)
 .text.SEGGER_RTT_WriteSkipNoLock
                0x00000000000057b8       0x98 libzephyr.a(SEGGER_RTT.c.obj)
                0x00000000000057b8                SEGGER_RTT_WriteSkipNoLock
 .text.SEGGER_RTT_HasDataUp
                0x0000000000005850       0x14 libzephyr.a(SEGGER_RTT.c.obj)
                0x0000000000005850                SEGGER_RTT_HasDataUp
 .text.uECC_get_rng
                0x0000000000005864        0xc libzephyr.a(ecc.c.obj)
                0x0000000000005864                uECC_get_rng
 .text.vli_mmod_fast_secp256r1
                0x0000000000005870      0x1a0 libzephyr.a(ecc.c.obj)
                0x0000000000005870                vli_mmod_fast_secp256r1
 .text.tc_aes128_set_encrypt_key
                0x0000000000005a10       0xa4 libzephyr.a(aes_encrypt.c.obj)
                0x0000000000005a10                tc_aes128_set_encrypt_key
 .text.tc_aes_encrypt
                0x0000000000005ab4       0xd4 libzephyr.a(aes_encrypt.c.obj)
                0x0000000000005ab4                tc_aes_encrypt
 .text.arch_swap
                0x0000000000005b88       0x34 arch/arch/arm/core/aarch32/libarch__arm__core__aarch32.a(swap.c.obj)
                0x0000000000005b88                arch_swap
 .text.z_arm_pendsv
                0x0000000000005bbc       0x48 arch/arch/arm/core/aarch32/libarch__arm__core__aarch32.a(swap_helper.S.obj)
                0x0000000000005bbc                z_arm_pendsv
 .text.z_arm_svc
                0x0000000000005c04       0x20 arch/arch/arm/core/aarch32/libarch__arm__core__aarch32.a(swap_helper.S.obj)
                0x0000000000005c04                z_arm_svc
 .text.arch_irq_enable
                0x0000000000005c24       0x20 arch/arch/arm/core/aarch32/libarch__arm__core__aarch32.a(irq_manage.c.obj)
                0x0000000000005c24                arch_irq_enable
 .text.arch_irq_disable
                0x0000000000005c44       0x28 arch/arch/arm/core/aarch32/libarch__arm__core__aarch32.a(irq_manage.c.obj)
                0x0000000000005c44                arch_irq_disable
 .text.arch_irq_is_enabled
                0x0000000000005c6c       0x1c arch/arch/arm/core/aarch32/libarch__arm__core__aarch32.a(irq_manage.c.obj)
                0x0000000000005c6c                arch_irq_is_enabled
 .text.z_arm_irq_priority_set
                0x0000000000005c88       0x30 arch/arch/arm/core/aarch32/libarch__arm__core__aarch32.a(irq_manage.c.obj)
                0x0000000000005c88                z_arm_irq_priority_set
 .text._arch_isr_direct_pm
                0x0000000000005cb8       0x1c arch/arch/arm/core/aarch32/libarch__arm__core__aarch32.a(irq_manage.c.obj)
                0x0000000000005cb8                _arch_isr_direct_pm
 .text.arch_new_thread
                0x0000000000005cd4       0x38 arch/arch/arm/core/aarch32/libarch__arm__core__aarch32.a(thread.c.obj)
                0x0000000000005cd4                arch_new_thread
 .text.arch_switch_to_main_thread
                0x0000000000005d0c       0x30 arch/arch/arm/core/aarch32/libarch__arm__core__aarch32.a(thread.c.obj)
                0x0000000000005d0c                arch_switch_to_main_thread
 .text.z_arm_cpu_idle_init
                0x0000000000005d3c        0xc arch/arch/arm/core/aarch32/libarch__arm__core__aarch32.a(cpu_idle.S.obj)
                0x0000000000005d3c                z_arm_cpu_idle_init
 .text.arch_cpu_idle
                0x0000000000005d48       0x1c arch/arch/arm/core/aarch32/libarch__arm__core__aarch32.a(cpu_idle.S.obj)
                0x0000000000005d48                arch_cpu_idle
 .text.z_arm_fatal_error
                0x0000000000005d64       0x70 arch/arch/arm/core/aarch32/libarch__arm__core__aarch32.a(fatal.c.obj)
                0x0000000000005d64                z_arm_fatal_error
 .text.z_SysNmiOnReset
                0x0000000000005dd4        0x8 arch/arch/arm/core/aarch32/libarch__arm__core__aarch32.a(nmi_on_reset.S.obj)
                0x0000000000005dd4                z_SysNmiOnReset
 .text.z_arm_prep_c
                0x0000000000005ddc       0x44 arch/arch/arm/core/aarch32/libarch__arm__core__aarch32.a(prep_c.c.obj)
                0x0000000000005ddc                z_arm_prep_c
 .text._isr_wrapper
                0x0000000000005e20       0x40 arch/arch/arm/core/aarch32/libarch__arm__core__aarch32.a(isr_wrapper.S.obj)
                0x0000000000005e20                _isr_wrapper
 .text._reset_section
                0x0000000000005e60       0x30 arch/arch/arm/core/aarch32/cortex_m/libarch__arm__core__aarch32__cortex_m.a(reset.S.obj)
                0x0000000000005e60                z_arm_reset
                0x0000000000005e60                __start
 .text.__fault  0x0000000000005e90       0x14 arch/arch/arm/core/aarch32/cortex_m/libarch__arm__core__aarch32__cortex_m.a(fault_s.S.obj)
                0x0000000000005e90                z_arm_bus_fault
                0x0000000000005e90                z_arm_usage_fault
                0x0000000000005e90                z_arm_mpu_fault
                0x0000000000005e90                z_arm_exc_spurious
                0x0000000000005e90                z_arm_debug_monitor
                0x0000000000005e90                z_arm_hard_fault
 .text.usage_fault.isra.0
                0x0000000000005ea4       0xb8 arch/arch/arm/core/aarch32/cortex_m/libarch__arm__core__aarch32__cortex_m.a(fault.c.obj)
 .text.mem_manage_fault.isra.0
                0x0000000000005f5c       0xcc arch/arch/arm/core/aarch32/cortex_m/libarch__arm__core__aarch32__cortex_m.a(fault.c.obj)
 .text.bus_fault.isra.0
                0x0000000000006028       0xdc arch/arch/arm/core/aarch32/cortex_m/libarch__arm__core__aarch32__cortex_m.a(fault.c.obj)
 .text.z_arm_fault
                0x0000000000006104      0x198 arch/arch/arm/core/aarch32/cortex_m/libarch__arm__core__aarch32__cortex_m.a(fault.c.obj)
                0x0000000000006104                z_arm_fault
 .text.z_arm_fault_init
                0x000000000000629c       0x10 arch/arch/arm/core/aarch32/cortex_m/libarch__arm__core__aarch32__cortex_m.a(fault.c.obj)
                0x000000000000629c                z_arm_fault_init
 .text._HandlerModeExit
                0x00000000000062ac       0x1c arch/arch/arm/core/aarch32/cortex_m/libarch__arm__core__aarch32__cortex_m.a(exc_exit.S.obj)
                0x00000000000062ac                z_arm_exc_exit
                0x00000000000062ac                z_arm_int_exit
 .text.z_arm_interrupt_init
                0x00000000000062c8       0x18 arch/arch/arm/core/aarch32/cortex_m/libarch__arm__core__aarch32__cortex_m.a(irq_init.c.obj)
                0x00000000000062c8                z_arm_interrupt_init
 .text.z_impl_k_thread_abort
                0x00000000000062e0       0x4c arch/arch/arm/core/aarch32/cortex_m/libarch__arm__core__aarch32__cortex_m.a(thread_abort.c.obj)
                0x00000000000062e0                z_impl_k_thread_abort
 .text.z_arm_configure_static_mpu_regions
                0x000000000000632c       0x38 arch/arch/arm/core/aarch32/cortex_m/mpu/libarch__arm__core__aarch32__cortex_m__mpu.a(arm_core_mpu.c.obj)
                0x000000000000632c                z_arm_configure_static_mpu_regions
 .text.mpu_configure_regions
                0x0000000000006364       0xc4 arch/arch/arm/core/aarch32/cortex_m/mpu/libarch__arm__core__aarch32__cortex_m__mpu.a(arm_mpu.c.obj)
 .text.arm_core_mpu_enable
                0x0000000000006428       0x14 arch/arch/arm/core/aarch32/cortex_m/mpu/libarch__arm__core__aarch32__cortex_m__mpu.a(arm_mpu.c.obj)
                0x0000000000006428                arm_core_mpu_enable
 .text.arm_core_mpu_disable
                0x000000000000643c       0x10 arch/arch/arm/core/aarch32/cortex_m/mpu/libarch__arm__core__aarch32__cortex_m__mpu.a(arm_mpu.c.obj)
                0x000000000000643c                arm_core_mpu_disable
 .text.arm_mpu_init
                0x000000000000644c       0x5c arch/arch/arm/core/aarch32/cortex_m/mpu/libarch__arm__core__aarch32__cortex_m__mpu.a(arm_mpu.c.obj)
 .text.arm_core_mpu_configure_static_mpu_regions
                0x00000000000064a8       0x14 arch/arch/arm/core/aarch32/cortex_m/mpu/libarch__arm__core__aarch32__cortex_m__mpu.a(arm_mpu.c.obj)
                0x00000000000064a8                arm_core_mpu_configure_static_mpu_regions
 .text.__stdout_hook_install
                0x00000000000064bc        0xc lib/libc/minimal/liblib__libc__minimal.a(stdout_console.c.obj)
                0x00000000000064bc                __stdout_hook_install
 .text.nordicsemi_nrf52_init
                0x00000000000064c8       0x30 soc/arm/nordic_nrf/nrf52/libsoc__arm__nordic_nrf__nrf52.a(soc.c.obj)
 .text.arch_busy_wait
                0x00000000000064f8       0x14 soc/arm/nordic_nrf/nrf52/libsoc__arm__nordic_nrf__nrf52.a(soc.c.obj)
                0x00000000000064f8                arch_busy_wait
 .text.bt_hex_real
                0x000000000000650c       0x44 subsys/bluetooth/common/libsubsys__bluetooth__common.a(log.c.obj)
                0x000000000000650c                bt_hex_real
 .text.bt_addr_le_str_real
                0x0000000000006550       0x7c subsys/bluetooth/common/libsubsys__bluetooth__common.a(log.c.obj)
                0x0000000000006550                bt_addr_le_str_real
 .text.ecc_thread
                0x00000000000065cc      0x1c4 subsys/bluetooth/host/libsubsys__bluetooth__host.a(hci_ecc.c.obj)
 .text.bt_hci_ecc_send
                0x0000000000006790      0x110 subsys/bluetooth/host/libsubsys__bluetooth__host.a(hci_ecc.c.obj)
                0x0000000000006790                bt_hci_ecc_send
 .text.bt_hci_ecc_init
                0x00000000000068a0       0x48 subsys/bluetooth/host/libsubsys__bluetooth__host.a(hci_ecc.c.obj)
                0x00000000000068a0                bt_hci_ecc_init
 .text.save_id  0x00000000000068e8       0x78 subsys/bluetooth/host/libsubsys__bluetooth__host.a(settings.c.obj)
 .text.set      0x0000000000006960      0x150 subsys/bluetooth/host/libsubsys__bluetooth__host.a(settings.c.obj)
 .text.bt_settings_encode_key
                0x0000000000006ab0       0x60 subsys/bluetooth/host/libsubsys__bluetooth__host.a(settings.c.obj)
                0x0000000000006ab0                bt_settings_encode_key
 .text.bt_settings_save_id
                0x0000000000006b10       0x30 subsys/bluetooth/host/libsubsys__bluetooth__host.a(settings.c.obj)
                0x0000000000006b10                bt_settings_save_id
 .text.commit   0x0000000000006b40       0x90 subsys/bluetooth/host/libsubsys__bluetooth__host.a(settings.c.obj)
 .text.bt_settings_init
                0x0000000000006bd0       0x30 subsys/bluetooth/host/libsubsys__bluetooth__host.a(settings.c.obj)
                0x0000000000006bd0                bt_settings_init
 .text.uuid_to_uuid128
                0x0000000000006c00       0x7c subsys/bluetooth/host/libsubsys__bluetooth__host.a(uuid.c.obj)
 .text.le_dhkey_complete
                0x0000000000006c7c       0x20 subsys/bluetooth/host/libsubsys__bluetooth__host.a(hci_core.c.obj)
 .text.ver_str  0x0000000000006c9c       0x38 subsys/bluetooth/host/libsubsys__bluetooth__host.a(hci_core.c.obj)
 .text.hci_data_buf_overflow
                0x0000000000006cd4       0x24 subsys/bluetooth/host/libsubsys__bluetooth__host.a(hci_core.c.obj)
 .text.id_find  0x0000000000006cf8       0x30 subsys/bluetooth/host/libsubsys__bluetooth__host.a(hci_core.c.obj)
 .text.valid_adv_param
                0x0000000000006d28       0x70 subsys/bluetooth/host/libsubsys__bluetooth__host.a(hci_core.c.obj)
 .text.le_pkey_complete
                0x0000000000006d98       0x50 subsys/bluetooth/host/libsubsys__bluetooth__host.a(hci_core.c.obj)
 .text.unpair   0x0000000000006de8       0x70 subsys/bluetooth/host/libsubsys__bluetooth__host.a(hci_core.c.obj)
 .text.le_data_len_change
                0x0000000000006e58       0x3c subsys/bluetooth/host/libsubsys__bluetooth__host.a(hci_core.c.obj)
 .text.hci_disconn_complete_prio
                0x0000000000006e94       0x50 subsys/bluetooth/host/libsubsys__bluetooth__host.a(hci_core.c.obj)
 .text.hci_disconn_complete
                0x0000000000006ee4       0x54 subsys/bluetooth/host/libsubsys__bluetooth__host.a(hci_core.c.obj)
 .text.hci_vendor_event
                0x0000000000006f38       0x38 subsys/bluetooth/host/libsubsys__bluetooth__host.a(hci_core.c.obj)
 .text.le_conn_update_complete
                0x0000000000006f70       0x98 subsys/bluetooth/host/libsubsys__bluetooth__host.a(hci_core.c.obj)
 .text.update_sec_level
                0x0000000000007008       0x64 subsys/bluetooth/host/libsubsys__bluetooth__host.a(hci_core.c.obj)
 .text.hci_encrypt_key_refresh_complete
                0x000000000000706c       0x84 subsys/bluetooth/host/libsubsys__bluetooth__host.a(hci_core.c.obj)
 .text.hci_encrypt_change
                0x00000000000070f0       0x8c subsys/bluetooth/host/libsubsys__bluetooth__host.a(hci_core.c.obj)
 .text.find_pending_connect.part.0
                0x000000000000717c       0x3c subsys/bluetooth/host/libsubsys__bluetooth__host.a(hci_core.c.obj)
 .text.hci_cmd_done
                0x00000000000071b8       0xf4 subsys/bluetooth/host/libsubsys__bluetooth__host.a(hci_core.c.obj)
 .text.handle_event
                0x00000000000072ac       0x84 subsys/bluetooth/host/libsubsys__bluetooth__host.a(hci_core.c.obj)
 .text.hci_le_meta_event
                0x0000000000007330       0x20 subsys/bluetooth/host/libsubsys__bluetooth__host.a(hci_core.c.obj)
 .text.hci_tx_thread
                0x0000000000007350      0x188 subsys/bluetooth/host/libsubsys__bluetooth__host.a(hci_core.c.obj)
 .text.le_rpa_invalidate
                0x00000000000074d8       0x38 subsys/bluetooth/host/libsubsys__bluetooth__host.a(hci_core.c.obj)
 .text.hci_num_completed_packets
                0x0000000000007510      0x134 subsys/bluetooth/host/libsubsys__bluetooth__host.a(hci_core.c.obj)
 .text.le_adv_start_add_conn
                0x0000000000007644       0xa8 subsys/bluetooth/host/libsubsys__bluetooth__host.a(hci_core.c.obj)
 .text.hci_cmd_status
                0x00000000000076ec       0x2c subsys/bluetooth/host/libsubsys__bluetooth__host.a(hci_core.c.obj)
 .text.hci_cmd_complete
                0x0000000000007718       0x30 subsys/bluetooth/host/libsubsys__bluetooth__host.a(hci_core.c.obj)
 .text.bt_hci_cmd_create
                0x0000000000007748       0x70 subsys/bluetooth/host/libsubsys__bluetooth__host.a(hci_core.c.obj)
                0x0000000000007748                bt_hci_cmd_create
 .text.bt_hci_cmd_send
                0x00000000000077b8       0x64 subsys/bluetooth/host/libsubsys__bluetooth__host.a(hci_core.c.obj)
                0x00000000000077b8                bt_hci_cmd_send
 .text.le_ltk_request
                0x000000000000781c       0xc0 subsys/bluetooth/host/libsubsys__bluetooth__host.a(hci_core.c.obj)
 .text.le_conn_param_neg_reply
                0x00000000000078dc       0x54 subsys/bluetooth/host/libsubsys__bluetooth__host.a(hci_core.c.obj)
 .text.le_conn_param_req
                0x0000000000007930       0xd0 subsys/bluetooth/host/libsubsys__bluetooth__host.a(hci_core.c.obj)
 .text.bt_hci_cmd_send_sync
                0x0000000000007a00       0xf0 subsys/bluetooth/host/libsubsys__bluetooth__host.a(hci_core.c.obj)
                0x0000000000007a00                bt_hci_cmd_send_sync
 .text.set_random_address
                0x0000000000007af0       0x5c subsys/bluetooth/host/libsubsys__bluetooth__host.a(hci_core.c.obj)
 .text.le_set_private_addr
                0x0000000000007b4c       0x6c subsys/bluetooth/host/libsubsys__bluetooth__host.a(hci_core.c.obj)
 .text.le_adv_set_random_addr.isra.0
                0x0000000000007bb8       0x84 subsys/bluetooth/host/libsubsys__bluetooth__host.a(hci_core.c.obj)
 .text.set_le_adv_enable_legacy
                0x0000000000007c3c       0x5c subsys/bluetooth/host/libsubsys__bluetooth__host.a(hci_core.c.obj)
 .text.le_update_private_addr
                0x0000000000007c98       0x7c subsys/bluetooth/host/libsubsys__bluetooth__host.a(hci_core.c.obj)
 .text.rpa_timeout
                0x0000000000007d14       0x4c subsys/bluetooth/host/libsubsys__bluetooth__host.a(hci_core.c.obj)
 .text.hci_le_read_max_data_len
                0x0000000000007d60       0x54 subsys/bluetooth/host/libsubsys__bluetooth__host.a(hci_core.c.obj)
 .text.hci_id_add
                0x0000000000007db4       0x64 subsys/bluetooth/host/libsubsys__bluetooth__host.a(hci_core.c.obj)
 .text.hci_set_ad
                0x0000000000007e18       0xe0 subsys/bluetooth/host/libsubsys__bluetooth__host.a(hci_core.c.obj)
 .text.le_adv_update.constprop.0
                0x0000000000007ef8       0xe8 subsys/bluetooth/host/libsubsys__bluetooth__host.a(hci_core.c.obj)
 .text.conn_auto_initiate
                0x0000000000007fe0      0x108 subsys/bluetooth/host/libsubsys__bluetooth__host.a(hci_core.c.obj)
 .text.le_phy_update_complete
                0x00000000000080e8       0x64 subsys/bluetooth/host/libsubsys__bluetooth__host.a(hci_core.c.obj)
 .text.le_remote_feat_complete
                0x000000000000814c       0x60 subsys/bluetooth/host/libsubsys__bluetooth__host.a(hci_core.c.obj)
 .text.bt_unpair
                0x00000000000081ac       0x4c subsys/bluetooth/host/libsubsys__bluetooth__host.a(hci_core.c.obj)
                0x00000000000081ac                bt_unpair
 .text.bt_id_add
                0x00000000000081f8      0x19c subsys/bluetooth/host/libsubsys__bluetooth__host.a(hci_core.c.obj)
                0x00000000000081f8                bt_id_add
 .text.bt_id_del
                0x0000000000008394      0x138 subsys/bluetooth/host/libsubsys__bluetooth__host.a(hci_core.c.obj)
                0x0000000000008394                bt_id_del
 .text.id_create
                0x00000000000084cc       0xb0 subsys/bluetooth/host/libsubsys__bluetooth__host.a(hci_core.c.obj)
 .text.hci_event_prio
                0x000000000000857c       0xa4 subsys/bluetooth/host/libsubsys__bluetooth__host.a(hci_core.c.obj)
                0x000000000000857c                hci_event_prio
 .text.bt_recv  0x0000000000008620      0x148 subsys/bluetooth/host/libsubsys__bluetooth__host.a(hci_core.c.obj)
                0x0000000000008620                bt_recv
 .text.bt_recv_prio
                0x0000000000008768       0x3c subsys/bluetooth/host/libsubsys__bluetooth__host.a(hci_core.c.obj)
                0x0000000000008768                bt_recv_prio
 .text.bt_hci_driver_register
                0x00000000000087a4       0x28 subsys/bluetooth/host/libsubsys__bluetooth__host.a(hci_core.c.obj)
                0x00000000000087a4                bt_hci_driver_register
 .text.bt_finalize_init
                0x00000000000087cc       0xd8 subsys/bluetooth/host/libsubsys__bluetooth__host.a(hci_core.c.obj)
                0x00000000000087cc                bt_finalize_init
 .text.init_work
                0x00000000000088a4       0x18 subsys/bluetooth/host/libsubsys__bluetooth__host.a(hci_core.c.obj)
 .text.bt_enable
                0x00000000000088bc       0xf4 subsys/bluetooth/host/libsubsys__bluetooth__host.a(hci_core.c.obj)
                0x00000000000088bc                bt_enable
 .text.bt_set_name
                0x00000000000089b0       0x9c subsys/bluetooth/host/libsubsys__bluetooth__host.a(hci_core.c.obj)
                0x00000000000089b0                bt_set_name
 .text.bt_get_name
                0x0000000000008a4c        0x8 subsys/bluetooth/host/libsubsys__bluetooth__host.a(hci_core.c.obj)
                0x0000000000008a4c                bt_get_name
 .text.bt_id_create
                0x0000000000008a54       0x88 subsys/bluetooth/host/libsubsys__bluetooth__host.a(hci_core.c.obj)
                0x0000000000008a54                bt_id_create
 .text.bt_setup_public_id_addr
                0x0000000000008adc      0x108 subsys/bluetooth/host/libsubsys__bluetooth__host.a(hci_core.c.obj)
                0x0000000000008adc                bt_setup_public_id_addr
 .text.bt_read_static_addr
                0x0000000000008be4       0xb4 subsys/bluetooth/host/libsubsys__bluetooth__host.a(hci_core.c.obj)
                0x0000000000008be4                bt_read_static_addr
 .text.bt_setup_random_id_addr
                0x0000000000008c98       0x94 subsys/bluetooth/host/libsubsys__bluetooth__host.a(hci_core.c.obj)
                0x0000000000008c98                bt_setup_random_id_addr
 .text.bt_le_adv_start_legacy
                0x0000000000008d2c      0x228 subsys/bluetooth/host/libsubsys__bluetooth__host.a(hci_core.c.obj)
                0x0000000000008d2c                bt_le_adv_start_legacy
 .text.bt_le_adv_stop
                0x0000000000008f54       0x98 subsys/bluetooth/host/libsubsys__bluetooth__host.a(hci_core.c.obj)
                0x0000000000008f54                bt_le_adv_stop
 .text.bt_le_adv_resume
                0x0000000000008fec       0x8c subsys/bluetooth/host/libsubsys__bluetooth__host.a(hci_core.c.obj)
                0x0000000000008fec                bt_le_adv_resume
 .text.enh_conn_complete
                0x0000000000009078      0x204 subsys/bluetooth/host/libsubsys__bluetooth__host.a(hci_core.c.obj)
 .text.le_legacy_conn_complete
                0x000000000000927c       0x6c subsys/bluetooth/host/libsubsys__bluetooth__host.a(hci_core.c.obj)
 .text.bt_buf_get_rx
                0x00000000000092e8       0x20 subsys/bluetooth/host/libsubsys__bluetooth__host.a(hci_core.c.obj)
                0x00000000000092e8                bt_buf_get_rx
 .text.bt_buf_get_cmd_complete
                0x0000000000009308       0x4c subsys/bluetooth/host/libsubsys__bluetooth__host.a(hci_core.c.obj)
                0x0000000000009308                bt_buf_get_cmd_complete
 .text.bt_buf_get_evt
                0x0000000000009354       0x54 subsys/bluetooth/host/libsubsys__bluetooth__host.a(hci_core.c.obj)
                0x0000000000009354                bt_buf_get_evt
 .text.bt_pub_key_gen
                0x00000000000093a8       0xa0 subsys/bluetooth/host/libsubsys__bluetooth__host.a(hci_core.c.obj)
                0x00000000000093a8                bt_pub_key_gen
 .text.bt_pub_key_get
                0x0000000000009448       0x1c subsys/bluetooth/host/libsubsys__bluetooth__host.a(hci_core.c.obj)
                0x0000000000009448                bt_pub_key_get
 .text.bt_dh_key_gen
                0x0000000000009464       0x74 subsys/bluetooth/host/libsubsys__bluetooth__host.a(hci_core.c.obj)
                0x0000000000009464                bt_dh_key_gen
 .text.tx_free  0x00000000000094d8       0x14 subsys/bluetooth/host/libsubsys__bluetooth__host.a(conn.c.obj)
 .text.notify_connected
                0x00000000000094ec       0x2c subsys/bluetooth/host/libsubsys__bluetooth__host.a(conn.c.obj)
 .text.conn_cleanup
                0x0000000000009518       0x44 subsys/bluetooth/host/libsubsys__bluetooth__host.a(conn.c.obj)
 .text.send_frag
                0x000000000000955c      0x130 subsys/bluetooth/host/libsubsys__bluetooth__host.a(conn.c.obj)
 .text.bt_conn_get_pkts
                0x000000000000968c        0x8 subsys/bluetooth/host/libsubsys__bluetooth__host.a(conn.c.obj)
                0x000000000000968c                bt_conn_get_pkts
 .text.notify_le_param_updated
                0x0000000000009694       0x68 subsys/bluetooth/host/libsubsys__bluetooth__host.a(conn.c.obj)
                0x0000000000009694                notify_le_param_updated
 .text.le_param_req
                0x00000000000096fc       0x40 subsys/bluetooth/host/libsubsys__bluetooth__host.a(conn.c.obj)
                0x00000000000096fc                le_param_req
 .text.bt_conn_identity_resolved
                0x000000000000973c       0x34 subsys/bluetooth/host/libsubsys__bluetooth__host.a(conn.c.obj)
                0x000000000000973c                bt_conn_identity_resolved
 .text.bt_conn_security_changed
                0x0000000000009770       0x40 subsys/bluetooth/host/libsubsys__bluetooth__host.a(conn.c.obj)
                0x0000000000009770                bt_conn_security_changed
 .text.bt_conn_cb_register
                0x00000000000097b0       0x10 subsys/bluetooth/host/libsubsys__bluetooth__host.a(conn.c.obj)
                0x00000000000097b0                bt_conn_cb_register
 .text.bt_conn_recv
                0x00000000000097c0      0x134 subsys/bluetooth/host/libsubsys__bluetooth__host.a(conn.c.obj)
                0x00000000000097c0                bt_conn_recv
 .text.bt_conn_send_cb
                0x00000000000098f4       0xd8 subsys/bluetooth/host/libsubsys__bluetooth__host.a(conn.c.obj)
                0x00000000000098f4                bt_conn_send_cb
 .text.bt_conn_prepare_events
                0x00000000000099cc       0x78 subsys/bluetooth/host/libsubsys__bluetooth__host.a(conn.c.obj)
                0x00000000000099cc                bt_conn_prepare_events
 .text.bt_conn_add_le
                0x0000000000009a44       0x80 subsys/bluetooth/host/libsubsys__bluetooth__host.a(conn.c.obj)
                0x0000000000009a44                bt_conn_add_le
 .text.bt_conn_lookup_handle
                0x0000000000009ac4       0x3c subsys/bluetooth/host/libsubsys__bluetooth__host.a(conn.c.obj)
                0x0000000000009ac4                bt_conn_lookup_handle
 .text.bt_conn_lookup_addr_le
                0x0000000000009b00       0x38 subsys/bluetooth/host/libsubsys__bluetooth__host.a(conn.c.obj)
                0x0000000000009b00                bt_conn_lookup_addr_le
 .text.bt_conn_lookup_state_le
                0x0000000000009b38       0x4c subsys/bluetooth/host/libsubsys__bluetooth__host.a(conn.c.obj)
                0x0000000000009b38                bt_conn_lookup_state_le
 .text.bt_conn_exists_le
                0x0000000000009b84       0x4c subsys/bluetooth/host/libsubsys__bluetooth__host.a(conn.c.obj)
                0x0000000000009b84                bt_conn_exists_le
 .text.bt_conn_set_state
                0x0000000000009bd0      0x1c0 subsys/bluetooth/host/libsubsys__bluetooth__host.a(conn.c.obj)
                0x0000000000009bd0                bt_conn_set_state
 .text.bt_conn_disconnect
                0x0000000000009d90       0x78 subsys/bluetooth/host/libsubsys__bluetooth__host.a(conn.c.obj)
                0x0000000000009d90                bt_conn_disconnect
 .text.send_conn_le_param_update
                0x0000000000009e08       0x5c subsys/bluetooth/host/libsubsys__bluetooth__host.a(conn.c.obj)
 .text.conn_update_timeout
                0x0000000000009e64       0x9c subsys/bluetooth/host/libsubsys__bluetooth__host.a(conn.c.obj)
 .text.bt_conn_create_pdu_timeout
                0x0000000000009f00       0x48 subsys/bluetooth/host/libsubsys__bluetooth__host.a(conn.c.obj)
                0x0000000000009f00                bt_conn_create_pdu_timeout
 .text.bt_conn_create_frag_timeout
                0x0000000000009f48        0xc subsys/bluetooth/host/libsubsys__bluetooth__host.a(conn.c.obj)
                0x0000000000009f48                bt_conn_create_frag_timeout
 .text.create_frag.isra.0
                0x0000000000009f54       0x6c subsys/bluetooth/host/libsubsys__bluetooth__host.a(conn.c.obj)
 .text.bt_conn_process_tx
                0x0000000000009fc0       0xd0 subsys/bluetooth/host/libsubsys__bluetooth__host.a(conn.c.obj)
                0x0000000000009fc0                bt_conn_process_tx
 .text.bt_conn_auth_cb_register
                0x000000000000a090       0x38 subsys/bluetooth/host/libsubsys__bluetooth__host.a(conn.c.obj)
                0x000000000000a090                bt_conn_auth_cb_register
 .text.bt_conn_index
                0x000000000000a0c8       0x18 subsys/bluetooth/host/libsubsys__bluetooth__host.a(conn.c.obj)
                0x000000000000a0c8                bt_conn_index
 .text.bt_conn_init
                0x000000000000a0e0       0x40 subsys/bluetooth/host/libsubsys__bluetooth__host.a(conn.c.obj)
                0x000000000000a0e0                bt_conn_init
 .text.l2cap_accept
                0x000000000000a120       0x44 subsys/bluetooth/host/libsubsys__bluetooth__host.a(l2cap.c.obj)
 .text.l2cap_create_le_sig_pdu.isra.0
                0x000000000000a164       0x50 subsys/bluetooth/host/libsubsys__bluetooth__host.a(l2cap.c.obj)
 .text.l2cap_rtx_timeout
                0x000000000000a1b4       0x3c subsys/bluetooth/host/libsubsys__bluetooth__host.a(l2cap.c.obj)
 .text.bt_l2cap_connected
                0x000000000000a1f0       0xb8 subsys/bluetooth/host/libsubsys__bluetooth__host.a(l2cap.c.obj)
                0x000000000000a1f0                bt_l2cap_connected
 .text.l2cap_recv
                0x000000000000a2a8       0xe4 subsys/bluetooth/host/libsubsys__bluetooth__host.a(l2cap.c.obj)
 .text.bt_l2cap_recv
                0x000000000000a38c       0x70 subsys/bluetooth/host/libsubsys__bluetooth__host.a(l2cap.c.obj)
                0x000000000000a38c                bt_l2cap_recv
 .text.bt_l2cap_update_conn_param
                0x000000000000a3fc       0x5c subsys/bluetooth/host/libsubsys__bluetooth__host.a(l2cap.c.obj)
                0x000000000000a3fc                bt_l2cap_update_conn_param
 .text.att_cfm_sent
                0x000000000000a458       0x10 subsys/bluetooth/host/libsubsys__bluetooth__host.a(att.c.obj)
 .text.att_rsp_sent
                0x000000000000a468       0x10 subsys/bluetooth/host/libsubsys__bluetooth__host.a(att.c.obj)
 .text.att_req_sent
                0x000000000000a478       0x10 subsys/bluetooth/host/libsubsys__bluetooth__host.a(att.c.obj)
 .text.bt_att_released
                0x000000000000a488       0x18 subsys/bluetooth/host/libsubsys__bluetooth__host.a(att.c.obj)
 .text.read_group_cb
                0x000000000000a4a0       0xa8 subsys/bluetooth/host/libsubsys__bluetooth__host.a(att.c.obj)
 .text.read_type_cb
                0x000000000000a548       0xa4 subsys/bluetooth/host/libsubsys__bluetooth__host.a(att.c.obj)
 .text.find_type_cb
                0x000000000000a5ec      0x164 subsys/bluetooth/host/libsubsys__bluetooth__host.a(att.c.obj)
 .text.att_get  0x000000000000a750       0x80 subsys/bluetooth/host/libsubsys__bluetooth__host.a(att.c.obj)
 .text.chan_req_sent
                0x000000000000a7d0       0x1c subsys/bluetooth/host/libsubsys__bluetooth__host.a(att.c.obj)
 .text.bt_att_accept
                0x000000000000a7ec       0xd8 subsys/bluetooth/host/libsubsys__bluetooth__host.a(att.c.obj)
 .text.bt_att_connected
                0x000000000000a8c4       0x64 subsys/bluetooth/host/libsubsys__bluetooth__host.a(att.c.obj)
 .text.prep_write_cb
                0x000000000000a928       0x7c subsys/bluetooth/host/libsubsys__bluetooth__host.a(att.c.obj)
 .text.chan_send
                0x000000000000a9a4       0xb8 subsys/bluetooth/host/libsubsys__bluetooth__host.a(att.c.obj)
 .text.bt_att_chan_create_pdu
                0x000000000000aa5c       0x88 subsys/bluetooth/host/libsubsys__bluetooth__host.a(att.c.obj)
                0x000000000000aa5c                bt_att_chan_create_pdu
 .text.send_err_rsp.part.0
                0x000000000000aae4       0x40 subsys/bluetooth/host/libsubsys__bluetooth__host.a(att.c.obj)
 .text.bt_att_recv
                0x000000000000ab24      0x158 subsys/bluetooth/host/libsubsys__bluetooth__host.a(att.c.obj)
 .text.att_write_rsp
                0x000000000000ac7c       0xd0 subsys/bluetooth/host/libsubsys__bluetooth__host.a(att.c.obj)
 .text.att_signed_write_cmd
                0x000000000000ad4c       0x7c subsys/bluetooth/host/libsubsys__bluetooth__host.a(att.c.obj)
 .text.bt_att_create_pdu
                0x000000000000adc8       0x70 subsys/bluetooth/host/libsubsys__bluetooth__host.a(att.c.obj)
                0x000000000000adc8                bt_att_create_pdu
 .text.att_exec_write_req
                0x000000000000ae38       0x84 subsys/bluetooth/host/libsubsys__bluetooth__host.a(att.c.obj)
 .text.att_prepare_write_req
                0x000000000000aebc       0xe4 subsys/bluetooth/host/libsubsys__bluetooth__host.a(att.c.obj)
 .text.att_read_group_req
                0x000000000000afa0      0x108 subsys/bluetooth/host/libsubsys__bluetooth__host.a(att.c.obj)
 .text.att_read_mult_req
                0x000000000000b0a8       0x8c subsys/bluetooth/host/libsubsys__bluetooth__host.a(att.c.obj)
 .text.att_read_rsp
                0x000000000000b134       0x98 subsys/bluetooth/host/libsubsys__bluetooth__host.a(att.c.obj)
 .text.att_read_type_req
                0x000000000000b1cc       0xc8 subsys/bluetooth/host/libsubsys__bluetooth__host.a(att.c.obj)
 .text.att_find_type_req
                0x000000000000b294       0xdc subsys/bluetooth/host/libsubsys__bluetooth__host.a(att.c.obj)
 .text.att_find_info_req
                0x000000000000b370       0x78 subsys/bluetooth/host/libsubsys__bluetooth__host.a(att.c.obj)
 .text.att_mtu_req
                0x000000000000b3e8       0x6c subsys/bluetooth/host/libsubsys__bluetooth__host.a(att.c.obj)
 .text.bt_att_req_alloc
                0x000000000000b454       0x2c subsys/bluetooth/host/libsubsys__bluetooth__host.a(att.c.obj)
                0x000000000000b454                bt_att_req_alloc
 .text.bt_att_req_free
                0x000000000000b480       0x18 subsys/bluetooth/host/libsubsys__bluetooth__host.a(att.c.obj)
                0x000000000000b480                bt_att_req_free
 .text.att_handle_rsp
                0x000000000000b498       0xf4 subsys/bluetooth/host/libsubsys__bluetooth__host.a(att.c.obj)
 .text.bt_att_encrypt_change
                0x000000000000b58c       0x68 subsys/bluetooth/host/libsubsys__bluetooth__host.a(att.c.obj)
 .text.att_reset
                0x000000000000b5f4       0x78 subsys/bluetooth/host/libsubsys__bluetooth__host.a(att.c.obj)
 .text.att_timeout
                0x000000000000b66c       0x48 subsys/bluetooth/host/libsubsys__bluetooth__host.a(att.c.obj)
 .text.find_static_attr
                0x000000000000b6b4       0x48 subsys/bluetooth/host/libsubsys__bluetooth__host.a(gatt.c.obj)
 .text.db_hash_store
                0x000000000000b6fc       0x40 subsys/bluetooth/host/libsubsys__bluetooth__host.a(gatt.c.obj)
 .text.db_hash_set
                0x000000000000b73c       0x40 subsys/bluetooth/host/libsubsys__bluetooth__host.a(gatt.c.obj)
 .text.sc_store
                0x000000000000b77c       0x64 subsys/bluetooth/host/libsubsys__bluetooth__host.a(gatt.c.obj)
 .text.gatt_notify
                0x000000000000b7e0       0x74 subsys/bluetooth/host/libsubsys__bluetooth__host.a(gatt.c.obj)
 .text.gatt_send.constprop.0
                0x000000000000b854       0x78 subsys/bluetooth/host/libsubsys__bluetooth__host.a(gatt.c.obj)
 .text.gatt_indicate
                0x000000000000b8cc       0x80 subsys/bluetooth/host/libsubsys__bluetooth__host.a(gatt.c.obj)
 .text.ccc_load
                0x000000000000b94c       0x90 subsys/bluetooth/host/libsubsys__bluetooth__host.a(gatt.c.obj)
 .text.ccc_save
                0x000000000000b9dc       0x38 subsys/bluetooth/host/libsubsys__bluetooth__host.a(gatt.c.obj)
 .text.remove_peer_from_attr
                0x000000000000ba14       0x28 subsys/bluetooth/host/libsubsys__bluetooth__host.a(gatt.c.obj)
 .text.bt_gatt_attr_write_ccc
                0x000000000000ba3c       0xc4 subsys/bluetooth/host/libsubsys__bluetooth__host.a(gatt.c.obj)
                0x000000000000ba3c                bt_gatt_attr_write_ccc
 .text.sc_commit
                0x000000000000bb00       0x3c subsys/bluetooth/host/libsubsys__bluetooth__host.a(gatt.c.obj)
 .text.find_cf_cfg_by_addr
                0x000000000000bb3c       0x44 subsys/bluetooth/host/libsubsys__bluetooth__host.a(gatt.c.obj)
 .text.find_sc_cfg
                0x000000000000bb80       0x44 subsys/bluetooth/host/libsubsys__bluetooth__host.a(gatt.c.obj)
 .text.sc_save  0x000000000000bbc4       0x88 subsys/bluetooth/host/libsubsys__bluetooth__host.a(gatt.c.obj)
 .text.notify_cb
                0x000000000000bc4c       0xd8 subsys/bluetooth/host/libsubsys__bluetooth__host.a(gatt.c.obj)
 .text.sc_set   0x000000000000bd24      0x108 subsys/bluetooth/host/libsubsys__bluetooth__host.a(gatt.c.obj)
 .text.find_cf_cfg
                0x000000000000be2c       0x60 subsys/bluetooth/host/libsubsys__bluetooth__host.a(gatt.c.obj)
 .text.cf_write
                0x000000000000be8c       0xc0 subsys/bluetooth/host/libsubsys__bluetooth__host.a(gatt.c.obj)
 .text.sc_indicate_rsp
                0x000000000000bf4c       0x54 subsys/bluetooth/host/libsubsys__bluetooth__host.a(gatt.c.obj)
 .text.cf_set   0x000000000000bfa0       0xfc subsys/bluetooth/host/libsubsys__bluetooth__host.a(gatt.c.obj)
 .text.read_ppcp
                0x000000000000c09c       0x38 subsys/bluetooth/host/libsubsys__bluetooth__host.a(gatt.c.obj)
 .text.bt_gatt_clear_sc
                0x000000000000c0d4       0x70 subsys/bluetooth/host/libsubsys__bluetooth__host.a(gatt.c.obj)
 .text.sc_clear
                0x000000000000c144       0x58 subsys/bluetooth/host/libsubsys__bluetooth__host.a(gatt.c.obj)
 .text.disconnected_cb
                0x000000000000c19c       0x8c subsys/bluetooth/host/libsubsys__bluetooth__host.a(gatt.c.obj)
 .text.bt_gatt_init
                0x000000000000c228       0xa0 subsys/bluetooth/host/libsubsys__bluetooth__host.a(gatt.c.obj)
                0x000000000000c228                bt_gatt_init
 .text.bt_gatt_attr_value_handle
                0x000000000000c2c8       0x30 subsys/bluetooth/host/libsubsys__bluetooth__host.a(gatt.c.obj)
                0x000000000000c2c8                bt_gatt_attr_value_handle
 .text.bt_gatt_foreach_attr_type
                0x000000000000c2f8       0xc0 subsys/bluetooth/host/libsubsys__bluetooth__host.a(gatt.c.obj)
                0x000000000000c2f8                bt_gatt_foreach_attr_type
 .text.db_hash_gen
                0x000000000000c3b8       0x98 subsys/bluetooth/host/libsubsys__bluetooth__host.a(gatt.c.obj)
 .text.db_hash_commit
                0x000000000000c450       0xbc subsys/bluetooth/host/libsubsys__bluetooth__host.a(gatt.c.obj)
 .text.ccc_set_direct
                0x000000000000c50c      0x110 subsys/bluetooth/host/libsubsys__bluetooth__host.a(gatt.c.obj)
 .text.bt_gatt_notify_cb
                0x000000000000c61c       0xf8 subsys/bluetooth/host/libsubsys__bluetooth__host.a(gatt.c.obj)
                0x000000000000c61c                bt_gatt_notify_cb
 .text.bt_gatt_indicate
                0x000000000000c714       0xf8 subsys/bluetooth/host/libsubsys__bluetooth__host.a(gatt.c.obj)
                0x000000000000c714                bt_gatt_indicate
 .text.sc_process
                0x000000000000c80c       0x5c subsys/bluetooth/host/libsubsys__bluetooth__host.a(gatt.c.obj)
 .text.update_ccc
                0x000000000000c868      0x124 subsys/bluetooth/host/libsubsys__bluetooth__host.a(gatt.c.obj)
 .text.bt_gatt_connected
                0x000000000000c98c       0x78 subsys/bluetooth/host/libsubsys__bluetooth__host.a(gatt.c.obj)
                0x000000000000c98c                bt_gatt_connected
 .text.bt_gatt_encrypt_change
                0x000000000000ca04       0x20 subsys/bluetooth/host/libsubsys__bluetooth__host.a(gatt.c.obj)
                0x000000000000ca04                bt_gatt_encrypt_change
 .text.db_hash_read
                0x000000000000ca24       0x50 subsys/bluetooth/host/libsubsys__bluetooth__host.a(gatt.c.obj)
 .text.bt_gatt_store_ccc
                0x000000000000ca74       0x88 subsys/bluetooth/host/libsubsys__bluetooth__host.a(gatt.c.obj)
                0x000000000000ca74                bt_gatt_store_ccc
 .text.bt_gatt_disconnected
                0x000000000000cafc       0xe0 subsys/bluetooth/host/libsubsys__bluetooth__host.a(gatt.c.obj)
                0x000000000000cafc                bt_gatt_disconnected
 .text.bt_gatt_clear
                0x000000000000cbdc       0x9c subsys/bluetooth/host/libsubsys__bluetooth__host.a(gatt.c.obj)
                0x000000000000cbdc                bt_gatt_clear
 .text.get_io_capa
                0x000000000000cc78       0x4c subsys/bluetooth/host/libsubsys__bluetooth__host.a(smp.c.obj)
 .text.smp_sign_buf
                0x000000000000ccc4       0x80 subsys/bluetooth/host/libsubsys__bluetooth__host.a(smp.c.obj)
 .text.get_auth.isra.0
                0x000000000000cd44       0x3c subsys/bluetooth/host/libsubsys__bluetooth__host.a(smp.c.obj)
 .text.smp_chan_get
                0x000000000000cd80       0x30 subsys/bluetooth/host/libsubsys__bluetooth__host.a(smp.c.obj)
 .text.bt_smp_accept
                0x000000000000cdb0       0x44 subsys/bluetooth/host/libsubsys__bluetooth__host.a(smp.c.obj)
 .text.smp_init
                0x000000000000cdf4       0x3c subsys/bluetooth/host/libsubsys__bluetooth__host.a(smp.c.obj)
 .text.smp_send.isra.0
                0x000000000000ce30       0x30 subsys/bluetooth/host/libsubsys__bluetooth__host.a(smp.c.obj)
 .text.smp_send_pairing_confirm
                0x000000000000ce60       0x80 subsys/bluetooth/host/libsubsys__bluetooth__host.a(smp.c.obj)
 .text.smp_public_key_slave.part.0
                0x000000000000cee0       0xc8 subsys/bluetooth/host/libsubsys__bluetooth__host.a(smp.c.obj)
 .text.compute_and_check_and_send_slave_dhcheck
                0x000000000000cfa8      0x1d0 subsys/bluetooth/host/libsubsys__bluetooth__host.a(smp.c.obj)
 .text.sc_send_public_key
                0x000000000000d178       0x44 subsys/bluetooth/host/libsubsys__bluetooth__host.a(smp.c.obj)
 .text.smp_ident_info
                0x000000000000d1bc       0x70 subsys/bluetooth/host/libsubsys__bluetooth__host.a(smp.c.obj)
 .text.smp_encrypt_info
                0x000000000000d22c       0x70 subsys/bluetooth/host/libsubsys__bluetooth__host.a(smp.c.obj)
 .text.smp_pairing_req
                0x000000000000d29c      0x3d4 subsys/bluetooth/host/libsubsys__bluetooth__host.a(smp.c.obj)
 .text.smp_pairing_complete
                0x000000000000d670       0x9c subsys/bluetooth/host/libsubsys__bluetooth__host.a(smp.c.obj)
 .text.bt_smp_dhkey_ready
                0x000000000000d70c       0x6c subsys/bluetooth/host/libsubsys__bluetooth__host.a(smp.c.obj)
 .text.bt_smp_recv
                0x000000000000d778      0x100 subsys/bluetooth/host/libsubsys__bluetooth__host.a(smp.c.obj)
 .text.bt_smp_pkey_ready
                0x000000000000d878       0x70 subsys/bluetooth/host/libsubsys__bluetooth__host.a(smp.c.obj)
 .text.smp_pairing_failed
                0x000000000000d8e8       0x68 subsys/bluetooth/host/libsubsys__bluetooth__host.a(smp.c.obj)
 .text.smp_timeout
                0x000000000000d950       0x3c subsys/bluetooth/host/libsubsys__bluetooth__host.a(smp.c.obj)
 .text.smp_signing_info
                0x000000000000d98c       0x80 subsys/bluetooth/host/libsubsys__bluetooth__host.a(smp.c.obj)
 .text.smp_master_ident
                0x000000000000da0c       0xa8 subsys/bluetooth/host/libsubsys__bluetooth__host.a(smp.c.obj)
 .text.bt_smp_connected
                0x000000000000dab4       0x1c subsys/bluetooth/host/libsubsys__bluetooth__host.a(smp.c.obj)
 .text.bt_smp_encrypt_change
                0x000000000000dad0      0x2e8 subsys/bluetooth/host/libsubsys__bluetooth__host.a(smp.c.obj)
 .text.smp_pairing_random
                0x000000000000ddb8      0x244 subsys/bluetooth/host/libsubsys__bluetooth__host.a(smp.c.obj)
 .text.smp_public_key
                0x000000000000dffc       0xb8 subsys/bluetooth/host/libsubsys__bluetooth__host.a(smp.c.obj)
 .text.smp_ident_addr_info
                0x000000000000e0b4      0x13c subsys/bluetooth/host/libsubsys__bluetooth__host.a(smp.c.obj)
 .text.bt_smp_sign_verify
                0x000000000000e1f0       0xf8 subsys/bluetooth/host/libsubsys__bluetooth__host.a(smp.c.obj)
                0x000000000000e1f0                bt_smp_sign_verify
 .text.bt_smp_sign
                0x000000000000e2e8       0xb4 subsys/bluetooth/host/libsubsys__bluetooth__host.a(smp.c.obj)
                0x000000000000e2e8                bt_smp_sign
 .text.bt_smp_start_security
                0x000000000000e39c      0x17c subsys/bluetooth/host/libsubsys__bluetooth__host.a(smp.c.obj)
                0x000000000000e39c                bt_smp_start_security
 .text.bt_smp_update_keys
                0x000000000000e518      0x120 subsys/bluetooth/host/libsubsys__bluetooth__host.a(smp.c.obj)
                0x000000000000e518                bt_smp_update_keys
 .text.bt_smp_init
                0x000000000000e638       0x2c subsys/bluetooth/host/libsubsys__bluetooth__host.a(smp.c.obj)
                0x000000000000e638                bt_smp_init
 .text.bt_keys_get_addr
                0x000000000000e664       0x8c subsys/bluetooth/host/libsubsys__bluetooth__host.a(keys.c.obj)
                0x000000000000e664                bt_keys_get_addr
 .text.bt_foreach_bond
                0x000000000000e6f0       0x2c subsys/bluetooth/host/libsubsys__bluetooth__host.a(keys.c.obj)
                0x000000000000e6f0                bt_foreach_bond
 .text.bt_keys_foreach
                0x000000000000e71c       0x1c subsys/bluetooth/host/libsubsys__bluetooth__host.a(keys.c.obj)
                0x000000000000e71c                bt_keys_foreach
 .text.keys_commit
                0x000000000000e738       0x14 subsys/bluetooth/host/libsubsys__bluetooth__host.a(keys.c.obj)
 .text.bt_keys_find
                0x000000000000e74c       0x2c subsys/bluetooth/host/libsubsys__bluetooth__host.a(keys.c.obj)
                0x000000000000e74c                bt_keys_find
 .text.bt_keys_find_irk
                0x000000000000e778       0x74 subsys/bluetooth/host/libsubsys__bluetooth__host.a(keys.c.obj)
                0x000000000000e778                bt_keys_find_irk
 .text.bt_keys_find_addr
                0x000000000000e7ec       0x20 subsys/bluetooth/host/libsubsys__bluetooth__host.a(keys.c.obj)
                0x000000000000e7ec                bt_keys_find_addr
 .text.bt_keys_clear
                0x000000000000e80c       0x4c subsys/bluetooth/host/libsubsys__bluetooth__host.a(keys.c.obj)
                0x000000000000e80c                bt_keys_clear
 .text.keys_set
                0x000000000000e858      0x17c subsys/bluetooth/host/libsubsys__bluetooth__host.a(keys.c.obj)
 .text.bt_keys_store
                0x000000000000e9d4       0x68 subsys/bluetooth/host/libsubsys__bluetooth__host.a(keys.c.obj)
                0x000000000000e9d4                bt_keys_store
 .text.bt_keys_update_usage
                0x000000000000ea3c       0x28 subsys/bluetooth/host/libsubsys__bluetooth__host.a(keys.c.obj)
                0x000000000000ea3c                bt_keys_update_usage
 .text.mem_init
                0x000000000000ea64       0x5c subsys/bluetooth/controller/libsubsys__bluetooth__controller.a(mem.c.obj)
                0x000000000000ea64                mem_init
 .text.mem_acquire
                0x000000000000eac0       0x34 subsys/bluetooth/controller/libsubsys__bluetooth__controller.a(mem.c.obj)
                0x000000000000eac0                mem_acquire
 .text.mem_release
                0x000000000000eaf4       0x30 subsys/bluetooth/controller/libsubsys__bluetooth__controller.a(mem.c.obj)
                0x000000000000eaf4                mem_release
 .text.mem_get  0x000000000000eb24        0x8 subsys/bluetooth/controller/libsubsys__bluetooth__controller.a(mem.c.obj)
                0x000000000000eb24                mem_get
 .text.mem_index_get
                0x000000000000eb2c        0xc subsys/bluetooth/controller/libsubsys__bluetooth__controller.a(mem.c.obj)
                0x000000000000eb2c                mem_index_get
 .text.mem_rcopy
                0x000000000000eb38       0x1c subsys/bluetooth/controller/libsubsys__bluetooth__controller.a(mem.c.obj)
                0x000000000000eb38                mem_rcopy
 .text.mem_nz   0x000000000000eb54       0x18 subsys/bluetooth/controller/libsubsys__bluetooth__controller.a(mem.c.obj)
                0x000000000000eb54                mem_nz
 .text.memq_init
                0x000000000000eb6c        0x8 subsys/bluetooth/controller/libsubsys__bluetooth__controller.a(memq.c.obj)
                0x000000000000eb6c                memq_init
 .text.memq_deinit
                0x000000000000eb74       0x14 subsys/bluetooth/controller/libsubsys__bluetooth__controller.a(memq.c.obj)
                0x000000000000eb74                memq_deinit
 .text.memq_enqueue
                0x000000000000eb88       0x10 subsys/bluetooth/controller/libsubsys__bluetooth__controller.a(memq.c.obj)
                0x000000000000eb88                memq_enqueue
 .text.memq_peek
                0x000000000000eb98       0x10 subsys/bluetooth/controller/libsubsys__bluetooth__controller.a(memq.c.obj)
                0x000000000000eb98                memq_peek
 .text.memq_dequeue
                0x000000000000eba8       0x20 subsys/bluetooth/controller/libsubsys__bluetooth__controller.a(memq.c.obj)
                0x000000000000eba8                memq_dequeue
 .text.mayfly_init
                0x000000000000ebc8       0x40 subsys/bluetooth/controller/libsubsys__bluetooth__controller.a(mayfly.c.obj)
                0x000000000000ebc8                mayfly_init
 .text.mayfly_enable
                0x000000000000ec08       0x68 subsys/bluetooth/controller/libsubsys__bluetooth__controller.a(mayfly.c.obj)
                0x000000000000ec08                mayfly_enable
 .text.mayfly_enqueue
                0x000000000000ec70       0xa8 subsys/bluetooth/controller/libsubsys__bluetooth__controller.a(mayfly.c.obj)
                0x000000000000ec70                mayfly_enqueue
 .text.mayfly_run
                0x000000000000ed18      0x144 subsys/bluetooth/controller/libsubsys__bluetooth__controller.a(mayfly.c.obj)
                0x000000000000ed18                mayfly_run
 .text.util_ones_count_get
                0x000000000000ee5c       0x30 subsys/bluetooth/controller/libsubsys__bluetooth__controller.a(util.c.obj)
                0x000000000000ee5c                util_ones_count_get
 .text.ticker_worker
                0x000000000000ee8c      0x284 subsys/bluetooth/controller/libsubsys__bluetooth__controller.a(ticker.c.obj)
                0x000000000000ee8c                ticker_worker
 .text.ticker_job
                0x000000000000f110      0xe44 subsys/bluetooth/controller/libsubsys__bluetooth__controller.a(ticker.c.obj)
                0x000000000000f110                ticker_job
 .text.ticker_init
                0x000000000000ff54       0x98 subsys/bluetooth/controller/libsubsys__bluetooth__controller.a(ticker.c.obj)
                0x000000000000ff54                ticker_init
 .text.ticker_is_initialized
                0x000000000000ffec       0x18 subsys/bluetooth/controller/libsubsys__bluetooth__controller.a(ticker.c.obj)
                0x000000000000ffec                ticker_is_initialized
 .text.ticker_trigger
                0x0000000000010004       0x30 subsys/bluetooth/controller/libsubsys__bluetooth__controller.a(ticker.c.obj)
                0x0000000000010004                ticker_trigger
 .text.ticker_start_ext
                0x0000000000010034       0xac subsys/bluetooth/controller/libsubsys__bluetooth__controller.a(ticker.c.obj)
                0x0000000000010034                ticker_start_ext
 .text.ticker_start
                0x00000000000100e0       0x38 subsys/bluetooth/controller/libsubsys__bluetooth__controller.a(ticker.c.obj)
                0x00000000000100e0                ticker_start
 .text.ticker_update
                0x0000000000010118       0xa0 subsys/bluetooth/controller/libsubsys__bluetooth__controller.a(ticker.c.obj)
                0x0000000000010118                ticker_update
 .text.ticker_stop
                0x00000000000101b8       0x8c subsys/bluetooth/controller/libsubsys__bluetooth__controller.a(ticker.c.obj)
                0x00000000000101b8                ticker_stop
 .text.ticker_ticks_now_get
                0x0000000000010244        0x4 subsys/bluetooth/controller/libsubsys__bluetooth__controller.a(ticker.c.obj)
                0x0000000000010244                ticker_ticks_now_get
 .text.ticker_ticks_diff_get
                0x0000000000010248        0x8 subsys/bluetooth/controller/libsubsys__bluetooth__controller.a(ticker.c.obj)
                0x0000000000010248                ticker_ticks_diff_get
 .text.ll_addr_get
                0x0000000000010250       0x3c subsys/bluetooth/controller/libsubsys__bluetooth__controller.a(ll_addr.c.obj)
                0x0000000000010250                ll_addr_get
 .text.ll_addr_set
                0x000000000001028c       0x38 subsys/bluetooth/controller/libsubsys__bluetooth__controller.a(ll_addr.c.obj)
                0x000000000001028c                ll_addr_set
 .text.ll_tx_pwr_lvl_get
                0x00000000000102c4       0x20 subsys/bluetooth/controller/libsubsys__bluetooth__controller.a(ll_tx_pwr.c.obj)
                0x00000000000102c4                ll_tx_pwr_lvl_get
 .text.ll_tx_pwr_get
                0x00000000000102e4        0x8 subsys/bluetooth/controller/libsubsys__bluetooth__controller.a(ll_tx_pwr.c.obj)
                0x00000000000102e4                ll_tx_pwr_get
 .text.hci_driver_init
                0x00000000000102ec       0x10 subsys/bluetooth/controller/libsubsys__bluetooth__controller.a(hci_driver.c.obj)
 .text.recv_thread
                0x00000000000102fc       0xf0 subsys/bluetooth/controller/libsubsys__bluetooth__controller.a(hci_driver.c.obj)
 .text.prio_recv_thread
                0x00000000000103ec       0xc0 subsys/bluetooth/controller/libsubsys__bluetooth__controller.a(hci_driver.c.obj)
 .text.hci_driver_send
                0x00000000000104ac       0xb0 subsys/bluetooth/controller/libsubsys__bluetooth__controller.a(hci_driver.c.obj)
 .text.hci_driver_open
                0x000000000001055c       0xbc subsys/bluetooth/controller/libsubsys__bluetooth__controller.a(hci_driver.c.obj)
 .text.meta_evt
                0x0000000000010618       0x30 subsys/bluetooth/controller/libsubsys__bluetooth__controller.a(hci.c.obj)
 .text.encrypt_change.part.0
                0x0000000000010648       0x34 subsys/bluetooth/controller/libsubsys__bluetooth__controller.a(hci.c.obj)
 .text.le_remote_feat_complete
                0x000000000001067c       0x6c subsys/bluetooth/controller/libsubsys__bluetooth__controller.a(hci.c.obj)
 .text.hci_disconn_complete_encode.part.0
                0x00000000000106e8       0x30 subsys/bluetooth/controller/libsubsys__bluetooth__controller.a(hci.c.obj)
 .text.hci_cmd_complete
                0x0000000000010718       0x20 subsys/bluetooth/controller/libsubsys__bluetooth__controller.a(hci.c.obj)
                0x0000000000010718                hci_cmd_complete
 .text.hci_vendor_cmd_handle_common
                0x0000000000010738      0x11c subsys/bluetooth/controller/libsubsys__bluetooth__controller.a(hci.c.obj)
                0x0000000000010738                hci_vendor_cmd_handle_common
 .text.hci_cmd_handle
                0x0000000000010854      0x810 subsys/bluetooth/controller/libsubsys__bluetooth__controller.a(hci.c.obj)
                0x0000000000010854                hci_cmd_handle
 .text.hci_acl_handle
                0x0000000000011064      0x130 subsys/bluetooth/controller/libsubsys__bluetooth__controller.a(hci.c.obj)
                0x0000000000011064                hci_acl_handle
 .text.hci_disconn_complete_encode
                0x0000000000011194       0x20 subsys/bluetooth/controller/libsubsys__bluetooth__controller.a(hci.c.obj)
                0x0000000000011194                hci_disconn_complete_encode
 .text.hci_disconn_complete_process
                0x00000000000111b4       0x10 subsys/bluetooth/controller/libsubsys__bluetooth__controller.a(hci.c.obj)
                0x00000000000111b4                hci_disconn_complete_process
 .text.hci_acl_encode
                0x00000000000111c4       0x74 subsys/bluetooth/controller/libsubsys__bluetooth__controller.a(hci.c.obj)
                0x00000000000111c4                hci_acl_encode
 .text.hci_evt_encode
                0x0000000000011238      0x4f0 subsys/bluetooth/controller/libsubsys__bluetooth__controller.a(hci.c.obj)
                0x0000000000011238                hci_evt_encode
 .text.hci_num_cmplt_encode
                0x0000000000011728       0x30 subsys/bluetooth/controller/libsubsys__bluetooth__controller.a(hci.c.obj)
                0x0000000000011728                hci_num_cmplt_encode
 .text.hci_get_class
                0x0000000000011758       0x2c subsys/bluetooth/controller/libsubsys__bluetooth__controller.a(hci.c.obj)
                0x0000000000011758                hci_get_class
 .text.hci_init
                0x0000000000011784       0x40 subsys/bluetooth/controller/libsubsys__bluetooth__controller.a(hci.c.obj)
                0x0000000000011784                hci_init
 .text.bt_rand  0x00000000000117c4        0x4 subsys/bluetooth/controller/libsubsys__bluetooth__controller.a(crypto.c.obj)
                0x00000000000117c4                bt_rand
 .text.bt_encrypt_le
                0x00000000000117c8        0xc subsys/bluetooth/controller/libsubsys__bluetooth__controller.a(crypto.c.obj)
                0x00000000000117c8                bt_encrypt_le
 .text.perform_lll_reset
                0x00000000000117d4       0x94 subsys/bluetooth/controller/libsubsys__bluetooth__controller.a(ull.c.obj)
 .text.disabled_cb
                0x0000000000011868        0x4 subsys/bluetooth/controller/libsubsys__bluetooth__controller.a(ull.c.obj)
 .text.tx_cmplt_get
                0x000000000001186c       0xcc subsys/bluetooth/controller/libsubsys__bluetooth__controller.a(ull.c.obj)
 .text.rx_demux
                0x0000000000011938      0x3ac subsys/bluetooth/controller/libsubsys__bluetooth__controller.a(ull.c.obj)
 .text.ll_init  0x0000000000011ce4      0x2c8 subsys/bluetooth/controller/libsubsys__bluetooth__controller.a(ull.c.obj)
                0x0000000000011ce4                ll_init
 .text.ll_reset
                0x0000000000011fac      0x2c0 subsys/bluetooth/controller/libsubsys__bluetooth__controller.a(ull.c.obj)
                0x0000000000011fac                ll_reset
 .text.ll_rx_get
                0x000000000001226c      0x1b4 subsys/bluetooth/controller/libsubsys__bluetooth__controller.a(ull.c.obj)
                0x000000000001226c                ll_rx_get
 .text.ll_rx_dequeue
                0x0000000000012420      0x19c subsys/bluetooth/controller/libsubsys__bluetooth__controller.a(ull.c.obj)
                0x0000000000012420                ll_rx_dequeue
 .text.ll_rx_mem_release
                0x00000000000125bc      0x250 subsys/bluetooth/controller/libsubsys__bluetooth__controller.a(ull.c.obj)
                0x00000000000125bc                ll_rx_mem_release
 .text.ll_rx_link_alloc
                0x000000000001280c        0xc subsys/bluetooth/controller/libsubsys__bluetooth__controller.a(ull.c.obj)
                0x000000000001280c                ll_rx_link_alloc
 .text.ll_rx_link_release
                0x0000000000012818        0xc subsys/bluetooth/controller/libsubsys__bluetooth__controller.a(ull.c.obj)
                0x0000000000012818                ll_rx_link_release
 .text.ll_rx_alloc
                0x0000000000012824        0xc subsys/bluetooth/controller/libsubsys__bluetooth__controller.a(ull.c.obj)
                0x0000000000012824                ll_rx_alloc
 .text.ll_rx_release
                0x0000000000012830        0xc subsys/bluetooth/controller/libsubsys__bluetooth__controller.a(ull.c.obj)
                0x0000000000012830                ll_rx_release
 .text.ll_rx_put
                0x000000000001283c       0x14 subsys/bluetooth/controller/libsubsys__bluetooth__controller.a(ull.c.obj)
                0x000000000001283c                ll_rx_put
 .text.ll_rx_sched
                0x0000000000012850        0xc subsys/bluetooth/controller/libsubsys__bluetooth__controller.a(ull.c.obj)
                0x0000000000012850                ll_rx_sched
 .text.ll_pdu_rx_alloc_peek
                0x000000000001285c       0x3c subsys/bluetooth/controller/libsubsys__bluetooth__controller.a(ull.c.obj)
                0x000000000001285c                ll_pdu_rx_alloc_peek
 .text.ll_pdu_rx_alloc
                0x0000000000012898       0x30 subsys/bluetooth/controller/libsubsys__bluetooth__controller.a(ull.c.obj)
                0x0000000000012898                ll_pdu_rx_alloc
 .text.ll_tx_ack_put
                0x00000000000128c8       0x60 subsys/bluetooth/controller/libsubsys__bluetooth__controller.a(ull.c.obj)
                0x00000000000128c8                ll_tx_ack_put
 .text.ll_timeslice_ticker_id_get
                0x0000000000012928        0xc subsys/bluetooth/controller/libsubsys__bluetooth__controller.a(ull.c.obj)
                0x0000000000012928                ll_timeslice_ticker_id_get
 .text.ll_radio_state_abort
                0x0000000000012934       0x40 subsys/bluetooth/controller/libsubsys__bluetooth__controller.a(ull.c.obj)
                0x0000000000012934                ll_radio_state_abort
 .text.ull_ticker_status_give
                0x0000000000012974        0xc subsys/bluetooth/controller/libsubsys__bluetooth__controller.a(ull.c.obj)
                0x0000000000012974                ull_ticker_status_give
 .text.ull_ticker_status_take
                0x0000000000012980       0x1c subsys/bluetooth/controller/libsubsys__bluetooth__controller.a(ull.c.obj)
                0x0000000000012980                ull_ticker_status_take
 .text.ull_disable_mark
                0x000000000001299c       0x18 subsys/bluetooth/controller/libsubsys__bluetooth__controller.a(ull.c.obj)
                0x000000000001299c                ull_disable_mark
 .text.ull_disable_unmark
                0x00000000000129b4       0x18 subsys/bluetooth/controller/libsubsys__bluetooth__controller.a(ull.c.obj)
                0x00000000000129b4                ull_disable_unmark
 .text.ull_disable_mark_get
                0x00000000000129cc        0xc subsys/bluetooth/controller/libsubsys__bluetooth__controller.a(ull.c.obj)
                0x00000000000129cc                ull_disable_mark_get
 .text.ull_update_mark
                0x00000000000129d8       0x18 subsys/bluetooth/controller/libsubsys__bluetooth__controller.a(ull.c.obj)
                0x00000000000129d8                ull_update_mark
 .text.ull_update_unmark
                0x00000000000129f0       0x18 subsys/bluetooth/controller/libsubsys__bluetooth__controller.a(ull.c.obj)
                0x00000000000129f0                ull_update_unmark
 .text.ull_update_mark_get
                0x0000000000012a08        0xc subsys/bluetooth/controller/libsubsys__bluetooth__controller.a(ull.c.obj)
                0x0000000000012a08                ull_update_mark_get
 .text.ull_disable
                0x0000000000012a14       0x7c subsys/bluetooth/controller/libsubsys__bluetooth__controller.a(ull.c.obj)
                0x0000000000012a14                ull_disable
 .text.ull_pdu_rx_alloc_peek
                0x0000000000012a90       0x3c subsys/bluetooth/controller/libsubsys__bluetooth__controller.a(ull.c.obj)
                0x0000000000012a90                ull_pdu_rx_alloc_peek
 .text.ull_pdu_rx_alloc
                0x0000000000012acc       0x30 subsys/bluetooth/controller/libsubsys__bluetooth__controller.a(ull.c.obj)
                0x0000000000012acc                ull_pdu_rx_alloc
 .text.ull_rx_put
                0x0000000000012afc       0x20 subsys/bluetooth/controller/libsubsys__bluetooth__controller.a(ull.c.obj)
                0x0000000000012afc                ull_rx_put
 .text.ull_rx_sched
                0x0000000000012b1c       0x10 subsys/bluetooth/controller/libsubsys__bluetooth__controller.a(ull.c.obj)
                0x0000000000012b1c                ull_rx_sched
 .text.ull_prepare_enqueue
                0x0000000000012b2c       0x70 subsys/bluetooth/controller/libsubsys__bluetooth__controller.a(ull.c.obj)
                0x0000000000012b2c                ull_prepare_enqueue
 .text.ull_prepare_dequeue_get
                0x0000000000012b9c       0x1c subsys/bluetooth/controller/libsubsys__bluetooth__controller.a(ull.c.obj)
                0x0000000000012b9c                ull_prepare_dequeue_get
 .text.ull_prepare_dequeue_iter
                0x0000000000012bb8       0x3c subsys/bluetooth/controller/libsubsys__bluetooth__controller.a(ull.c.obj)
                0x0000000000012bb8                ull_prepare_dequeue_iter
 .text.ull_event_done_extra_get
                0x0000000000012bf4       0x20 subsys/bluetooth/controller/libsubsys__bluetooth__controller.a(ull.c.obj)
                0x0000000000012bf4                ull_event_done_extra_get
 .text.ull_event_done
                0x0000000000012c14       0x60 subsys/bluetooth/controller/libsubsys__bluetooth__controller.a(ull.c.obj)
                0x0000000000012c14                ull_event_done
 .text.disabled_cb
                0x0000000000012c74       0xa4 subsys/bluetooth/controller/libsubsys__bluetooth__controller.a(ull_adv.c.obj)
 .text.ticker_cb
                0x0000000000012d18      0x130 subsys/bluetooth/controller/libsubsys__bluetooth__controller.a(ull_adv.c.obj)
 .text.ticker_op_stop_cb
                0x0000000000012e48       0xa0 subsys/bluetooth/controller/libsubsys__bluetooth__controller.a(ull_adv.c.obj)
 .text.ticker_op_update_cb
                0x0000000000012ee8       0x38 subsys/bluetooth/controller/libsubsys__bluetooth__controller.a(ull_adv.c.obj)
 .text.ticker_stop_cb
                0x0000000000012f20       0x84 subsys/bluetooth/controller/libsubsys__bluetooth__controller.a(ull_adv.c.obj)
 .text.conn_release.constprop.0
                0x0000000000012fa4       0x8c subsys/bluetooth/controller/libsubsys__bluetooth__controller.a(ull_adv.c.obj)
 .text.ll_adv_params_set
                0x0000000000013030      0x14c subsys/bluetooth/controller/libsubsys__bluetooth__controller.a(ull_adv.c.obj)
                0x0000000000013030                ll_adv_params_set
 .text.ull_adv_init
                0x000000000001317c        0x4 subsys/bluetooth/controller/libsubsys__bluetooth__controller.a(ull_adv.c.obj)
                0x000000000001317c                ull_adv_init
 .text.ull_adv_reset
                0x0000000000013180      0x138 subsys/bluetooth/controller/libsubsys__bluetooth__controller.a(ull_adv.c.obj)
                0x0000000000013180                ull_adv_reset
 .text.ull_adv_handle_get
                0x00000000000132b8       0x18 subsys/bluetooth/controller/libsubsys__bluetooth__controller.a(ull_adv.c.obj)
                0x00000000000132b8                ull_adv_handle_get
 .text.ull_adv_lll_handle_get
                0x00000000000132d0       0x1c subsys/bluetooth/controller/libsubsys__bluetooth__controller.a(ull_adv.c.obj)
                0x00000000000132d0                ull_adv_lll_handle_get
 .text.ull_adv_is_enabled_get
                0x00000000000132ec       0x1c subsys/bluetooth/controller/libsubsys__bluetooth__controller.a(ull_adv.c.obj)
                0x00000000000132ec                ull_adv_is_enabled_get
 .text.ull_adv_is_enabled
                0x0000000000013308       0x18 subsys/bluetooth/controller/libsubsys__bluetooth__controller.a(ull_adv.c.obj)
                0x0000000000013308                ull_adv_is_enabled
 .text.ull_adv_filter_pol_get
                0x0000000000013320       0x20 subsys/bluetooth/controller/libsubsys__bluetooth__controller.a(ull_adv.c.obj)
                0x0000000000013320                ull_adv_filter_pol_get
 .text.ull_adv_data_set
                0x0000000000013340       0xa0 subsys/bluetooth/controller/libsubsys__bluetooth__controller.a(ull_adv.c.obj)
                0x0000000000013340                ull_adv_data_set
 .text.ll_adv_data_set
                0x00000000000133e0       0x10 subsys/bluetooth/controller/libsubsys__bluetooth__controller.a(ull_adv.c.obj)
                0x00000000000133e0                ll_adv_data_set
 .text.ull_scan_rsp_set
                0x00000000000133f0       0x84 subsys/bluetooth/controller/libsubsys__bluetooth__controller.a(ull_adv.c.obj)
                0x00000000000133f0                ull_scan_rsp_set
 .text.ll_adv_scan_rsp_set
                0x0000000000013474       0x10 subsys/bluetooth/controller/libsubsys__bluetooth__controller.a(ull_adv.c.obj)
                0x0000000000013474                ll_adv_scan_rsp_set
 .text.tx_ull_dequeue
                0x0000000000013484       0x84 subsys/bluetooth/controller/libsubsys__bluetooth__controller.a(ull_conn.c.obj)
 .text.ticker_update_latency_cancel_op_cb
                0x0000000000013508       0x48 subsys/bluetooth/controller/libsubsys__bluetooth__controller.a(ull_conn.c.obj)
 .text.ctrl_tx_pause_enqueue
                0x0000000000013550       0xb0 subsys/bluetooth/controller/libsubsys__bluetooth__controller.a(ull_conn.c.obj)
 .text.init_reset
                0x0000000000013600       0x74 subsys/bluetooth/controller/libsubsys__bluetooth__controller.a(ull_conn.c.obj)
 .text.tx_lll_flush
                0x0000000000013674       0xf8 subsys/bluetooth/controller/libsubsys__bluetooth__controller.a(ull_conn.c.obj)
 .text.ticker_start_conn_op_cb
                0x000000000001376c       0x58 subsys/bluetooth/controller/libsubsys__bluetooth__controller.a(ull_conn.c.obj)
 .text.ticker_stop_conn_op_cb
                0x00000000000137c4       0x58 subsys/bluetooth/controller/libsubsys__bluetooth__controller.a(ull_conn.c.obj)
 .text.ticker_update_conn_op_cb
                0x000000000001381c       0x40 subsys/bluetooth/controller/libsubsys__bluetooth__controller.a(ull_conn.c.obj)
 .text.ticker_op_stop_cb
                0x000000000001385c       0x64 subsys/bluetooth/controller/libsubsys__bluetooth__controller.a(ull_conn.c.obj)
 .text.reject_ext_ind_send.isra.0
                0x00000000000138c0       0xa4 subsys/bluetooth/controller/libsubsys__bluetooth__controller.a(ull_conn.c.obj)
 .text.start_enc_rsp_send
                0x0000000000013964       0xc4 subsys/bluetooth/controller/libsubsys__bluetooth__controller.a(ull_conn.c.obj)
 .text.ctrl_tx_sec_enqueue
                0x0000000000013a28      0x124 subsys/bluetooth/controller/libsubsys__bluetooth__controller.a(ull_conn.c.obj)
 .text.feature_rsp_send.isra.0
                0x0000000000013b4c       0xa8 subsys/bluetooth/controller/libsubsys__bluetooth__controller.a(ull_conn.c.obj)
 .text.ll_conn_acquire
                0x0000000000013bf4        0xc subsys/bluetooth/controller/libsubsys__bluetooth__controller.a(ull_conn.c.obj)
                0x0000000000013bf4                ll_conn_acquire
 .text.ll_conn_release
                0x0000000000013c00        0xc subsys/bluetooth/controller/libsubsys__bluetooth__controller.a(ull_conn.c.obj)
                0x0000000000013c00                ll_conn_release
 .text.ll_conn_handle_get
                0x0000000000013c0c       0x10 subsys/bluetooth/controller/libsubsys__bluetooth__controller.a(ull_conn.c.obj)
                0x0000000000013c0c                ll_conn_handle_get
 .text.ll_conn_get
                0x0000000000013c1c       0x10 subsys/bluetooth/controller/libsubsys__bluetooth__controller.a(ull_conn.c.obj)
                0x0000000000013c1c                ll_conn_get
 .text.ll_connected_get
                0x0000000000013c2c       0x24 subsys/bluetooth/controller/libsubsys__bluetooth__controller.a(ull_conn.c.obj)
                0x0000000000013c2c                ll_connected_get
 .text.ll_tx_mem_acquire
                0x0000000000013c50        0xc subsys/bluetooth/controller/libsubsys__bluetooth__controller.a(ull_conn.c.obj)
                0x0000000000013c50                ll_tx_mem_acquire
 .text.ll_tx_mem_release
                0x0000000000013c5c        0xc subsys/bluetooth/controller/libsubsys__bluetooth__controller.a(ull_conn.c.obj)
                0x0000000000013c5c                ll_tx_mem_release
 .text.ll_tx_mem_enqueue
                0x0000000000013c68       0xdc subsys/bluetooth/controller/libsubsys__bluetooth__controller.a(ull_conn.c.obj)
                0x0000000000013c68                ll_tx_mem_enqueue
 .text.ll_conn_update
                0x0000000000013d44      0x108 subsys/bluetooth/controller/libsubsys__bluetooth__controller.a(ull_conn.c.obj)
                0x0000000000013d44                ll_conn_update
 .text.ll_chm_get
                0x0000000000013e4c       0x40 subsys/bluetooth/controller/libsubsys__bluetooth__controller.a(ull_conn.c.obj)
                0x0000000000013e4c                ll_chm_get
 .text.ll_terminate_ind_send
                0x0000000000013e8c       0x34 subsys/bluetooth/controller/libsubsys__bluetooth__controller.a(ull_conn.c.obj)
                0x0000000000013e8c                ll_terminate_ind_send
 .text.ll_feature_req_send
                0x0000000000013ec0       0x38 subsys/bluetooth/controller/libsubsys__bluetooth__controller.a(ull_conn.c.obj)
                0x0000000000013ec0                ll_feature_req_send
 .text.ll_version_ind_send
                0x0000000000013ef8       0x38 subsys/bluetooth/controller/libsubsys__bluetooth__controller.a(ull_conn.c.obj)
                0x0000000000013ef8                ll_version_ind_send
 .text.ll_length_req_send
                0x0000000000013f30       0x94 subsys/bluetooth/controller/libsubsys__bluetooth__controller.a(ull_conn.c.obj)
                0x0000000000013f30                ll_length_req_send
 .text.ll_length_default_get
                0x0000000000013fc4       0x18 subsys/bluetooth/controller/libsubsys__bluetooth__controller.a(ull_conn.c.obj)
                0x0000000000013fc4                ll_length_default_get
 .text.ll_length_default_set
                0x0000000000013fdc       0x14 subsys/bluetooth/controller/libsubsys__bluetooth__controller.a(ull_conn.c.obj)
                0x0000000000013fdc                ll_length_default_set
 .text.ll_length_max_get
                0x0000000000013ff0       0x14 subsys/bluetooth/controller/libsubsys__bluetooth__controller.a(ull_conn.c.obj)
                0x0000000000013ff0                ll_length_max_get
 .text.ll_phy_get
                0x0000000000014004       0x3c subsys/bluetooth/controller/libsubsys__bluetooth__controller.a(ull_conn.c.obj)
                0x0000000000014004                ll_phy_get
 .text.ll_phy_default_set
                0x0000000000014040       0x14 subsys/bluetooth/controller/libsubsys__bluetooth__controller.a(ull_conn.c.obj)
                0x0000000000014040                ll_phy_default_set
 .text.ll_phy_req_send
                0x0000000000014054       0x98 subsys/bluetooth/controller/libsubsys__bluetooth__controller.a(ull_conn.c.obj)
                0x0000000000014054                ll_phy_req_send
 .text.ll_apto_get
                0x00000000000140ec       0x48 subsys/bluetooth/controller/libsubsys__bluetooth__controller.a(ull_conn.c.obj)
                0x00000000000140ec                ll_apto_get
 .text.ll_apto_set
                0x0000000000014134       0x44 subsys/bluetooth/controller/libsubsys__bluetooth__controller.a(ull_conn.c.obj)
                0x0000000000014134                ll_apto_set
 .text.ull_conn_init